<html>
<body>
<pre>
<h1>µVision Build Log</h1>
<h2>Tool Versions:</h2>
IDE-Version: ¦ÌVision V5.25.3.0
Copyright (C) 2018 ARM Ltd and ARM Germany GmbH. All rights reserved.
License Information: 1 Microsoft, Microsoft, LIC=S5ITG-V5G2Q-BXVUY-I5T0J-4HUEL-MI8C5
 
Tool Versions:
Toolchain:       MDK-ARM Professional  Version: 5.25.2.0
Toolchain Path:  D:\Keil_v5\ARM\ARMCC\Bin
C Compiler:      Armcc.exe V5.06 update 6 (build 750)
Assembler:       Armasm.exe V5.06 update 6 (build 750)
Linker/Locator:  ArmLink.exe V5.06 update 6 (build 750)
Library Manager: ArmAr.exe V5.06 update 6 (build 750)
Hex Converter:   FromElf.exe V5.06 update 6 (build 750)
CPU DLL:         SARMCM3.DLL V5.25.2.0
Dialog DLL:      DCM.DLL V1.17.1.0
Target DLL:      Segger\JL2CM3.dll V2.99.29.0
Dialog DLL:      TCM.DLL V1.35.1.0
 
<h2>Project:</h2>
F:\2520S\Project\RVMDK£¨uv5£©\BH-F429.uvprojx
Project File Date:  03/01/2019

<h2>Output:</h2>
*** Using Compiler 'V5.06 update 6 (build 750)', folder: 'D:\Keil_v5\ARM\ARMCC\Bin'
Build target '¹¤³ÌÄ£°å'
compiling stm32f4xx_it.c...
..\..\User\stm32f4xx_it.c(326): warning:  #177-D: variable "dat"  was declared but never referenced
        u8 dat;
..\..\User\stm32f4xx_it.c(405): warning:  #177-D: variable "crec"  was declared but never referenced
      u8 crec[6];
..\..\User\stm32f4xx_it.c(406): warning:  #177-D: variable "csend"  was declared but never referenced
      u8 *csend;
..\..\User\stm32f4xx_it.c(407): warning:  #177-D: variable "sendbuf"  was declared but never referenced
      static u8 *sendbuf;
..\..\User\stm32f4xx_it.c(408): warning:  #177-D: variable "sendlen"  was declared but never referenced
      u8 sendlen;
..\..\User\stm32f4xx_it.c(409): warning:  #177-D: variable "recrc"  was declared but never referenced
      static u16 recrc;
..\..\User\stm32f4xx_it.c(410): warning:  #177-D: variable "scrc"  was declared but never referenced
      static u16 scrc;
..\..\User\stm32f4xx_it.c(411): warning:  #177-D: variable "i"  was declared but never referenced
      u8 i;
..\..\User\stm32f4xx_it.c(434): warning:  #177-D: variable "sendunit"  was declared but never referenced
        static u32 sendunit;
..\..\User\stm32f4xx_it.c(435): warning:  #177-D: variable "sendrvalue"  was declared but never referenced
        static u32 sendrvalue;
..\..\User\stm32f4xx_it.c(749): warning:  #550-D: variable "reg"  was set but never used
      uint16_t reg;
..\..\User\stm32f4xx_it.c(750): warning:  #550-D: variable "value"  was set but never used
        uint16_t value;
..\..\User\stm32f4xx_it.c(896): warning:  #223-D: function "MODS_Poll" declared implicitly
          MODS_Poll();
..\..\User\stm32f4xx_it.c(170): warning:  #177-D: function "MODS_SendAckErr"  was declared but never referenced
  static void MODS_SendAckErr(uint8_t _ucErrCode)
..\..\User\stm32f4xx_it.c(190): warning:  #177-D: function "MODS_SendAckOk"  was declared but never referenced
  static void MODS_SendAckOk(void)
..\..\User\stm32f4xx_it.c: 15 warnings, 0 errors
linking...
Program Size: Code=76356 RO-data=593972 RW-data=388 ZI-data=32804  
FromELF: creating hex file...
"..\..\Output\Template.axf" - 0 Error(s), 15 Warning(s).

<h2>Software Packages used:</h2>

Package Vendor: Keil
                http://www.keil.com/pack/Keil.STM32F4xx_DFP.2.12.0.pack
                Keil.STM32F4xx_DFP.2.12.0
                STMicroelectronics STM32F4 Series Device Support, Drivers and Examples

<h2>Collection of Component include folders:</h2>
  .\RTE\_________
  D:\Keil_v5\ARM\PACK\Keil\STM32F4xx_DFP\2.12.0\Drivers\CMSIS\Device\ST\STM32F4xx\Include

<h2>Collection of Component Files used:</h2>
Build Time Elapsed:  00:00:02
</pre>
</body>
</html>
