Component: ARM Compiler 5.06 update 6 (build 750) Tool: armlink [4d35ed]

==============================================================================

Section Cross References

    startup_stm32f429_439xx.o(RESET) refers to startup_stm32f429_439xx.o(STACK) for __initial_sp
    startup_stm32f429_439xx.o(RESET) refers to startup_stm32f429_439xx.o(.text) for Reset_Handler
    startup_stm32f429_439xx.o(RESET) refers to stm32f4xx_it.o(i.NMI_Handler) for NMI_Handler
    startup_stm32f429_439xx.o(RESET) refers to stm32f4xx_it.o(i.HardFault_Handler) for HardFault_Handler
    startup_stm32f429_439xx.o(RESET) refers to stm32f4xx_it.o(i.MemManage_Handler) for MemManage_Handler
    startup_stm32f429_439xx.o(RESET) refers to stm32f4xx_it.o(i.BusFault_Handler) for BusFault_Handler
    startup_stm32f429_439xx.o(RESET) refers to stm32f4xx_it.o(i.UsageFault_Handler) for UsageFault_Handler
    startup_stm32f429_439xx.o(RESET) refers to stm32f4xx_it.o(i.SVC_Handler) for SVC_Handler
    startup_stm32f429_439xx.o(RESET) refers to stm32f4xx_it.o(i.DebugMon_Handler) for DebugMon_Handler
    startup_stm32f429_439xx.o(RESET) refers to stm32f4xx_it.o(i.PendSV_Handler) for PendSV_Handler
    startup_stm32f429_439xx.o(RESET) refers to stm32f4xx_it.o(i.SysTick_Handler) for SysTick_Handler
    startup_stm32f429_439xx.o(RESET) refers to bsp_rtc.o(i.RTC_WKUP_IRQHandler) for RTC_WKUP_IRQHandler
    startup_stm32f429_439xx.o(RESET) refers to stm32f4xx_it.o(i.EXTI3_IRQHandler) for EXTI3_IRQHandler
    startup_stm32f429_439xx.o(RESET) refers to stm32f4xx_it.o(i.TIM2_IRQHandler) for TIM2_IRQHandler
    startup_stm32f429_439xx.o(RESET) refers to stm32f4xx_it.o(i.USART3_IRQHandler) for USART3_IRQHandler
    startup_stm32f429_439xx.o(RESET) refers to stm32f4xx_it.o(i.EXTI15_10_IRQHandler) for EXTI15_10_IRQHandler
    startup_stm32f429_439xx.o(RESET) refers to stm32f4xx_it.o(i.TIM6_DAC_IRQHandler) for TIM6_DAC_IRQHandler
    startup_stm32f429_439xx.o(RESET) refers to stm32f4xx_it.o(i.OTG_HS_IRQHandler) for OTG_HS_IRQHandler
    startup_stm32f429_439xx.o(.text) refers to system_stm32f4xx.o(i.SystemInit) for SystemInit
    startup_stm32f429_439xx.o(.text) refers to entry.o(.ARM.Collect$$$$00000000) for __main
    system_stm32f4xx.o(i.SystemCoreClockUpdate) refers to system_stm32f4xx.o(.data) for .data
    system_stm32f4xx.o(i.SystemInit) refers to system_stm32f4xx.o(i.SetSysClock) for SetSysClock
    stm32f4xx_adc.o(i.ADC_DeInit) refers to stm32f4xx_rcc.o(i.RCC_APB2PeriphResetCmd) for RCC_APB2PeriphResetCmd
    stm32f4xx_can.o(i.CAN_DeInit) refers to stm32f4xx_rcc.o(i.RCC_APB1PeriphResetCmd) for RCC_APB1PeriphResetCmd
    stm32f4xx_can.o(i.CAN_GetITStatus) refers to stm32f4xx_can.o(i.CheckITStatus) for CheckITStatus
    stm32f4xx_cryp.o(i.CRYP_DeInit) refers to stm32f4xx_rcc.o(i.RCC_AHB2PeriphResetCmd) for RCC_AHB2PeriphResetCmd
    stm32f4xx_cryp_aes.o(i.CRYP_AES_CBC) refers to stm32f4xx_cryp.o(i.CRYP_KeyStructInit) for CRYP_KeyStructInit
    stm32f4xx_cryp_aes.o(i.CRYP_AES_CBC) refers to stm32f4xx_cryp.o(i.CRYP_KeyInit) for CRYP_KeyInit
    stm32f4xx_cryp_aes.o(i.CRYP_AES_CBC) refers to stm32f4xx_cryp.o(i.CRYP_Init) for CRYP_Init
    stm32f4xx_cryp_aes.o(i.CRYP_AES_CBC) refers to stm32f4xx_cryp.o(i.CRYP_IVInit) for CRYP_IVInit
    stm32f4xx_cryp_aes.o(i.CRYP_AES_CBC) refers to stm32f4xx_cryp.o(i.CRYP_FIFOFlush) for CRYP_FIFOFlush
    stm32f4xx_cryp_aes.o(i.CRYP_AES_CBC) refers to stm32f4xx_cryp.o(i.CRYP_Cmd) for CRYP_Cmd
    stm32f4xx_cryp_aes.o(i.CRYP_AES_CBC) refers to stm32f4xx_cryp.o(i.CRYP_GetCmdStatus) for CRYP_GetCmdStatus
    stm32f4xx_cryp_aes.o(i.CRYP_AES_CBC) refers to stm32f4xx_cryp.o(i.CRYP_GetFlagStatus) for CRYP_GetFlagStatus
    stm32f4xx_cryp_aes.o(i.CRYP_AES_CBC) refers to stm32f4xx_cryp.o(i.CRYP_DataIn) for CRYP_DataIn
    stm32f4xx_cryp_aes.o(i.CRYP_AES_CBC) refers to stm32f4xx_cryp.o(i.CRYP_DataOut) for CRYP_DataOut
    stm32f4xx_cryp_aes.o(i.CRYP_AES_CCM) refers to stm32f4xx_cryp.o(i.CRYP_KeyStructInit) for CRYP_KeyStructInit
    stm32f4xx_cryp_aes.o(i.CRYP_AES_CCM) refers to stm32f4xx_cryp.o(i.CRYP_FIFOFlush) for CRYP_FIFOFlush
    stm32f4xx_cryp_aes.o(i.CRYP_AES_CCM) refers to stm32f4xx_cryp.o(i.CRYP_KeyInit) for CRYP_KeyInit
    stm32f4xx_cryp_aes.o(i.CRYP_AES_CCM) refers to stm32f4xx_cryp.o(i.CRYP_IVInit) for CRYP_IVInit
    stm32f4xx_cryp_aes.o(i.CRYP_AES_CCM) refers to stm32f4xx_cryp.o(i.CRYP_Init) for CRYP_Init
    stm32f4xx_cryp_aes.o(i.CRYP_AES_CCM) refers to stm32f4xx_cryp.o(i.CRYP_PhaseConfig) for CRYP_PhaseConfig
    stm32f4xx_cryp_aes.o(i.CRYP_AES_CCM) refers to stm32f4xx_cryp.o(i.CRYP_DataIn) for CRYP_DataIn
    stm32f4xx_cryp_aes.o(i.CRYP_AES_CCM) refers to stm32f4xx_cryp.o(i.CRYP_Cmd) for CRYP_Cmd
    stm32f4xx_cryp_aes.o(i.CRYP_AES_CCM) refers to stm32f4xx_cryp.o(i.CRYP_GetCmdStatus) for CRYP_GetCmdStatus
    stm32f4xx_cryp_aes.o(i.CRYP_AES_CCM) refers to stm32f4xx_cryp.o(i.CRYP_GetFlagStatus) for CRYP_GetFlagStatus
[...]
    USB_OTG_DriveVbus                        0x0800ca31   Thumb Code    72  usb_core.o(i.USB_OTG_DriveVbus)
    USB_OTG_EnableGlobalInt                  0x0800ca95   Thumb Code    16  usb_core.o(i.USB_OTG_EnableGlobalInt)
    USB_OTG_EnableHostInt                    0x0800caa5   Thumb Code    70  usb_core.o(i.USB_OTG_EnableHostInt)
    USB_OTG_FlushRxFifo                      0x0800caed   Thumb Code    54  usb_core.o(i.USB_OTG_FlushRxFifo)
    USB_OTG_FlushTxFifo                      0x0800cb29   Thumb Code    62  usb_core.o(i.USB_OTG_FlushTxFifo)
    USB_OTG_GetMode                          0x0800cb6d   Thumb Code    10  usb_core.o(i.USB_OTG_GetMode)
    USB_OTG_HC_DoPing                        0x0800cb77   Thumb Code    42  usb_core.o(i.USB_OTG_HC_DoPing)
    USB_OTG_HC_Halt                          0x0800cba1   Thumb Code   100  usb_core.o(i.USB_OTG_HC_Halt)
    USB_OTG_HC_Init                          0x0800cc05   Thumb Code   316  usb_core.o(i.USB_OTG_HC_Init)
    USB_OTG_HC_StartXfer                     0x0800cd41   Thumb Code   288  usb_core.o(i.USB_OTG_HC_StartXfer)
    USB_OTG_InitFSLSPClkSel                  0x0800ce61   Thumb Code    12  usb_core.o(i.USB_OTG_InitFSLSPClkSel)
    USB_OTG_IsEvenFrame                      0x0800ce6d   Thumb Code    12  usb_core.o(i.USB_OTG_IsEvenFrame)
    USB_OTG_IsHostMode                       0x0800ce79   Thumb Code    14  usb_core.o(i.USB_OTG_IsHostMode)
    USB_OTG_ReadCoreItr                      0x0800ce87   Thumb Code    10  usb_core.o(i.USB_OTG_ReadCoreItr)
    USB_OTG_ReadHPRT0                        0x0800ce91   Thumb Code    24  usb_core.o(i.USB_OTG_ReadHPRT0)
    USB_OTG_ReadHostAllChannels_intr         0x0800cea9   Thumb Code     6  usb_core.o(i.USB_OTG_ReadHostAllChannels_intr)
    USB_OTG_ReadPacket                       0x0800ceaf   Thumb Code    32  usb_core.o(i.USB_OTG_ReadPacket)
    USB_OTG_ResetPort                        0x0800cecf   Thumb Code    44  usb_core.o(i.USB_OTG_ResetPort)
    USB_OTG_SelectCore                       0x0800cefd   Thumb Code   192  usb_core.o(i.USB_OTG_SelectCore)
    USB_OTG_SetCurrentMode                   0x0800cfc1   Thumb Code    54  usb_core.o(i.USB_OTG_SetCurrentMode)
    USB_OTG_WritePacket                      0x0800ddc9   Thumb Code    40  usb_core.o(i.USB_OTG_WritePacket)
    Uart_Process                             0x0800ddf1   Thumb Code   110  user.o(i.Uart_Process)
    UsageFault_Handler                       0x0800de7d   Thumb Code     2  stm32f4xx_it.o(i.UsageFault_Handler)
    Usart_SendByte                           0x0800de7f   Thumb Code    30  bsp_debug_usart.o(i.Usart_SendByte)
    Usart_SendString                         0x0800de9d   Thumb Code    46  bsp_debug_usart.o(i.Usart_SendString)
    Use_DebugProcess                         0x0800decd   Thumb Code  1368  test.o(i.Use_DebugProcess)
    Use_SysSetProcess                        0x0800e429   Thumb Code  1184  user.o(i.Use_SysSetProcess)
    V_Comp                                   0x0800e8c9   Thumb Code   116  user.o(i.V_Comp)
    V_Datacov                                0x0800e945   Thumb Code    44  user.o(i.V_Datacov)
    V_I_Select_Configuration                 0x0800e975   Thumb Code    60  gpio.o(i.V_I_Select_Configuration)
    WriteOneHzChar_16                        0x0800e9b9   Thumb Code    18  bsp_lcd.o(i.WriteOneHzChar_16)
    WriteString_16                           0x0800e9cd   Thumb Code   156  bsp_lcd.o(i.WriteString_16)
    WriteString_Big                          0x0800ea6d   Thumb Code   112  bsp_lcd.o(i.WriteString_Big)
    _164Delaay                               0x0800eae5   Thumb Code    12  keyboard.o(i._164Delaay)
    __0printf$6                              0x0800eaf1   Thumb Code    22  printf6.o(i.__0printf$6)
    __1printf$6                              0x0800eaf1   Thumb Code     0  printf6.o(i.__0printf$6)
    __2printf                                0x0800eaf1   Thumb Code     0  printf6.o(i.__0printf$6)
    __0sprintf$6                             0x0800eb11   Thumb Code    34  printf6.o(i.__0sprintf$6)
    __1sprintf$6                             0x0800eb11   Thumb Code     0  printf6.o(i.__0sprintf$6)
    __2sprintf                               0x0800eb11   Thumb Code     0  printf6.o(i.__0sprintf$6)
    __ARM_fpclassify                         0x0800eb39   Thumb Code    48  fpclassify.o(i.__ARM_fpclassify)
    __hardfp_pow                             0x0800eb69   Thumb Code  3072  pow.o(i.__hardfp_pow)
    __kernel_poly                            0x0800f7b9   Thumb Code   248  poly.o(i.__kernel_poly)
    __mathlib_dbl_divzero                    0x0800f8b1   Thumb Code    28  dunder.o(i.__mathlib_dbl_divzero)
    __mathlib_dbl_infnan2                    0x0800f8e1   Thumb Code    20  dunder.o(i.__mathlib_dbl_infnan2)
    __mathlib_dbl_invalid                    0x0800f8f9   Thumb Code    24  dunder.o(i.__mathlib_dbl_invalid)
    __mathlib_dbl_overflow                   0x0800f919   Thumb Code    24  dunder.o(i.__mathlib_dbl_overflow)
    __mathlib_dbl_underflow                  0x0800f939   Thumb Code    24  dunder.o(i.__mathlib_dbl_underflow)
    __scatterload_copy                       0x0800f959   Thumb Code    14  handlers.o(i.__scatterload_copy)
    __scatterload_null                       0x0800f967   Thumb Code     2  handlers.o(i.__scatterload_null)
    __scatterload_zeroinit                   0x0800f969   Thumb Code    14  handlers.o(i.__scatterload_zeroinit)
    __set_errno                              0x0800f979   Thumb Code     6  errno.o(i.__set_errno)
    clust2sect                               0x0800fd5d   Thumb Code    24  ff.o(i.clust2sect)
    delay_1us                                0x080100cd   Thumb Code    34  bsp_systick.o(i.delay_1us)
    delay_us                                 0x080100ef   Thumb Code    10  bsp_systick.o(i.delay_us)
    disk_initialize                          0x080104bd   Thumb Code    18  diskio.o(i.disk_initialize)
    disk_ioctl                               0x080104d5   Thumb Code    50  diskio.o(i.disk_ioctl)
    disk_read                                0x0801050d   Thumb Code    88  diskio.o(i.disk_read)
    disk_status                              0x0801056d   Thumb Code     4  diskio.o(i.disk_status)
    disk_write                               0x08010571   Thumb Code    68  diskio.o(i.disk_write)
    f_close                                  0x080105bd   Thumb Code    30  ff.o(i.f_close)
    f_lseek                                  0x080105db   Thumb Code   372  ff.o(i.f_lseek)
    f_mkdir                                  0x0801074f   Thumb Code   356  ff.o(i.f_mkdir)
    f_mount                                  0x080108b5   Thumb Code    72  ff.o(i.f_mount)
    f_open                                   0x08010901   Thumb Code   344  ff.o(i.f_open)
    f_sync                                   0x08010a59   Thumb Code   154  ff.o(i.f_sync)
    f_write                                  0x08010af3   Thumb Code   442  ff.o(i.f_write)
    fabs                                     0x08010cad   Thumb Code    24  fabs.o(i.fabs)
    ff_convert                               0x08010cc5   Thumb Code    78  cc936.o(i.ff_convert)
    ff_wtoupper                              0x08010d1d   Thumb Code    34  cc936.o(i.ff_wtoupper)
    findHzIndex_16                           0x08010d49   Thumb Code    46  bsp_lcd.o(i.findHzIndex_16)
    fputc                                    0x0801119d   Thumb Code    30  bsp_debug_usart.o(i.fputc)
    get_fat                                  0x08011259   Thumb Code   256  ff.o(i.get_fat)
    get_fattime                              0x08011359   Thumb Code    68  diskio.o(i.get_fattime)
    input_num                                0x080113e1   Thumb Code   528  user.o(i.input_num)
    main                                     0x08011639   Thumb Code   132  main.o(i.main)
    put_fat                                  0x0801173d   Thumb Code   300  ff.o(i.put_fat)
    read_adI_1                               0x08011869   Thumb Code   218  user.o(i.read_adI_1)
    read_adI_2                               0x08011959   Thumb Code   228  user.o(i.read_adI_2)
    read_adI_3                               0x08011a51   Thumb Code   138  user.o(i.read_adI_3)
    read_adV_1                               0x08011af1   Thumb Code   224  user.o(i.read_adV_1)
    read_adV_2                               0x08011be5   Thumb Code   234  user.o(i.read_adV_2)
    read_adV_3                               0x08011ce5   Thumb Code   142  user.o(i.read_adV_3)
    read_cpld                                0x08011d89   Thumb Code    64  gpio.o(i.read_cpld)
    sm_RYsel                                 0x08011e39   Thumb Code    50  gpio.o(i.sm_RYsel)
    sqrt                                     0x08011e75   Thumb Code   110  sqrt.o(i.sqrt)
    uart1SendChars                           0x08012015   Thumb Code    44  stm32f4xx_it.o(i.uart1SendChars)
    s_CRCLo                                  0x08012170   Data         256  stm32f4xx_it.o(.constdata)
    INPUT                                    0x08012270   Data           7  user.o(.constdata)
    INPUT_E                                  0x08012277   Data           7  user.o(.constdata)
    User_Check_main                          0x0801227e   Data          39  user.o(.constdata)
    User_Check_Item                          0x080122a5   Data          65  user.o(.constdata)
    All_TopName                              0x080122e6   Data         242  user.o(.constdata)
    All_TopName_E                            0x080123d8   Data         242  user.o(.constdata)
    Set_testitem                             0x080124ca   Data         198  user.o(.constdata)
    Set_testitem_E                           0x08012590   Data         198  user.o(.constdata)
    Test_Tirpvalue                           0x08012656   Data          28  user.o(.constdata)
    Test_Tirpvalue_E                         0x08012672   Data          28  user.o(.constdata)
    Test_Speedvalue                          0x0801268e   Data          28  user.o(.constdata)
    Test_Speedvalue_E                        0x080126aa   Data          28  user.o(.constdata)
    Test_Compvalue                           0x080126c6   Data          14  user.o(.constdata)
    Res_setonly                              0x080126d4   Data          22  user.o(.constdata)
    Res_setonlye                             0x080126ea   Data          22  user.o(.constdata)
    Test_Compvalue_E                         0x08012700   Data          14  user.o(.constdata)
    Test_MODE_E                              0x0801270e   Data          14  user.o(.constdata)
    Test_MODE                                0x0801271c   Data          14  user.o(.constdata)
    Setup_Beep                               0x0801272a   Data          21  user.o(.constdata)
    Setup_Beep_E                             0x0801273f   Data          21  user.o(.constdata)
    User_Range                               0x08012754   Data          77  user.o(.constdata)
    User_Range_E                             0x080127a1   Data          77  user.o(.constdata)
    DISP_UINT                                0x080127ee   Data          18  user.o(.constdata)
    User_Rangeset                            0x08012800   Data          44  user.o(.constdata)
    Sys_Setitem                              0x0801282c   Data          88  user.o(.constdata)
    Sys_Setitem_E                            0x08012884   Data          88  user.o(.constdata)
    Sys_Buard_Value                          0x080128dc   Data          56  user.o(.constdata)
    Sys_Language_Value                       0x08012914   Data          16  user.o(.constdata)
    BiasButton_Tip                           0x08012924   Data          16  user.o(.constdata)
    Sys_Sys                                  0x08012934   Data          84  user.o(.constdata)
    Sys_Sys_E                                0x08012988   Data          84  user.o(.constdata)
    Range_Disp_Test                          0x080129dc   Data         168  user.o(.constdata)
    JK510_Num                                0x08012a84   Data          30  user.o(.constdata)
    ParameterLimit                           0x08012aa2   Data          12  user.o(.constdata)
    send_dot                                 0x08012aae   Data          10  user.o(.constdata)
    Send_uint                                0x08012ab8   Data          10  user.o(.constdata)
    Scan_Value                               0x08012ac2   Data           8  keyboard.o(.constdata)
    GB_16                                    0x08012aca   Data        6154  bsp_lcd.o(.constdata)
    ASCII16x24_Table                         0x080142d4   Data        4560  fonts.o(.constdata)
    Out_1224                                 0x080154a4   Data         624  fonts.o(.constdata)
    Out_Assic                                0x08015714   Data        7720  fonts.o(.constdata)
    _num                                     0x0801753c   Data        2944  fonts.o(.constdata)
    nBitmapDot                               0x080186ac   Data         144  fonts.o(.constdata)
    __mathlib_zero                           0x080434c8   Data           8  qnan.o(.constdata)
    Region$$Table$$Base                      0x080434d0   Number         0  anon$$obj.o(Region$$Table)
    Region$$Table$$Limit                     0x080434f0   Number         0  anon$$obj.o(Region$$Table)
    SystemCoreClock                          0x20000000   Data           4  system_stm32f4xx.o(.data)
    AHBPrescTable                            0x20000004   Data          16  system_stm32f4xx.o(.data)
    g_mods_timeout                           0x20000024   Data           1  stm32f4xx_it.o(.data)
    Tick_10ms                                0x20000028   Data           4  stm32f4xx_it.o(.data)
    Readfirst_cpld                           0x2000002c   Data           1  pbdata.o(.data)
    polarity_v                               0x2000002d   Data           1  pbdata.o(.data)
    polarity_r                               0x2000002e   Data           1  pbdata.o(.data)
    F_100ms                                  0x2000002f   Data           1  pbdata.o(.data)
    F_Password                               0x20000030   Data           1  pbdata.o(.data)
    SystemStatus                             0x20000031   Data           1  pbdata.o(.data)
    MenuIndex                                0x20000032   Data           1  pbdata.o(.data)
    Range                                    0x20000033   Data           1  pbdata.o(.data)
    V_Range                                  0x20000034   Data           1  pbdata.o(.data)
    ffit_data1                               0x20000035   Data           1  pbdata.o(.data)
    count_ffit                               0x20000036   Data           2  pbdata.o(.data)
    Ad_over                                  0x20000038   Data           1  pbdata.o(.data)
    softswitch                               0x20000039   Data           1  pbdata.o(.data)
    USB_Openflag                             0x2000003a   Data           1  pbdata.o(.data)
    Disp_usbflag                             0x2000003b   Data           1  pbdata.o(.data)
    Disp_RTCflag                             0x2000003c   Data           1  pbdata.o(.data)
    SoftTimer                                0x2000003d   Data           2  pbdata.o(.data)
    range_over                               0x2000003f   Data           1  pbdata.o(.data)
    V_ad                                     0x20000040   Data           4  pbdata.o(.data)
    I_ad                                     0x20000044   Data           4  pbdata.o(.data)
    debug_flag                               0x20000048   Data           1  pbdata.o(.data)
    test_start                               0x20000049   Data           1  pbdata.o(.data)
    Set_flag                                 0x2000004a   Data           1  pbdata.o(.data)
    Range_value                              0x2000004c   Data           4  pbdata.o(.data)
    Range_Value_V                            0x20000050   Data           4  pbdata.o(.data)
    g_LcdDirection                           0x20000054   Data           4  pbdata.o(.data)
    open_flag                                0x20000058   Data           1  pbdata.o(.data)
    RangeChange_Flag                         0x20000059   Data           1  pbdata.o(.data)
    Int_Pe3flag                              0x2000005a   Data           1  pbdata.o(.data)
    cpld_buff                                0x2000005b   Data           2  pbdata.o(.data)
    Debug_Dot                                0x20000060   Data           5  user.o(.data)
    Pga_value                                0x20000065   Data           6  user.o(.data)
    Test_Value                               0x2000006c   Data           8  user.o(.data)
    Test_Value_V                             0x20000074   Data           8  user.o(.data)
    Debug_Compvalue                          0x2000007c   Data          40  user.o(.data)
    U15_4094                                 0x200000a5   Data           1  test.o(.data)
    U16_4094                                 0x200000a6   Data           1  test.o(.data)
    result                                   0x200000a7   Data           1  test.o(.data)
    Keyboard                                 0x200000ab   Data           3  keyboard.o(.data)
    Colour                                   0x200000c4   Data           8  bsp_lcd.o(.data)
    Font16x24                                0x200000cc   Data           8  fonts.o(.data)
    OldTick                                  0x200000dc   Data           4  bsp_basic_tim.o(.data)
    BSP_delay                                0x200000e8   Data           4  usb_bsp.o(.data)
    USR_cb                                   0x200000ec   Data          72  usbh_usr.o(.data)
    USBH_HCD_INT_cb                          0x20000138   Data          12  usbh_core.o(.data)
    USBH_HCD_INT_fops                        0x20000144   Data           4  usbh_core.o(.data)
    MSCErrorCount                            0x20000164   Data           1  usbh_msc_core.o(.data)
    USBH_MSC_cb                              0x20000168   Data          16  usbh_msc_core.o(.data)
    __stdout                                 0x2000017c   Data           4  stdout.o(.data)
    g_tModS                                  0x20000184   Data         163  stm32f4xx_it.o(.bss)
    scan_V                                   0x20000228   Data         520  pbdata.o(.bss)
    scan_I                                   0x20000430   Data        1720  pbdata.o(.bss)
    Send_ComBuff                             0x20000ae8   Data          21  pbdata.o(.bss)
    Send_To_U                                0x20000afd   Data          47  pbdata.o(.bss)
    Rev_Combuff                              0x20000b2c   Data          42  pbdata.o(.bss)
    Test_value                               0x20000b58   Data          16  pbdata.o(.bss)
    Res_count                                0x20000b68   Data          16  pbdata.o(.bss)
    Jk516save                                0x20000b78   Data         284  pbdata.o(.bss)
    ComBuf                                   0x20000c94   Data          80  pbdata.o(.bss)
    i_buff                                   0x20000ce4   Data          48  pbdata.o(.bss)
    debug_buff                               0x20000d14   Data          55  pbdata.o(.bss)
    Jk510_Set                                0x20000d4c   Data        1796  pbdata.o(.bss)
    jk510_Disp                               0x20001450   Data         180  pbdata.o(.bss)
    DispBuf                                  0x20001504   Data          20  user.o(.bss)
    fs                                       0x20001518   Data        4144  test.o(.bss)
    file                                     0x20002548   Data        4132  test.o(.bss)
    USB_OTG_Core                             0x20003578   Data        1452  usbh_usr.o(.bss)
    USB_Host                                 0x20003b24   Data         132  usbh_usr.o(.bss)
    USBH_CfgDesc                             0x20003ba8   Data         512  usbh_stdreq.o(.bss)
    USBH_MSC_CBWData                         0x20003da8   Data          32  usbh_msc_bot.o(.bss)
    USBH_MSC_CSWData                         0x20003dc8   Data          16  usbh_msc_bot.o(.bss)
    USBH_MSC_BOTXferParam                    0x20003dd8   Data          16  usbh_msc_bot.o(.bss)
    MSC_Machine                              0x20003de8   Data         522  usbh_msc_core.o(.bss)
    USBH_MSC_Param                           0x20003ff4   Data          16  usbh_msc_scsi.o(.bss)
    USBH_DataInBuffer                        0x20004004   Data         512  usbh_msc_scsi.o(.bss)
    __initial_sp                             0x20008208   Data           0  startup_stm32f429_439xx.o(STACK)



==============================================================================

Memory Map of the image

  Image Entry point : 0x080001ad

  Load Region LR_IROM1 (Base: 0x08000000, Size: 0x00043674, Max: 0x00100000, ABSOLUTE, COMPRESSED[0x00043590])

    Execution Region ER_IROM1 (Exec base: 0x08000000, Load base: 0x08000000, Size: 0x000434f0, Max: 0x00100000, ABSOLUTE)

    Exec Addr    Load Addr    Size         Type   Attr      Idx    E Section Name        Object

    0x08000000   0x08000000   0x000001ac   Data   RO            3    RESET               startup_stm32f429_439xx.o
    0x080001ac   0x080001ac   0x00000000   Code   RO         9544  * .ARM.Collect$$$$00000000  mc_w.l(entry.o)
    0x080001ac   0x080001ac   0x00000004   Code   RO         9867    .ARM.Collect$$$$00000001  mc_w.l(entry2.o)
    0x080001b0   0x080001b0   0x00000004   Code   RO         9870    .ARM.Collect$$$$00000004  mc_w.l(entry5.o)
    0x080001b4   0x080001b4   0x00000000   Code   RO         9872    .ARM.Collect$$$$00000008  mc_w.l(entry7b.o)
    0x080001b4   0x080001b4   0x00000000   Code   RO         9874    .ARM.Collect$$$$0000000A  mc_w.l(entry8b.o)
    0x080001b4   0x080001b4   0x00000008   Code   RO         9875    .ARM.Collect$$$$0000000B  mc_w.l(entry9a.o)
    0x080001bc   0x080001bc   0x00000000   Code   RO         9877    .ARM.Collect$$$$0000000D  mc_w.l(entry10a.o)
    0x080001bc   0x080001bc   0x00000000   Code   RO         9879    .ARM.Collect$$$$0000000F  mc_w.l(entry11a.o)
    0x080001bc   0x080001bc   0x00000004   Code   RO         9868    .ARM.Collect$$$$00002712  mc_w.l(entry2.o)
    0x080001c0   0x080001c0   0x00000024   Code   RO            4    .text               startup_stm32f429_439xx.o
    0x080001e4   0x080001e4   0x00000024   Code   RO         9547    .text               mc_w.l(memcpya.o)
    0x08000208   0x08000208   0x00000024   Code   RO         9549    .text               mc_w.l(memseta.o)
    0x0800022c   0x0800022c   0x00000018   Code   RO         9551    .text               mc_w.l(strcat.o)
    0x08000244   0x08000244   0x00000012   Code   RO         9555    .text               mc_w.l(strcpy.o)
    0x08000256   0x08000256   0x000000e4   Code   RO         9820    .text               mf_w.l(dmul.o)
    0x0800033a   0x0800033a   0x000000de   Code   RO         9822    .text               mf_w.l(ddiv.o)
    0x08000418   0x08000418   0x0000001a   Code   RO         9824    .text               mf_w.l(dfltui.o)
    0x08000432   0x08000432   0x00000026   Code   RO         9826    .text               mf_w.l(f2d.o)
    0x08000458   0x08000458   0x00000038   Code   RO         9828    .text               mf_w.l(d2f.o)
    0x08000490   0x08000490   0x0000002c   Code   RO         9882    .text               mc_w.l(uidiv.o)
    0x080004bc   0x080004bc   0x00000000   Code   RO         9893    .text               mc_w.l(iusefp.o)
    0x080004bc   0x080004bc   0x0000006e   Code   RO         9894    .text               mf_w.l(fepilogue.o)
    0x0800052a   0x0800052a   0x000000ba   Code   RO         9896    .text               mf_w.l(depilogue.o)
    0x080005e4   0x080005e4   0x0000014e   Code   RO         9898    .text               mf_w.l(dadd.o)
    0x08000732   0x08000732   0x0000002e   Code   RO         9902    .text               mf_w.l(dscalb.o)
    0x08000760   0x08000760   0x00000022   Code   RO         9904    .text               mf_w.l(dflti.o)
    0x08000782   0x08000782   0x00000002   PAD
    0x08000784   0x08000784   0x00000030   Code   RO         9908    .text               mf_w.l(cdrcmple.o)
    0x080007b4   0x080007b4   0x00000024   Code   RO         9910    .text               mc_w.l(init.o)
    0x080007d8   0x080007d8   0x0000001e   Code   RO         9912    .text               mc_w.l(llshl.o)
    0x080007f6   0x080007f6   0x00000020   Code   RO         9914    .text               mc_w.l(llushr.o)
    0x08000816   0x08000816   0x00000024   Code   RO         9916    .text               mc_w.l(llsshr.o)
    0x0800083a   0x0800083a   0x000000a2   Code   RO         9918    .text               mf_w.l(dsqrt.o)
    0x080008dc   0x080008dc   0x00000056   Code   RO         9930    .text               mc_w.l(__dczerorl2.o)
    0x08000932   0x08000932   0x00000002   PAD
    0x08000934   0x08000934   0x00000050   Code   RO         6593    i.All_LedOff        gpio.o
    0x08000984   0x08000984   0x0000000a   Code   RO         5383    i.BEBufToUint16     stm32f4xx_it.o
    0x0800098e   0x0800098e   0x00000002   PAD
    0x08000990   0x08000990   0x00000024   Code   RO         8412    i.BSP_Delay         usb_bsp.o
    0x080009b4   0x080009b4   0x0000006c   Code   RO         8413    i.BSP_SetTime       usb_bsp.o
    0x08000a20   0x08000a20   0x0000000c   Code   RO         6594    i.Beep_Off          gpio.o
    0x08000a2c   0x08000a2c   0x0000000c   Code   RO         6595    i.Beep_On           gpio.o
    0x08000a38   0x08000a38   0x00000034   Code   RO         5694    i.Beep_Out          user.o
    0x08000a6c   0x08000a6c   0x00000002   Code   RO         5384    i.BusFault_Handler  stm32f4xx_it.o
    0x08000a6e   0x08000a6e   0x00000002   PAD
    0x08000a70   0x08000a70   0x0000004c   Code   RO         7807    i.CPLD_GPIO_Configuration  cpld.o
    0x08000abc   0x08000abc   0x0000002c   Code   RO         5385    i.CRC16             stm32f4xx_it.o
    0x08000ae8   0x08000ae8   0x00000434   Code   RO         6330    i.Clear_Process     test.o
    0x08000f1c   0x08000f1c   0x0000003c   Code   RO         6596    i.Close_Compled     gpio.o
    0x08000f58   0x08000f58   0x00000140   Code   RO         5697    i.ComToSave         user.o
    0x08001098   0x08001098   0x00000018   Code   RO         1358    i.DMA2D_DeInit      stm32f4xx_dma2d.o
    0x080010b0   0x080010b0   0x00000014   Code   RO         1363    i.DMA2D_GetFlagStatus  stm32f4xx_dma2d.o
    0x080010c4   0x080010c4   0x000000b8   Code   RO         1366    i.DMA2D_Init        stm32f4xx_dma2d.o
    0x0800117c   0x0800117c   0x00000010   Code   RO         1368    i.DMA2D_StartTransfer  stm32f4xx_dma2d.o
    0x0800118c   0x0800118c   0x00000030   Code   RO         5699    i.Datacov           user.o
    0x080011bc   0x080011bc   0x00000002   Code   RO         5386    i.DebugMon_Handler  stm32f4xx_it.o
    0x080011be   0x080011be   0x00000042   Code   RO         5700    i.Debug_Set_Num     user.o
    0x08001200   0x08001200   0x00000042   Code   RO         5701    i.Debug_Set_Res     user.o
    0x08001242   0x08001242   0x00000002   PAD
    0x08001244   0x08001244   0x000000a8   Code   RO         7592    i.Debug_USART_Config  bsp_debug_usart.o
    0x080012ec   0x080012ec   0x00000018   Code   RO         5702    i.Debug_Valuedata   user.o
    0x08001304   0x08001304   0x00000084   Code   RO         5703    i.Debug_stanedcomp  user.o
    0x08001388   0x08001388   0x000001f0   Code   RO         5704    i.DispSetChann_value  user.o
    0x08001578   0x08001578   0x0000037c   Code   RO         5705    i.DispSetR_value    user.o
    0x080018f4   0x080018f4   0x00000398   Code   RO         5706    i.DispSetV_value    user.o
    0x08001c8c   0x08001c8c   0x000004f4   Code   RO         5707    i.DispSet_value     user.o
    0x08002180   0x08002180   0x000001b0   Code   RO         5708    i.Disp_Button_Setvalue1  user.o
    0x08002330   0x08002330   0x00000006   Code   RO         5709    i.Disp_Button_SysSet  user.o
    0x08002336   0x08002336   0x00000002   PAD
    0x08002338   0x08002338   0x000001b0   Code   RO         5711    i.Disp_Button_channvalue1  user.o
    0x080024e8   0x080024e8   0x000001dc   Code   RO         5712    i.Disp_Button_value1  user.o
    0x080026c4   0x080026c4   0x00000240   Code   RO         5713    i.Disp_Button_value_sm  user.o
    0x08002904   0x08002904   0x00000240   Code   RO         5714    i.Disp_Button_value_sm1  user.o
    0x08002b44   0x08002b44   0x00000058   Code   RO         5715    i.Disp_Debug_Reference  user.o
    0x08002b9c   0x08002b9c   0x00000090   Code   RO         5716    i.Disp_Debug_value  user.o
    0x08002c2c   0x08002c2c   0x0000008c   Code   RO         5717    i.Disp_Fastbutton   user.o
    0x08002cb8   0x08002cb8   0x00000400   Code   RO         5719    i.Disp_NumKeyboard_Set  user.o
    0x080030b8   0x080030b8   0x000000c0   Code   RO         5720    i.Disp_Open         user.o
    0x08003178   0x08003178   0x00000058   Code   RO         6919    i.Disp_R_Uint       bsp_lcd.o
    0x080031d0   0x080031d0   0x00000030   Code   RO         6920    i.Disp_R_V          bsp_lcd.o
    0x08003200   0x08003200   0x00000040   Code   RO         5721    i.Disp_Range        user.o
    0x08003240   0x08003240   0x0000008c   Code   RO         5723    i.Disp_Set_Num      user.o
    0x080032cc   0x080032cc   0x000000c8   Code   RO         5724    i.Disp_Switch       user.o
    0x08003394   0x08003394   0x00000098   Code   RO         5725    i.Disp_Sys          user.o
    0x0800342c   0x0800342c   0x00000024   Code   RO         5726    i.Disp_SysLine      user.o
    0x08003450   0x08003450   0x0000008c   Code   RO         5727    i.Disp_Sys_Item     user.o
    0x080034dc   0x080034dc   0x0000000e   Code   RO         5728    i.Disp_Sys_Screen   user.o
    0x080034ea   0x080034ea   0x00000002   PAD
    0x080034ec   0x080034ec   0x00000500   Code   RO         5729    i.Disp_Sys_value    user.o
    0x080039ec   0x080039ec   0x0000000e   Code   RO         5730    i.Disp_TestScreen   user.o
    0x080039fa   0x080039fa   0x0000000e   Code   RO         5731    i.Disp_TestSetScreen  user.o
    0x08003a08   0x08003a08   0x00000080   Code   RO         5733    i.Disp_Test_Item    user.o
    0x08003a88   0x08003a88   0x00000164   Code   RO         5734    i.Disp_Test_SetR_Item  user.o
    0x08003bec   0x08003bec   0x00000168   Code   RO         5735    i.Disp_Test_SetV_Item  user.o
    0x08003d54   0x08003d54   0x000000d0   Code   RO         5736    i.Disp_Test_Set_Item  user.o
    0x08003e24   0x08003e24   0x00000130   Code   RO         5737    i.Disp_Test_channel_Item  user.o
    0x08003f54   0x08003f54   0x0000020c   Code   RO         5739    i.Disp_Testvalue    user.o
    0x08004160   0x08004160   0x0000001c   Code   RO         5740    i.Disp_TopBar_Color  user.o
    0x0800417c   0x0800417c   0x00000054   Code   RO         6921    i.Disp_Usbflag      bsp_lcd.o
    0x080041d0   0x080041d0   0x0000008c   Code   RO         5741    i.Disp_UserCheck_Item  user.o
    0x0800425c   0x0800425c   0x0000000e   Code   RO         5742    i.Disp_Usercheck_Screen  user.o
    0x0800426a   0x0800426a   0x00000002   PAD
    0x0800426c   0x0800426c   0x00000030   Code   RO         5743    i.Disp_button_Num_Freq  user.o
    0x0800429c   0x0800429c   0x00000048   Code   RO         5744    i.Disp_button_Num_time  user.o
    0x080042e4   0x080042e4   0x00000094   Code   RO         5745    i.Disp_dateandtime  user.o
    0x08004378   0x08004378   0x0000001c   Code   RO         5387    i.EXTI15_10_IRQHandler  stm32f4xx_it.o
    0x08004394   0x08004394   0x00000068   Code   RO         5388    i.EXTI3_IRQHandler  stm32f4xx_it.o
    0x080043fc   0x080043fc   0x00000024   Code   RO         6598    i.EXTI_Ads1251_Config  gpio.o
    0x08004420   0x08004420   0x0000000c   Code   RO         1485    i.EXTI_ClearITPendingBit  stm32f4xx_exti.o
    0x0800442c   0x0800442c   0x00000014   Code   RO         1489    i.EXTI_GetITStatus  stm32f4xx_exti.o
    0x08004440   0x08004440   0x00000074   Code   RO         1490    i.EXTI_Init         stm32f4xx_exti.o
    0x080044b4   0x080044b4   0x00000084   Code   RO         7933    i.EXTI_Key_Config   bsp_exti.o
    0x08004538   0x08004538   0x00000036   Code   RO         1844    i.FMC_GetFlagStatus  stm32f4xx_fmc.o
    0x0800456e   0x0800456e   0x00000002   PAD
    0x08004570   0x08004570   0x00000020   Code   RO         1861    i.FMC_SDRAMCmdConfig  stm32f4xx_fmc.o
    0x08004590   0x08004590   0x00000106   Code   RO         1863    i.FMC_SDRAMInit     stm32f4xx_fmc.o
    0x08004696   0x08004696   0x00000002   PAD
    0x08004698   0x08004698   0x00000010   Code   RO         1867    i.FMC_SetRefreshCount  stm32f4xx_fmc.o
    0x080046a8   0x080046a8   0x000000ac   Code   RO         6600    i.GPIO_Configuration  gpio.o
    0x08004754   0x08004754   0x0000007c   Code   RO         2046    i.GPIO_Init         stm32f4xx_gpio.o
    0x080047d0   0x080047d0   0x00000020   Code   RO         2047    i.GPIO_PinAFConfig  stm32f4xx_gpio.o
    0x080047f0   0x080047f0   0x0000000e   Code   RO         2050    i.GPIO_ReadInputDataBit  stm32f4xx_gpio.o
    0x080047fe   0x080047fe   0x00000004   Code   RO         2053    i.GPIO_ResetBits    stm32f4xx_gpio.o
    0x08004802   0x08004802   0x00000004   Code   RO         2054    i.GPIO_SetBits      stm32f4xx_gpio.o
    0x08004806   0x08004806   0x00000002   PAD
    0x08004808   0x08004808   0x00000014   Code   RO         7305    i.GetASCIICode      fonts.o
    0x0800481c   0x0800481c   0x00000014   Code   RO         5585    i.GetSoftTimerOut   pbdata.o
    0x08004830   0x08004830   0x00000008   Code   RO         8738    i.HCD_GetCurrentFrame  usb_hcd.o
    0x08004838   0x08004838   0x0000000c   Code   RO         8739    i.HCD_GetCurrentSpeed  usb_hcd.o
    0x08004844   0x08004844   0x00000008   Code   RO         8741    i.HCD_GetURB_State  usb_hcd.o
    0x0800484c   0x0800484c   0x0000000a   Code   RO         8742    i.HCD_GetXferCnt    usb_hcd.o
    0x08004856   0x08004856   0x00000056   Code   RO         8744    i.HCD_Init          usb_hcd.o
    0x080048ac   0x080048ac   0x00000006   Code   RO         8745    i.HCD_IsDeviceConnected  usb_hcd.o
    0x080048b2   0x080048b2   0x0000000a   Code   RO         8746    i.HCD_ResetPort     usb_hcd.o
    0x080048bc   0x080048bc   0x00000014   Code   RO         8747    i.HCD_SubmitRequest  usb_hcd.o
    0x080048d0   0x080048d0   0x00000058   Code   RO         6845    i.HW_Sendvalueto164  keyboard.o
    0x08004928   0x08004928   0x00000002   Code   RO         5389    i.HardFault_Handler  stm32f4xx_it.o
    0x0800492a   0x0800492a   0x00000002   PAD
    0x0800492c   0x0800492c   0x000000ac   Code   RO         5748    i.Hex_Format        user.o
    0x080049d8   0x080049d8   0x00000024   Code   RO         5749    i.InitGlobalValue   user.o
    0x080049fc   0x080049fc   0x000000f0   Code   RO         6847    i.Key_Identiry      keyboard.o
    0x08004aec   0x08004aec   0x00000020   Code   RO         6848    i.Key_Read          keyboard.o
    0x08004b0c   0x08004b0c   0x00000028   Code   RO         6849    i.Key_Read_WithTimeOut  keyboard.o
    0x08004b34   0x08004b34   0x00000074   Code   RO         6850    i.Key_Scan          keyboard.o
    0x08004ba8   0x08004ba8   0x00000016   Code   RO         6601    i.Key_beep          gpio.o
    0x08004bbe   0x08004bbe   0x00000002   PAD
    0x08004bc0   0x08004bc0   0x00000088   Code   RO         6851    i.Keyboard_Init     keyboard.o
    0x08004c48   0x08004c48   0x00000084   Code   RO         6922    i.LCD429_PutPixel   bsp_lcd.o
    0x08004ccc   0x08004ccc   0x00000058   Code   RO         6923    i.LCD_Clear         bsp_lcd.o
    0x08004d24   0x08004d24   0x000000fc   Code   RO         6940    i.LCD_DrawFullRect  bsp_lcd.o
    0x08004e20   0x08004e20   0x000000d4   Code   RO         6941    i.LCD_DrawLine      bsp_lcd.o
    0x08004ef4   0x08004ef4   0x00000300   Code   RO         6947    i.LCD_GPIO_Config   bsp_lcd.o
    0x080051f4   0x080051f4   0x00000084   Code   RO         6950    i.LCD_Init          bsp_lcd.o
    0x08005278   0x08005278   0x0000007c   Code   RO         6951    i.LCD_LayerInit     bsp_lcd.o
    0x080052f4   0x080052f4   0x0000000c   Code   RO         6961    i.LCD_SetFont       bsp_lcd.o
    0x08005300   0x08005300   0x00000024   Code   RO         6962    i.LCD_SetLayer      bsp_lcd.o
    0x08005324   0x08005324   0x0000000c   Code   RO         6963    i.LCD_SetTextColor  bsp_lcd.o
    0x08005330   0x08005330   0x00000030   Code   RO         6964    i.LCD_SetTransparency  bsp_lcd.o
    0x08005360   0x08005360   0x000000e0   Code   RO         6965    i.LCD_ShowFontCN_16  bsp_lcd.o
    0x08005440   0x08005440   0x0000007c   Code   RO         6966    i.LCD_ShowFontCN_40_55  bsp_lcd.o
    0x080054bc   0x080054bc   0x00000020   Code   RO         2620    i.LTDC_Cmd          stm32f4xx_ltdc.o
    0x080054dc   0x080054dc   0x000000a8   Code   RO         2631    i.LTDC_Init         stm32f4xx_ltdc.o
    0x08005584   0x08005584   0x00000004   Code   RO         2634    i.LTDC_LayerAlpha   stm32f4xx_ltdc.o
    0x08005588   0x08005588   0x00000018   Code   RO         2635    i.LTDC_LayerCmd     stm32f4xx_ltdc.o
    0x080055a0   0x080055a0   0x00000096   Code   RO         2636    i.LTDC_LayerInit    stm32f4xx_ltdc.o
    0x08005636   0x08005636   0x00000002   PAD
    0x08005638   0x08005638   0x0000000c   Code   RO         2643    i.LTDC_ReloadConfig  stm32f4xx_ltdc.o
    0x08005644   0x08005644   0x0000003c   Code   RO         6602    i.Led_Fail_On       gpio.o
    0x08005680   0x08005680   0x00000064   Code   RO         6603    i.Led_GPIO_Configuration  gpio.o
    0x080056e4   0x080056e4   0x0000003c   Code   RO         6604    i.Led_Pass_On       gpio.o
    0x08005720   0x08005720   0x00000010   Code   RO         6605    i.Lock_Off          gpio.o
    0x08005730   0x08005730   0x00000010   Code   RO         6606    i.Lock_On           gpio.o
    0x08005740   0x08005740   0x000000cc   Code   RO         5390    i.MODS_03H          stm32f4xx_it.o
    0x0800580c   0x0800580c   0x00000030   Code   RO         5391    i.MODS_06H          stm32f4xx_it.o
    0x0800583c   0x0800583c   0x00000054   Code   RO         7545    i.MODS_Poll         bsp_basic_tim.o
    0x08005890   0x08005890   0x00000200   Code   RO         5392    i.MODS_ReadRegValue  stm32f4xx_it.o
    0x08005a90   0x08005a90   0x00000038   Code   RO         5393    i.MODS_SendWithCRC  stm32f4xx_it.o
    0x08005ac8   0x08005ac8   0x00000002   Code   RO         5394    i.MemManage_Handler  stm32f4xx_it.o
    0x08005aca   0x08005aca   0x00000002   Code   RO         5395    i.NMI_Handler       stm32f4xx_it.o
    0x08005acc   0x08005acc   0x00000026   Code   RO         7593    i.NVIC_Configuration  bsp_debug_usart.o
    0x08005af2   0x08005af2   0x00000026   Code   RO         7934    i.NVIC_Configuration  bsp_exti.o
    0x08005b18   0x08005b18   0x00000016   Code   RO         6334    i.NVIC_EnableIRQ    test.o
    0x08005b2e   0x08005b2e   0x00000002   PAD
    0x08005b30   0x08005b30   0x00000068   Code   RO          164    i.NVIC_Init         misc.o
    0x08005b98   0x08005b98   0x00000014   Code   RO          165    i.NVIC_PriorityGroupConfig  misc.o
    0x08005bac   0x08005bac   0x00000014   Code   RO          166    i.NVIC_SetVectorTable  misc.o
    0x08005bc0   0x08005bc0   0x0000000c   Code   RO         5396    i.OTG_HS_IRQHandler  stm32f4xx_it.o
    0x08005bcc   0x08005bcc   0x00000034   Code   RO         6607    i.Open_flag_Configuration  gpio.o
    0x08005c00   0x08005c00   0x00000070   Code   RO         6616    i.PLC_GPIO_Configuration  gpio.o
    0x08005c70   0x08005c70   0x0000000c   Code   RO         2813    i.PWR_BackupAccessCmd  stm32f4xx_pwr.o
    0x08005c7c   0x08005c7c   0x000001f8   Code   RO         5753    i.Parameter_valuecomp  user.o
    0x08005e74   0x08005e74   0x00000002   Code   RO         5397    i.PendSV_Handler    stm32f4xx_it.o
    0x08005e76   0x08005e76   0x0000000e   Code   RO         6617    i.Power_Off_led     gpio.o
    0x08005e84   0x08005e84   0x0000000e   Code   RO         6618    i.Power_On_led      gpio.o
    0x08005e92   0x08005e92   0x00000002   PAD
    0x08005e94   0x08005e94   0x00000204   Code   RO         6335    i.Power_Process     test.o
    0x08006098   0x08006098   0x0000000c   Code   RO         6619    i.Power_Relay_OFF   gpio.o
    0x080060a4   0x080060a4   0x0000000c   Code   RO         6620    i.Power_Relay_on    gpio.o
    0x080060b0   0x080060b0   0x00000056   Code   RO         6971    i.PutChar           bsp_lcd.o
    0x08006106   0x08006106   0x00000002   PAD
    0x08006108   0x08006108   0x0000001c   Code   RO         2960    i.RCC_AHB1PeriphClockCmd  stm32f4xx_rcc.o
    0x08006124   0x08006124   0x0000001c   Code   RO         2962    i.RCC_AHB1PeriphResetCmd  stm32f4xx_rcc.o
    0x08006140   0x08006140   0x0000001c   Code   RO         2966    i.RCC_AHB3PeriphClockCmd  stm32f4xx_rcc.o
    0x0800615c   0x0800615c   0x0000001c   Code   RO         2969    i.RCC_APB1PeriphClockCmd  stm32f4xx_rcc.o
    0x08006178   0x08006178   0x0000001c   Code   RO         2972    i.RCC_APB2PeriphClockCmd  stm32f4xx_rcc.o
    0x08006194   0x08006194   0x000000a4   Code   RO         2981    i.RCC_GetClocksFreq  stm32f4xx_rcc.o
    0x08006238   0x08006238   0x00000038   Code   RO         2982    i.RCC_GetFlagStatus  stm32f4xx_rcc.o
    0x08006270   0x08006270   0x00000020   Code   RO         2990    i.RCC_LSEConfig     stm32f4xx_rcc.o
    0x08006290   0x08006290   0x00000014   Code   RO         2993    i.RCC_LTDCCLKDivConfig  stm32f4xx_rcc.o
    0x080062a4   0x080062a4   0x0000000c   Code   RO         3002    i.RCC_PLLSAICmd     stm32f4xx_rcc.o
    0x080062b0   0x080062b0   0x00000014   Code   RO         3003    i.RCC_PLLSAIConfig  stm32f4xx_rcc.o
    0x080062c4   0x080062c4   0x0000000c   Code   RO         3004    i.RCC_RTCCLKCmd     stm32f4xx_rcc.o
    0x080062d0   0x080062d0   0x00000030   Code   RO         3005    i.RCC_RTCCLKConfig  stm32f4xx_rcc.o
    0x08006300   0x08006300   0x00000012   Code   RO         3367    i.RTC_Bcd2ToByte    stm32f4xx_rtc.o
    0x08006312   0x08006312   0x00000018   Code   RO         3369    i.RTC_ByteToBcd2    stm32f4xx_rtc.o
    0x0800632a   0x0800632a   0x00000002   PAD
    0x0800632c   0x0800632c   0x0000006c   Code   RO         7879    i.RTC_CLK_Config    bsp_rtc.o
    0x08006398   0x08006398   0x0000001c   Code   RO         3372    i.RTC_ClearFlag     stm32f4xx_rtc.o
    0x080063b4   0x080063b4   0x0000001c   Code   RO         3373    i.RTC_ClearITPendingBit  stm32f4xx_rtc.o
    0x080063d0   0x080063d0   0x00000044   Code   RO         3379    i.RTC_EnterInitMode  stm32f4xx_rtc.o
    0x08006414   0x08006414   0x00000010   Code   RO         3380    i.RTC_ExitInitMode  stm32f4xx_rtc.o
    0x08006424   0x08006424   0x00000048   Code   RO         3383    i.RTC_GetDate       stm32f4xx_rtc.o
    0x0800646c   0x0800646c   0x0000001c   Code   RO         3384    i.RTC_GetFlagStatus  stm32f4xx_rtc.o
    0x08006488   0x08006488   0x0000004c   Code   RO         3388    i.RTC_GetTime       stm32f4xx_rtc.o
    0x080064d4   0x080064d4   0x00000044   Code   RO         3392    i.RTC_ITConfig      stm32f4xx_rtc.o
    0x08006518   0x08006518   0x00000050   Code   RO         3393    i.RTC_Init          stm32f4xx_rtc.o
    0x08006568   0x08006568   0x00000014   Code   RO         3396    i.RTC_ReadBackupRegister  stm32f4xx_rtc.o
    0x0800657c   0x0800657c   0x000000a4   Code   RO         3399    i.RTC_SetDate       stm32f4xx_rtc.o
    0x08006620   0x08006620   0x000000a8   Code   RO         3400    i.RTC_SetTime       stm32f4xx_rtc.o
    0x080066c8   0x080066c8   0x0000001c   Code   RO         3401    i.RTC_SetWakeUpCounter  stm32f4xx_rtc.o
    0x080066e4   0x080066e4   0x0000006e   Code   RO         7881    i.RTC_Set_WakeUp    bsp_rtc.o
    0x08006752   0x08006752   0x0000004c   Code   RO         7882    i.RTC_TimeAndDate_Set  bsp_rtc.o
    0x0800679e   0x0800679e   0x00000002   PAD
    0x080067a0   0x080067a0   0x0000002c   Code   RO         7884    i.RTC_WKUP_IRQHandler  bsp_rtc.o
    0x080067cc   0x080067cc   0x0000004c   Code   RO         3416    i.RTC_WaitForSynchro  stm32f4xx_rtc.o
    0x08006818   0x08006818   0x00000028   Code   RO         3417    i.RTC_WakeUpClockConfig  stm32f4xx_rtc.o
    0x08006840   0x08006840   0x00000060   Code   RO         3418    i.RTC_WakeUpCmd     stm32f4xx_rtc.o
    0x080068a0   0x080068a0   0x00000014   Code   RO         3419    i.RTC_WriteBackupRegister  stm32f4xx_rtc.o
    0x080068b4   0x080068b4   0x0000015c   Code   RO         5754    i.R_Comp            user.o
    0x08006a10   0x08006a10   0x0000015c   Code   RO         5755    i.Range_Changecomp  user.o
    0x08006b6c   0x08006b6c   0x00000074   Code   RO         5756    i.Range_Control     user.o
    0x08006be0   0x08006be0   0x0000001e   Code   RO         5757    i.ReadBE32U         user.o
    0x08006bfe   0x08006bfe   0x00000024   Code   RO         6483    i.Read_Convert_read  ad7706.o
    0x08006c22   0x08006c22   0x00000002   PAD
    0x08006c24   0x08006c24   0x0000000c   Code   RO         6621    i.Read_Openflag     gpio.o
    0x08006c30   0x08006c30   0x00000010   Code   RO         7846    i.Read_set_flash    flash_eerom.o
    0x08006c40   0x08006c40   0x00000024   Code   RO         5398    i.RecHandle         stm32f4xx_it.o
    0x08006c64   0x08006c64   0x00000184   Code   RO         6622    i.Relay_Select      gpio.o
    0x08006de8   0x08006de8   0x0000000c   Code   RO         5399    i.RemTrig           stm32f4xx_it.o
    0x08006df4   0x08006df4   0x00000388   Code   RO         7485    i.SDRAM_GPIO_Config  bsp_sdram.o
    0x0800717c   0x0800717c   0x00000058   Code   RO         7486    i.SDRAM_Init        bsp_sdram.o
    0x080071d4   0x080071d4   0x000000ac   Code   RO         7487    i.SDRAM_InitSequence  bsp_sdram.o
    0x08007280   0x08007280   0x00000020   Code   RO         7491    i.SDRAM_delay       bsp_sdram.o
    0x080072a0   0x080072a0   0x00000068   Code   RO         6623    i.SM_RelayGPIO_Configuration  gpio.o
    0x08007308   0x08007308   0x00000018   Code   RO         4115    i.SPI_Cmd           stm32f4xx_spi.o
    0x08007320   0x08007320   0x0000004c   Code   RO         7364    i.SPI_FLASH_BufferRead  bsp_spi_flash.o
    0x0800736c   0x0800736c   0x000000d4   Code   RO         7365    i.SPI_FLASH_BufferWrite  bsp_spi_flash.o
    0x08007440   0x08007440   0x000000d8   Code   RO         7367    i.SPI_FLASH_Init    bsp_spi_flash.o
    0x08007518   0x08007518   0x00000094   Code   RO         7368    i.SPI_FLASH_PageWrite  bsp_spi_flash.o
    0x080075ac   0x080075ac   0x00000040   Code   RO         7372    i.SPI_FLASH_SectorErase  bsp_spi_flash.o
    0x080075ec   0x080075ec   0x00000070   Code   RO         7373    i.SPI_FLASH_SendByte  bsp_spi_flash.o
    0x0800765c   0x0800765c   0x00000040   Code   RO         7376    i.SPI_FLASH_WaitForWriteEnd  bsp_spi_flash.o
    0x0800769c   0x0800769c   0x0000001c   Code   RO         7377    i.SPI_FLASH_WriteEnable  bsp_spi_flash.o
    0x080076b8   0x080076b8   0x0000000e   Code   RO         4123    i.SPI_I2S_GetFlagStatus  stm32f4xx_spi.o
    0x080076c6   0x080076c6   0x00000004   Code   RO         4126    i.SPI_I2S_ReceiveData  stm32f4xx_spi.o
    0x080076ca   0x080076ca   0x00000004   Code   RO         4127    i.SPI_I2S_SendData  stm32f4xx_spi.o
    0x080076ce   0x080076ce   0x00000038   Code   RO         4128    i.SPI_Init          stm32f4xx_spi.o
    0x08007706   0x08007706   0x00000002   PAD
    0x08007708   0x08007708   0x00000040   Code   RO         7380    i.SPI_TIMEOUT_UserCallback  bsp_spi_flash.o
    0x08007748   0x08007748   0x00000002   Code   RO         5400    i.SVC_Handler       stm32f4xx_it.o
    0x0800774a   0x0800774a   0x00000002   PAD
    0x0800774c   0x0800774c   0x0000002c   Code   RO         4280    i.SYSCFG_EXTILineConfig  stm32f4xx_syscfg.o
    0x08007778   0x08007778   0x0000003c   Code   RO         6624    i.Select_V_I        gpio.o
    0x080077b4   0x080077b4   0x0000004c   Code   RO         7808    i.Send_To_Cpld      cpld.o
    0x08007800   0x08007800   0x0000000c   Code   RO         7594    i.Send_Uart3str     bsp_debug_usart.o
    0x0800780c   0x0800780c   0x0000005c   Code   RO         7809    i.Send_one_buff     cpld.o
    0x08007868   0x08007868   0x0000000c   Code   RO         5586    i.SetSoftTimer      pbdata.o
    0x08007874   0x08007874   0x000000d4   Code   RO           13    i.SetSysClock       system_stm32f4xx.o
    0x08007948   0x08007948   0x000001d0   Code   RO         6336    i.Setup_Channel_Process  test.o
    0x08007b18   0x08007b18   0x000001f0   Code   RO         6337    i.Setup_Process     test.o
    0x08007d08   0x08007d08   0x00000328   Code   RO         6338    i.Setup_R_Comp_Process  test.o
    0x08008030   0x08008030   0x00000348   Code   RO         6339    i.Setup_V_Comp_Process  test.o
    0x08008378   0x08008378   0x00000058   Code   RO         5759    i.Soft_Turnon       user.o
    0x080083d0   0x080083d0   0x000000b0   Code   RO         6485    i.SpiRxByte         ad7706.o
    0x08008480   0x08008480   0x00000028   Code   RO         7847    i.Store_set_flash   flash_eerom.o
    0x080084a8   0x080084a8   0x0000003a   Code   RO         5760    i.StrToint          user.o
    0x080084e2   0x080084e2   0x00000004   Code   RO         5401    i.SysTick_Handler   stm32f4xx_it.o
    0x080084e6   0x080084e6   0x00000002   PAD
    0x080084e8   0x080084e8   0x00000040   Code   RO         7710    i.SysTick_Init      bsp_systick.o
    0x08008528   0x08008528   0x00000098   Code   RO         5762    i.Sys_Process       user.o
    0x080085c0   0x080085c0   0x0000005c   Code   RO           15    i.SystemInit        system_stm32f4xx.o
    0x0800861c   0x0800861c   0x00000004   Code   RO         5402    i.TIM2_IRQHandler   stm32f4xx_it.o
    0x08008620   0x08008620   0x0000000e   Code   RO         7546    i.TIM6_Configuration  bsp_basic_tim.o
    0x0800862e   0x0800862e   0x00000002   PAD
    0x08008630   0x08008630   0x00000084   Code   RO         5403    i.TIM6_DAC_IRQHandler  stm32f4xx_it.o
    0x080086b4   0x080086b4   0x0000002a   Code   RO         7547    i.TIM6_NVIC_Configuration  bsp_basic_tim.o
    0x080086de   0x080086de   0x00000018   Code   RO         4341    i.TIM_ARRPreloadConfig  stm32f4xx_tim.o
    0x080086f6   0x080086f6   0x00000006   Code   RO         4347    i.TIM_ClearFlag     stm32f4xx_tim.o
    0x080086fc   0x080086fc   0x00000006   Code   RO         4348    i.TIM_ClearITPendingBit  stm32f4xx_tim.o
    0x08008702   0x08008702   0x00000018   Code   RO         4353    i.TIM_Cmd           stm32f4xx_tim.o
    0x0800871a   0x0800871a   0x00000018   Code   RO         4374    i.TIM_GetITStatus   stm32f4xx_tim.o
    0x08008732   0x08008732   0x00000014   Code   RO         4378    i.TIM_ITConfig      stm32f4xx_tim.o
    0x08008746   0x08008746   0x00000002   PAD
    0x08008748   0x08008748   0x00000040   Code   RO         7548    i.TIM_Mode_Config   bsp_basic_tim.o
    0x08008788   0x08008788   0x0000007c   Code   RO         4425    i.TIM_TimeBaseInit  stm32f4xx_tim.o
    0x08008804   0x08008804   0x00000094   Code   RO         5763    i.Test_Debug        user.o
    0x08008898   0x08008898   0x00002464   Code   RO         6340    i.Test_Process      test.o
    0x0800acfc   0x0800acfc   0x00000220   Code   RO         5764    i.Time_Set_Cov      user.o
    0x0800af1c   0x0800af1c   0x00000014   Code   RO         7711    i.TimingDelay_Decrement  bsp_systick.o
    0x0800af30   0x0800af30   0x00000010   Code   RO         6625    i.Trip_Off          gpio.o
    0x0800af40   0x0800af40   0x00000010   Code   RO         6626    i.Trip_On           gpio.o
    0x0800af50   0x0800af50   0x00000020   Code   RO         6627    i.Turnoff_Led       gpio.o
    0x0800af70   0x0800af70   0x00000020   Code   RO         6628    i.Turnon_Led        gpio.o
    0x0800af90   0x0800af90   0x00000050   Code   RO         5404    i.USART3_IRQHandler  stm32f4xx_it.o
    0x0800afe0   0x0800afe0   0x00000008   Code   RO         4903    i.USART_ClearFlag   stm32f4xx_usart.o
    0x0800afe8   0x0800afe8   0x00000018   Code   RO         4907    i.USART_Cmd         stm32f4xx_usart.o
    0x0800b000   0x0800b000   0x0000000e   Code   RO         4910    i.USART_GetFlagStatus  stm32f4xx_usart.o
    0x0800b00e   0x0800b00e   0x00000036   Code   RO         4913    i.USART_ITConfig    stm32f4xx_usart.o
    0x0800b044   0x0800b044   0x000000bc   Code   RO         4914    i.USART_Init        stm32f4xx_usart.o
    0x0800b100   0x0800b100   0x00000008   Code   RO         4921    i.USART_ReceiveData  stm32f4xx_usart.o
    0x0800b108   0x0800b108   0x00000008   Code   RO         4924    i.USART_SendData    stm32f4xx_usart.o
    0x0800b110   0x0800b110   0x00000024   Code   RO         9107    i.USBH_Alloc_Channel  usbh_hcs.o
    0x0800b134   0x0800b134   0x00000036   Code   RO         9160    i.USBH_BulkReceiveData  usbh_ioreq.o
    0x0800b16a   0x0800b16a   0x00000034   Code   RO         9161    i.USBH_BulkSendData  usbh_ioreq.o
    0x0800b19e   0x0800b19e   0x0000002e   Code   RO         9243    i.USBH_ClrFeature   usbh_stdreq.o
    0x0800b1cc   0x0800b1cc   0x0000000a   Code   RO         9009    i.USBH_Connected    usbh_core.o
    0x0800b1d6   0x0800b1d6   0x00000024   Code   RO         9162    i.USBH_CtlReceiveData  usbh_ioreq.o
    0x0800b1fa   0x0800b1fa   0x0000004c   Code   RO         9163    i.USBH_CtlReq       usbh_ioreq.o
    0x0800b246   0x0800b246   0x0000003c   Code   RO         9164    i.USBH_CtlSendData  usbh_ioreq.o
    0x0800b282   0x0800b282   0x00000026   Code   RO         9165    i.USBH_CtlSendSetup  usbh_ioreq.o
    0x0800b2a8   0x0800b2a8   0x00000018   Code   RO         9108    i.USBH_DeAllocate_AllChannel  usbh_hcs.o
    0x0800b2c0   0x0800b2c0   0x00000034   Code   RO         9010    i.USBH_DeInit       usbh_core.o
    0x0800b2f4   0x0800b2f4   0x0000000a   Code   RO         9011    i.USBH_Disconnected  usbh_core.o
    0x0800b2fe   0x0800b2fe   0x0000002c   Code   RO         9012    i.USBH_ErrorHandle  usbh_core.o
    0x0800b32a   0x0800b32a   0x00000018   Code   RO         9109    i.USBH_Free_Channel  usbh_hcs.o
    0x0800b342   0x0800b342   0x00000032   Code   RO         9244    i.USBH_GetDescriptor  usbh_stdreq.o
    0x0800b374   0x0800b374   0x0000001e   Code   RO         9110    i.USBH_GetFreeChannel  usbh_hcs.o
    0x0800b392   0x0800b392   0x0000000e   Code   RO         9245    i.USBH_GetNextDesc  usbh_stdreq.o
    0x0800b3a0   0x0800b3a0   0x0000005c   Code   RO         9246    i.USBH_Get_CfgDesc  usbh_stdreq.o
    0x0800b3fc   0x0800b3fc   0x00000032   Code   RO         9247    i.USBH_Get_DevDesc  usbh_stdreq.o
    0x0800b42e   0x0800b42e   0x0000002e   Code   RO         9248    i.USBH_Get_StringDesc  usbh_stdreq.o
    0x0800b45c   0x0800b45c   0x00000200   Code   RO         9013    i.USBH_HandleControl  usbh_core.o
    0x0800b65c   0x0800b65c   0x000001c8   Code   RO         9014    i.USBH_HandleEnum   usbh_core.o
    0x0800b824   0x0800b824   0x00000040   Code   RO         9015    i.USBH_Init         usbh_core.o
    0x0800b864   0x0800b864   0x00000018   Code   RO         9404    i.USBH_MSC_BOTReset  usbh_msc_core.o
    0x0800b87c   0x0800b87c   0x00000040   Code   RO         9347    i.USBH_MSC_BOT_Abort  usbh_msc_bot.o
    0x0800b8bc   0x0800b8bc   0x0000000c   Code   RO         9405    i.USBH_MSC_ClassRequest  usbh_msc_core.o
    0x0800b8c8   0x0800b8c8   0x00000064   Code   RO         9348    i.USBH_MSC_DecodeCSW  usbh_msc_bot.o
    0x0800b92c   0x0800b92c   0x00000034   Code   RO         9406    i.USBH_MSC_ErrorHandle  usbh_msc_core.o
    0x0800b960   0x0800b960   0x00000020   Code   RO         9407    i.USBH_MSC_GETMaxLUN  usbh_msc_core.o
    0x0800b980   0x0800b980   0x0000015c   Code   RO         9408    i.USBH_MSC_Handle   usbh_msc_core.o
    0x0800badc   0x0800badc   0x0000025c   Code   RO         9349    i.USBH_MSC_HandleBOTXfer  usbh_msc_bot.o
    0x0800bd38   0x0800bd38   0x0000003c   Code   RO         9350    i.USBH_MSC_Init     usbh_msc_bot.o
    0x0800bd74   0x0800bd74   0x0000003c   Code   RO         9409    i.USBH_MSC_InterfaceDeInit  usbh_msc_core.o
    0x0800bdb0   0x0800bdb0   0x000000a0   Code   RO         9410    i.USBH_MSC_InterfaceInit  usbh_msc_core.o
    0x0800be50   0x0800be50   0x0000009c   Code   RO         9471    i.USBH_MSC_ModeSense6  usbh_msc_scsi.o
    0x0800beec   0x0800beec   0x000000dc   Code   RO         9472    i.USBH_MSC_Read10   usbh_msc_scsi.o
    0x0800bfc8   0x0800bfc8   0x000000a0   Code   RO         9473    i.USBH_MSC_ReadCapacity10  usbh_msc_scsi.o
    0x0800c068   0x0800c068   0x000000a0   Code   RO         9474    i.USBH_MSC_RequestSense  usbh_msc_scsi.o
    0x0800c108   0x0800c108   0x00000080   Code   RO         9475    i.USBH_MSC_TestUnitReady  usbh_msc_scsi.o
    0x0800c188   0x0800c188   0x000000a4   Code   RO         9476    i.USBH_MSC_Write10  usbh_msc_scsi.o
    0x0800c22c   0x0800c22c   0x00000034   Code   RO         9111    i.USBH_Modify_Channel  usbh_hcs.o
    0x0800c260   0x0800c260   0x000000a8   Code   RO         8657    i.USBH_OTG_ISR_Handler  usb_hcd_int.o
    0x0800c308   0x0800c308   0x00000050   Code   RO         9112    i.USBH_Open_Channel  usbh_hcs.o
    0x0800c358   0x0800c358   0x00000104   Code   RO         9249    i.USBH_ParseCfgDesc  usbh_stdreq.o
    0x0800c45c   0x0800c45c   0x00000058   Code   RO         9250    i.USBH_ParseDevDesc  usbh_stdreq.o
    0x0800c4b4   0x0800c4b4   0x00000020   Code   RO         9251    i.USBH_ParseEPDesc  usbh_stdreq.o
    0x0800c4d4   0x0800c4d4   0x00000026   Code   RO         9252    i.USBH_ParseInterfaceDesc  usbh_stdreq.o
    0x0800c4fa   0x0800c4fa   0x0000002e   Code   RO         9253    i.USBH_ParseStringDesc  usbh_stdreq.o
    0x0800c528   0x0800c528   0x00000192   Code   RO         9016    i.USBH_Process      usbh_core.o
    0x0800c6ba   0x0800c6ba   0x00000004   Code   RO         9017    i.USBH_SOF          usbh_core.o
    0x0800c6be   0x0800c6be   0x00000018   Code   RO         9254    i.USBH_SetAddress   usbh_stdreq.o
    0x0800c6d6   0x0800c6d6   0x00000018   Code   RO         9255    i.USBH_SetCfg       usbh_stdreq.o
    0x0800c6ee   0x0800c6ee   0x00000014   Code   RO         9170    i.USBH_SubmitSetupRequest  usbh_ioreq.o
    0x0800c702   0x0800c702   0x00000004   Code   RO         8506    i.USBH_USR_Configuration_DescAvailable  usbh_usr.o
    0x0800c706   0x0800c706   0x00000002   Code   RO         8507    i.USBH_USR_DeInit   usbh_usr.o
    0x0800c708   0x0800c708   0x00000002   Code   RO         8508    i.USBH_USR_DeviceAddressAssigned  usbh_usr.o
    0x0800c70a   0x0800c70a   0x00000002   PAD
    0x0800c70c   0x0800c70c   0x00000014   Code   RO         8509    i.USBH_USR_DeviceAttached  usbh_usr.o
    0x0800c720   0x0800c720   0x00000018   Code   RO         8510    i.USBH_USR_DeviceDisconnected  usbh_usr.o
    0x0800c738   0x0800c738   0x00000002   Code   RO         8511    i.USBH_USR_DeviceNotSupported  usbh_usr.o
    0x0800c73a   0x0800c73a   0x00000002   Code   RO         8512    i.USBH_USR_DeviceSpeedDetected  usbh_usr.o
    0x0800c73c   0x0800c73c   0x00000002   Code   RO         8513    i.USBH_USR_Device_DescAvailable  usbh_usr.o
    0x0800c73e   0x0800c73e   0x00000002   Code   RO         8514    i.USBH_USR_EnumerationDone  usbh_usr.o
    0x0800c740   0x0800c740   0x00000014   Code   RO         8515    i.USBH_USR_Init     usbh_usr.o
    0x0800c754   0x0800c754   0x00000004   Code   RO         8516    i.USBH_USR_MSC_Application  usbh_usr.o
    0x0800c758   0x0800c758   0x00000002   Code   RO         8517    i.USBH_USR_Manufacturer_String  usbh_usr.o
    0x0800c75a   0x0800c75a   0x00000002   Code   RO         8518    i.USBH_USR_OverCurrentDetected  usbh_usr.o
    0x0800c75c   0x0800c75c   0x00000002   Code   RO         8519    i.USBH_USR_Product_String  usbh_usr.o
    0x0800c75e   0x0800c75e   0x00000002   Code   RO         8520    i.USBH_USR_ResetDevice  usbh_usr.o
    0x0800c760   0x0800c760   0x00000002   Code   RO         8521    i.USBH_USR_SerialNum_String  usbh_usr.o
    0x0800c762   0x0800c762   0x00000002   Code   RO         8522    i.USBH_USR_UnrecoveredError  usbh_usr.o
    0x0800c764   0x0800c764   0x00000004   Code   RO         8523    i.USBH_USR_UserInput  usbh_usr.o
    0x0800c768   0x0800c768   0x0000000c   Code   RO         8414    i.USB_OTG_BSP_ConfigVBUS  usb_bsp.o
    0x0800c774   0x0800c774   0x00000002   Code   RO         8415    i.USB_OTG_BSP_DriveVBUS  usb_bsp.o
    0x0800c776   0x0800c776   0x00000028   Code   RO         8416    i.USB_OTG_BSP_EnableInterrupt  usb_bsp.o
    0x0800c79e   0x0800c79e   0x00000002   PAD
    0x0800c7a0   0x0800c7a0   0x0000004c   Code   RO         8417    i.USB_OTG_BSP_Init  usb_bsp.o
    0x0800c7ec   0x0800c7ec   0x00000038   Code   RO         8418    i.USB_OTG_BSP_TimeInit  usb_bsp.o
    0x0800c824   0x0800c824   0x00000038   Code   RO         8419    i.USB_OTG_BSP_TimerIRQ  usb_bsp.o
    0x0800c85c   0x0800c85c   0x00000006   Code   RO         8420    i.USB_OTG_BSP_mDelay  usb_bsp.o
    0x0800c862   0x0800c862   0x00000006   Code   RO         8421    i.USB_OTG_BSP_uDelay  usb_bsp.o
    0x0800c868   0x0800c868   0x000000a8   Code   RO         8819    i.USB_OTG_CoreInit  usb_core.o
    0x0800c910   0x0800c910   0x000000b4   Code   RO         8820    i.USB_OTG_CoreInitHost  usb_core.o
    0x0800c9c4   0x0800c9c4   0x0000005c   Code   RO         8821    i.USB_OTG_CoreReset  usb_core.o
    0x0800ca20   0x0800ca20   0x00000010   Code   RO         8822    i.USB_OTG_DisableGlobalInt  usb_core.o
    0x0800ca30   0x0800ca30   0x00000048   Code   RO         8823    i.USB_OTG_DriveVbus  usb_core.o
    0x0800ca78   0x0800ca78   0x0000001c   Code   RO         8824    i.USB_OTG_EnableCommonInt  usb_core.o
    0x0800ca94   0x0800ca94   0x00000010   Code   RO         8825    i.USB_OTG_EnableGlobalInt  usb_core.o
    0x0800caa4   0x0800caa4   0x00000046   Code   RO         8826    i.USB_OTG_EnableHostInt  usb_core.o
    0x0800caea   0x0800caea   0x00000002   PAD
    0x0800caec   0x0800caec   0x0000003c   Code   RO         8827    i.USB_OTG_FlushRxFifo  usb_core.o
    0x0800cb28   0x0800cb28   0x00000044   Code   RO         8828    i.USB_OTG_FlushTxFifo  usb_core.o
    0x0800cb6c   0x0800cb6c   0x0000000a   Code   RO         8829    i.USB_OTG_GetMode   usb_core.o
    0x0800cb76   0x0800cb76   0x0000002a   Code   RO         8830    i.USB_OTG_HC_DoPing  usb_core.o
    0x0800cba0   0x0800cba0   0x00000064   Code   RO         8831    i.USB_OTG_HC_Halt   usb_core.o
    0x0800cc04   0x0800cc04   0x0000013c   Code   RO         8832    i.USB_OTG_HC_Init   usb_core.o
    0x0800cd40   0x0800cd40   0x00000120   Code   RO         8833    i.USB_OTG_HC_StartXfer  usb_core.o
    0x0800ce60   0x0800ce60   0x0000000c   Code   RO         8834    i.USB_OTG_InitFSLSPClkSel  usb_core.o
    0x0800ce6c   0x0800ce6c   0x0000000c   Code   RO         8836    i.USB_OTG_IsEvenFrame  usb_core.o
    0x0800ce78   0x0800ce78   0x0000000e   Code   RO         8837    i.USB_OTG_IsHostMode  usb_core.o
    0x0800ce86   0x0800ce86   0x0000000a   Code   RO         8838    i.USB_OTG_ReadCoreItr  usb_core.o
    0x0800ce90   0x0800ce90   0x00000018   Code   RO         8839    i.USB_OTG_ReadHPRT0  usb_core.o
    0x0800cea8   0x0800cea8   0x00000006   Code   RO         8840    i.USB_OTG_ReadHostAllChannels_intr  usb_core.o
    0x0800ceae   0x0800ceae   0x00000020   Code   RO         8842    i.USB_OTG_ReadPacket  usb_core.o
    0x0800cece   0x0800cece   0x0000002c   Code   RO         8843    i.USB_OTG_ResetPort  usb_core.o
    0x0800cefa   0x0800cefa   0x00000002   PAD
    0x0800cefc   0x0800cefc   0x000000c4   Code   RO         8844    i.USB_OTG_SelectCore  usb_core.o
    0x0800cfc0   0x0800cfc0   0x00000036   Code   RO         8845    i.USB_OTG_SetCurrentMode  usb_core.o
    0x0800cff6   0x0800cff6   0x00000002   PAD
    0x0800cff8   0x0800cff8   0x0000002c   Code   RO         8658    i.USB_OTG_USBH_handle_Disconnect_ISR  usb_hcd_int.o
    0x0800d024   0x0800d024   0x00000046   Code   RO         8659    i.USB_OTG_USBH_handle_IncompletePeriodicXfer_ISR  usb_hcd_int.o
    0x0800d06a   0x0800d06a   0x00000056   Code   RO         8660    i.USB_OTG_USBH_handle_hc_ISR  usb_hcd_int.o
    0x0800d0c0   0x0800d0c0   0x0000042a   Code   RO         8661    i.USB_OTG_USBH_handle_hc_n_In_ISR  usb_hcd_int.o
    0x0800d4ea   0x0800d4ea   0x000003d0   Code   RO         8662    i.USB_OTG_USBH_handle_hc_n_Out_ISR  usb_hcd_int.o
    0x0800d8ba   0x0800d8ba   0x0000012e   Code   RO         8663    i.USB_OTG_USBH_handle_nptxfempty_ISR  usb_hcd_int.o
    0x0800d9e8   0x0800d9e8   0x00000120   Code   RO         8664    i.USB_OTG_USBH_handle_port_ISR  usb_hcd_int.o
    0x0800db08   0x0800db08   0x0000012e   Code   RO         8665    i.USB_OTG_USBH_handle_ptxfempty_ISR  usb_hcd_int.o
    0x0800dc36   0x0800dc36   0x00000164   Code   RO         8666    i.USB_OTG_USBH_handle_rx_qlvl_ISR  usb_hcd_int.o
    0x0800dd9a   0x0800dd9a   0x00000002   PAD
    0x0800dd9c   0x0800dd9c   0x0000002c   Code   RO         8667    i.USB_OTG_USBH_handle_sof_ISR  usb_hcd_int.o
    0x0800ddc8   0x0800ddc8   0x00000028   Code   RO         8847    i.USB_OTG_WritePacket  usb_core.o
    0x0800ddf0   0x0800ddf0   0x0000008c   Code   RO         5765    i.Uart_Process      user.o
    0x0800de7c   0x0800de7c   0x00000002   Code   RO         5405    i.UsageFault_Handler  stm32f4xx_it.o
    0x0800de7e   0x0800de7e   0x0000001e   Code   RO         7595    i.Usart_SendByte    bsp_debug_usart.o
    0x0800de9c   0x0800de9c   0x0000002e   Code   RO         7596    i.Usart_SendString  bsp_debug_usart.o
    0x0800deca   0x0800deca   0x00000002   PAD
    0x0800decc   0x0800decc   0x0000055c   Code   RO         6341    i.Use_DebugProcess  test.o
    0x0800e428   0x0800e428   0x000004a0   Code   RO         5766    i.Use_SysSetProcess  user.o
    0x0800e8c8   0x0800e8c8   0x0000007c   Code   RO         5767    i.V_Comp            user.o
    0x0800e944   0x0800e944   0x00000030   Code   RO         5768    i.V_Datacov         user.o
    0x0800e974   0x0800e974   0x00000044   Code   RO         6629    i.V_I_Select_Configuration  gpio.o
    0x0800e9b8   0x0800e9b8   0x00000012   Code   RO         6973    i.WriteOneHzChar_16  bsp_lcd.o
    0x0800e9ca   0x0800e9ca   0x00000002   PAD
    0x0800e9cc   0x0800e9cc   0x000000a0   Code   RO         6974    i.WriteString_16    bsp_lcd.o
    0x0800ea6c   0x0800ea6c   0x00000078   Code   RO         6975    i.WriteString_Big   bsp_lcd.o
    0x0800eae4   0x0800eae4   0x0000000c   Code   RO         6852    i._164Delaay        keyboard.o
    0x0800eaf0   0x0800eaf0   0x00000020   Code   RO         9714    i.__0printf$6       mc_w.l(printf6.o)
    0x0800eb10   0x0800eb10   0x00000028   Code   RO         9716    i.__0sprintf$6      mc_w.l(printf6.o)
    0x0800eb38   0x0800eb38   0x00000030   Code   RO         9850    i.__ARM_fpclassify  m_wm.l(fpclassify.o)
    0x0800eb68   0x0800eb68   0x00000c50   Code   RO         9530    i.__hardfp_pow      m_wm.l(pow.o)
    0x0800f7b8   0x0800f7b8   0x000000f8   Code   RO         9852    i.__kernel_poly     m_wm.l(poly.o)
    0x0800f8b0   0x0800f8b0   0x00000030   Code   RO         9830    i.__mathlib_dbl_divzero  m_wm.l(dunder.o)
    0x0800f8e0   0x0800f8e0   0x00000014   Code   RO         9832    i.__mathlib_dbl_infnan2  m_wm.l(dunder.o)
    0x0800f8f4   0x0800f8f4   0x00000004   PAD
    0x0800f8f8   0x0800f8f8   0x00000020   Code   RO         9833    i.__mathlib_dbl_invalid  m_wm.l(dunder.o)
    0x0800f918   0x0800f918   0x00000020   Code   RO         9834    i.__mathlib_dbl_overflow  m_wm.l(dunder.o)
    0x0800f938   0x0800f938   0x00000020   Code   RO         9836    i.__mathlib_dbl_underflow  m_wm.l(dunder.o)
    0x0800f958   0x0800f958   0x0000000e   Code   RO         9924    i.__scatterload_copy  mc_w.l(handlers.o)
    0x0800f966   0x0800f966   0x00000002   Code   RO         9925    i.__scatterload_null  mc_w.l(handlers.o)
    0x0800f968   0x0800f968   0x0000000e   Code   RO         9926    i.__scatterload_zeroinit  mc_w.l(handlers.o)
    0x0800f976   0x0800f976   0x00000002   PAD
    0x0800f978   0x0800f978   0x0000000c   Code   RO         9888    i.__set_errno       mc_w.l(errno.o)
    0x0800f984   0x0800f984   0x000002f0   Code   RO         9721    i._printf_core      mc_w.l(printf6.o)
    0x0800fc74   0x0800fc74   0x00000024   Code   RO         9722    i._printf_post_padding  mc_w.l(printf6.o)
    0x0800fc98   0x0800fc98   0x0000002e   Code   RO         9723    i._printf_pre_padding  mc_w.l(printf6.o)
    0x0800fcc6   0x0800fcc6   0x0000000a   Code   RO         9725    i._sputc            mc_w.l(printf6.o)
    0x0800fcd0   0x0800fcd0   0x0000007c   Code   RO         8025    i.check_fs          ff.o
    0x0800fd4c   0x0800fd4c   0x00000010   Code   RO         8026    i.chk_chr           ff.o
    0x0800fd5c   0x0800fd5c   0x00000018   Code   RO         8027    i.clust2sect        ff.o
    0x0800fd74   0x0800fd74   0x00000080   Code   RO         8028    i.cmp_lfn           ff.o
    0x0800fdf4   0x0800fdf4   0x000000a8   Code   RO         8029    i.create_chain      ff.o
    0x0800fe9c   0x0800fe9c   0x00000230   Code   RO         8030    i.create_name       ff.o
    0x080100cc   0x080100cc   0x00000022   Code   RO         7713    i.delay_1us         bsp_systick.o
    0x080100ee   0x080100ee   0x0000000a   Code   RO         7714    i.delay_us          bsp_systick.o
    0x080100f8   0x080100f8   0x00000044   Code   RO         8031    i.dir_alloc         ff.o
    0x0801013c   0x0801013c   0x000000c6   Code   RO         8032    i.dir_find          ff.o
    0x08010202   0x08010202   0x00000114   Code   RO         8033    i.dir_next          ff.o
    0x08010316   0x08010316   0x00000104   Code   RO         8035    i.dir_register      ff.o
    0x0801041a   0x0801041a   0x000000a0   Code   RO         8037    i.dir_sdi           ff.o
    0x080104ba   0x080104ba   0x00000002   PAD
    0x080104bc   0x080104bc   0x00000018   Code   RO         7965    i.disk_initialize   diskio.o
    0x080104d4   0x080104d4   0x00000038   Code   RO         7966    i.disk_ioctl        diskio.o
    0x0801050c   0x0801050c   0x00000060   Code   RO         7967    i.disk_read         diskio.o
    0x0801056c   0x0801056c   0x00000004   Code   RO         7968    i.disk_status       diskio.o
    0x08010570   0x08010570   0x0000004c   Code   RO         7969    i.disk_write        diskio.o
    0x080105bc   0x080105bc   0x0000001e   Code   RO         8039    i.f_close           ff.o
    0x080105da   0x080105da   0x00000174   Code   RO         8044    i.f_lseek           ff.o
    0x0801074e   0x0801074e   0x00000164   Code   RO         8045    i.f_mkdir           ff.o
    0x080108b2   0x080108b2   0x00000002   PAD
    0x080108b4   0x080108b4   0x0000004c   Code   RO         8047    i.f_mount           ff.o
    0x08010900   0x08010900   0x00000158   Code   RO         8048    i.f_open            ff.o
    0x08010a58   0x08010a58   0x0000009a   Code   RO         8058    i.f_sync            ff.o
    0x08010af2   0x08010af2   0x000001ba   Code   RO         8062    i.f_write           ff.o
    0x08010cac   0x08010cac   0x00000018   Code   RO         9846    i.fabs              m_wm.l(fabs.o)
    0x08010cc4   0x08010cc4   0x00000058   Code   RO         8380    i.ff_convert        cc936.o
    0x08010d1c   0x08010d1c   0x0000002c   Code   RO         8381    i.ff_wtoupper       cc936.o
    0x08010d48   0x08010d48   0x00000034   Code   RO         6976    i.findHzIndex_16    bsp_lcd.o
    0x08010d7c   0x08010d7c   0x00000348   Code   RO         8063    i.find_volume       ff.o
    0x080110c4   0x080110c4   0x0000006c   Code   RO         8064    i.fit_lfn           ff.o
    0x08011130   0x08011130   0x0000006a   Code   RO         8065    i.follow_path       ff.o
    0x0801119a   0x0801119a   0x00000002   PAD
    0x0801119c   0x0801119c   0x00000024   Code   RO         7598    i.fputc             bsp_debug_usart.o
    0x080111c0   0x080111c0   0x00000098   Code   RO         8066    i.gen_numname       ff.o
    0x08011258   0x08011258   0x00000100   Code   RO         8067    i.get_fat           ff.o
    0x08011358   0x08011358   0x00000044   Code   RO         7970    i.get_fattime       diskio.o
    0x0801139c   0x0801139c   0x00000042   Code   RO         8069    i.get_ldnumber      ff.o
    0x080113de   0x080113de   0x00000002   PAD
    0x080113e0   0x080113e0   0x00000238   Code   RO         5770    i.input_num         user.o
    0x08011618   0x08011618   0x0000001e   Code   RO         8070    i.ld_clust          ff.o
    0x08011636   0x08011636   0x00000002   PAD
    0x08011638   0x08011638   0x00000094   Code   RO         5161    i.main              main.o
    0x080116cc   0x080116cc   0x0000001a   Code   RO         8071    i.mem_cmp           ff.o
    0x080116e6   0x080116e6   0x00000012   Code   RO         8072    i.mem_cpy           ff.o
    0x080116f8   0x080116f8   0x00000010   Code   RO         8073    i.mem_set           ff.o
    0x08011708   0x08011708   0x00000034   Code   RO         8074    i.move_window       ff.o
    0x0801173c   0x0801173c   0x0000012c   Code   RO         8076    i.put_fat           ff.o
    0x08011868   0x08011868   0x000000f0   Code   RO         5774    i.read_adI_1        user.o
    0x08011958   0x08011958   0x000000f8   Code   RO         5775    i.read_adI_2        user.o
    0x08011a50   0x08011a50   0x000000a0   Code   RO         5776    i.read_adI_3        user.o
    0x08011af0   0x08011af0   0x000000f4   Code   RO         5778    i.read_adV_1        user.o
    0x08011be4   0x08011be4   0x00000100   Code   RO         5779    i.read_adV_2        user.o
    0x08011ce4   0x08011ce4   0x000000a4   Code   RO         5780    i.read_adV_3        user.o
    0x08011d88   0x08011d88   0x00000048   Code   RO         6630    i.read_cpld         gpio.o
    0x08011dd0   0x08011dd0   0x00000066   Code   RO         8078    i.remove_chain      ff.o
    0x08011e36   0x08011e36   0x00000002   PAD
    0x08011e38   0x08011e38   0x0000003c   Code   RO         6631    i.sm_RYsel          gpio.o
    0x08011e74   0x08011e74   0x0000006e   Code   RO         9857    i.sqrt              m_wm.l(sqrt.o)
    0x08011ee2   0x08011ee2   0x00000010   Code   RO         8079    i.st_clust          ff.o
    0x08011ef2   0x08011ef2   0x0000001a   Code   RO         8080    i.sum_sfn           ff.o
    0x08011f0c   0x08011f0c   0x000000b4   Code   RO         8081    i.sync_fs           ff.o
    0x08011fc0   0x08011fc0   0x00000054   Code   RO         8082    i.sync_window       ff.o
    0x08012014   0x08012014   0x00000030   Code   RO         5406    i.uart1SendChars    stm32f4xx_it.o
    0x08012044   0x08012044   0x0000002c   Code   RO         8083    i.validate          ff.o
    0x08012070   0x08012070   0x00000200   Data   RO         5408    .constdata          stm32f4xx_it.o
    0x08012270   0x08012270   0x00000852   Data   RO         5784    .constdata          user.o
    0x08012ac2   0x08012ac2   0x00000008   Data   RO         6853    .constdata          keyboard.o
    0x08012aca   0x08012aca   0x0000180a   Data   RO         6980    .constdata          bsp_lcd.o
    0x080142d4   0x080142d4   0x000011d0   Data   RO         7307    .constdata          fonts.o
    0x080154a4   0x080154a4   0x00000270   Data   RO         7308    .constdata          fonts.o
    0x08015714   0x08015714   0x00001e28   Data   RO         7309    .constdata          fonts.o
    0x0801753c   0x0801753c   0x00000b80   Data   RO         7310    .constdata          fonts.o
    0x080180bc   0x080180bc   0x000005f0   Data   RO         7314    .constdata          fonts.o
    0x080186ac   0x080186ac   0x00000090   Data   RO         7315    .constdata          fonts.o
    0x0801873c   0x0801873c   0x0000003a   Data   RO         8085    .constdata          ff.o
    0x08018776   0x08018776   0x0002acc8   Data   RO         8382    .constdata          cc936.o
    0x0804343e   0x0804343e   0x00000002   PAD
    0x08043440   0x08043440   0x00000088   Data   RO         9533    .constdata          m_wm.l(pow.o)
    0x080434c8   0x080434c8   0x00000008   Data   RO         9854    .constdata          m_wm.l(qnan.o)
    0x080434d0   0x080434d0   0x00000020   Data   RO         9922    Region$$Table       anon$$obj.o


    Execution Region RW_IRAM1 (Exec base: 0x20000000, Load base: 0x080434f0, Size: 0x00008208, Max: 0x00030000, ABSOLUTE, COMPRESSED[0x000000a0])

    Exec Addr    Load Addr    Size         Type   Attr      Idx    E Section Name        Object

    0x20000000   COMPRESSED   0x00000014   Data   RW           16    .data               system_stm32f4xx.o
    0x20000014   COMPRESSED   0x00000010   Data   RW         3013    .data               stm32f4xx_rcc.o
    0x20000024   COMPRESSED   0x00000008   Data   RW         5409    .data               stm32f4xx_it.o
    0x2000002c   COMPRESSED   0x00000001   Data   RW         5610    .data               pbdata.o
    0x2000002d   COMPRESSED   0x00000001   Data   RW         5612    .data               pbdata.o
    0x2000002e   COMPRESSED   0x00000001   Data   RW         5613    .data               pbdata.o
    0x2000002f   COMPRESSED   0x00000001   Data   RW         5615    .data               pbdata.o
    0x20000030   COMPRESSED   0x00000001   Data   RW         5616    .data               pbdata.o
    0x20000031   COMPRESSED   0x00000001   Data   RW         5617    .data               pbdata.o
    0x20000032   COMPRESSED   0x00000001   Data   RW         5619    .data               pbdata.o
    0x20000033   COMPRESSED   0x00000001   Data   RW         5620    .data               pbdata.o
    0x20000034   COMPRESSED   0x00000001   Data   RW         5621    .data               pbdata.o
    0x20000035   COMPRESSED   0x00000001   Data   RW         5622    .data               pbdata.o
    0x20000036   COMPRESSED   0x00000002   Data   RW         5623    .data               pbdata.o
    0x20000038   COMPRESSED   0x00000001   Data   RW         5624    .data               pbdata.o
    0x20000039   COMPRESSED   0x00000001   Data   RW         5626    .data               pbdata.o
    0x2000003a   COMPRESSED   0x00000001   Data   RW         5631    .data               pbdata.o
    0x2000003b   COMPRESSED   0x00000001   Data   RW         5632    .data               pbdata.o
    0x2000003c   COMPRESSED   0x00000001   Data   RW         5633    .data               pbdata.o
    0x2000003d   COMPRESSED   0x00000002   Data   RW         5634    .data               pbdata.o
    0x2000003f   COMPRESSED   0x00000001   Data   RW         5635    .data               pbdata.o
    0x20000040   COMPRESSED   0x00000004   Data   RW         5636    .data               pbdata.o
    0x20000044   COMPRESSED   0x00000004   Data   RW         5637    .data               pbdata.o
    0x20000048   COMPRESSED   0x00000001   Data   RW         5639    .data               pbdata.o
    0x20000049   COMPRESSED   0x00000001   Data   RW         5640    .data               pbdata.o
    0x2000004a   COMPRESSED   0x00000001   Data   RW         5641    .data               pbdata.o
    0x2000004b   COMPRESSED   0x00000001   PAD
    0x2000004c   COMPRESSED   0x00000004   Data   RW         5642    .data               pbdata.o
    0x20000050   COMPRESSED   0x00000004   Data   RW         5643    .data               pbdata.o
    0x20000054   COMPRESSED   0x00000004   Data   RW         5644    .data               pbdata.o
    0x20000058   COMPRESSED   0x00000001   Data   RW         5645    .data               pbdata.o
    0x20000059   COMPRESSED   0x00000001   Data   RW         5646    .data               pbdata.o
    0x2000005a   COMPRESSED   0x00000001   Data   RW         5647    .data               pbdata.o
    0x2000005b   COMPRESSED   0x00000002   Data   RW         5650    .data               pbdata.o
    0x2000005d   COMPRESSED   0x00000003   PAD
    0x20000060   COMPRESSED   0x00000044   Data   RW         5794    .data               user.o
    0x200000a4   COMPRESSED   0x00000004   Data   RW         6344    .data               test.o
    0x200000a8   COMPRESSED   0x00000006   Data   RW         6854    .data               keyboard.o
    0x200000ae   COMPRESSED   0x00000002   PAD
    0x200000b0   COMPRESSED   0x0000001c   Data   RW         6981    .data               bsp_lcd.o
    0x200000cc   COMPRESSED   0x00000008   Data   RW         7316    .data               fonts.o
    0x200000d4   COMPRESSED   0x00000004   Data   RW         7381    .data               bsp_spi_flash.o
    0x200000d8   COMPRESSED   0x00000008   Data   RW         7549    .data               bsp_basic_tim.o
    0x200000e0   COMPRESSED   0x00000004   Data   RW         7715    .data               bsp_systick.o
    0x200000e4   COMPRESSED   0x00000002   Data   RW         8086    .data               ff.o
    0x200000e6   COMPRESSED   0x00000002   PAD
    0x200000e8   COMPRESSED   0x00000004   Data   RW         8422    .data               usb_bsp.o
    0x200000ec   COMPRESSED   0x00000048   Data   RW         8541    .data               usbh_usr.o
    0x20000134   COMPRESSED   0x00000001   Data   RW         8542    .data               usbh_usr.o
    0x20000135   COMPRESSED   0x00000003   PAD
    0x20000138   COMPRESSED   0x0000000c   Data   RW         9018    .data               usbh_core.o
    0x20000144   COMPRESSED   0x00000004   Data   RW         9019    .data               usbh_core.o
    0x20000148   COMPRESSED   0x00000002   Data   RW         9020    .data               usbh_core.o
    0x2000014a   COMPRESSED   0x00000004   Data   RW         9258    .data               usbh_stdreq.o
    0x2000014e   COMPRESSED   0x00000002   PAD
    0x20000150   COMPRESSED   0x00000014   Data   RW         9352    .data               usbh_msc_bot.o
    0x20000164   COMPRESSED   0x00000002   Data   RW         9412    .data               usbh_msc_core.o
    0x20000166   COMPRESSED   0x00000002   PAD
    0x20000168   COMPRESSED   0x00000010   Data   RW         9413    .data               usbh_msc_core.o
    0x20000178   COMPRESSED   0x00000001   Data   RW         9479    .data               usbh_msc_scsi.o
    0x20000179   COMPRESSED   0x00000003   PAD
    0x2000017c   COMPRESSED   0x00000004   Data   RW         9881    .data               mc_w.l(stdout.o)
    0x20000180   COMPRESSED   0x00000004   Data   RW         9889    .data               mc_w.l(errno.o)
    0x20000184        -       0x000000a3   Zero   RW         5407    .bss                stm32f4xx_it.o
    0x20000227   COMPRESSED   0x00000001   PAD
    0x20000228        -       0x00000208   Zero   RW         5588    .bss                pbdata.o
    0x20000430        -       0x000006b8   Zero   RW         5589    .bss                pbdata.o
    0x20000ae8        -       0x00000015   Zero   RW         5590    .bss                pbdata.o
    0x20000afd        -       0x0000002f   Zero   RW         5591    .bss                pbdata.o
    0x20000b2c        -       0x0000002a   Zero   RW         5592    .bss                pbdata.o
    0x20000b56   COMPRESSED   0x00000002   PAD
    0x20000b58        -       0x00000010   Zero   RW         5595    .bss                pbdata.o
    0x20000b68        -       0x00000010   Zero   RW         5599    .bss                pbdata.o
    0x20000b78        -       0x0000011c   Zero   RW         5600    .bss                pbdata.o
    0x20000c94        -       0x00000050   Zero   RW         5601    .bss                pbdata.o
    0x20000ce4        -       0x00000030   Zero   RW         5602    .bss                pbdata.o
    0x20000d14        -       0x00000037   Zero   RW         5605    .bss                pbdata.o
    0x20000d4b   COMPRESSED   0x00000001   PAD
    0x20000d4c        -       0x00000704   Zero   RW         5606    .bss                pbdata.o
    0x20001450        -       0x000000b4   Zero   RW         5607    .bss                pbdata.o
    0x20001504        -       0x00000014   Zero   RW         5782    .bss                user.o
    0x20001518        -       0x00002054   Zero   RW         6343    .bss                test.o
    0x2000356c        -       0x0000000c   Zero   RW         8084    .bss                ff.o
    0x20003578        -       0x000005ac   Zero   RW         8524    .bss                usbh_usr.o
    0x20003b24        -       0x00000084   Zero   RW         8525    .bss                usbh_usr.o
    0x20003ba8        -       0x00000200   Zero   RW         9257    .bss                usbh_stdreq.o
    0x20003da8        -       0x00000040   Zero   RW         9351    .bss                usbh_msc_bot.o
    0x20003de8        -       0x0000020a   Zero   RW         9411    .bss                usbh_msc_core.o
    0x20003ff2   COMPRESSED   0x00000002   PAD
    0x20003ff4        -       0x00000210   Zero   RW         9477    .bss                usbh_msc_scsi.o
    0x20004204   COMPRESSED   0x00000004   PAD
    0x20004208        -       0x00004000   Zero   RW            1    STACK               startup_stm32f429_439xx.o


==============================================================================

Image component sizes


      Code (inc. data)   RO Data    RW Data    ZI Data      Debug   Object Name

       212          8          0          0          0       1272   ad7706.o
       204         20          0          8          0       2427   bsp_basic_tim.o
       330         20          0          0          0       4081   bsp_debug_usart.o
       170         10          0          0          0       1122   bsp_exti.o
      2820        192       6154         28          0      25008   bsp_lcd.o
       338         32          0          0          0       2358   bsp_rtc.o
      1196         30          0          0          0       3113   bsp_sdram.o
       984        148          0          4          0       7167   bsp_spi_flash.o
       128         16          0          4          0      29225   bsp_systick.o
       132         20     175304          0          0       2487   cc936.o
       244         14          0          0          0       2229   cpld.o
       324         28          0          0          0       5288   diskio.o
      6178         60         58          2         12      40658   ff.o
        56         10          0          0          0       1279   flash_eerom.o
        20          6      17512          8          0       2422   fonts.o
      1722        280          0          0          0      15090   gpio.o
       664         56          8          6          0       7839   keyboard.o
       148         40          0          0          0     296498   main.o
       144         24          0          0          0       2405   misc.o
        32         10          0         48       4825      15411   pbdata.o
        36          8        428          0      16384        968   startup_stm32f429_439xx.o
       244         18          0          0          0       3328   stm32f4xx_dma2d.o
       148         16          0          0          0       2492   stm32f4xx_exti.o
       364         10          0          0          0       3927   stm32f4xx_fmc.o
       178          0          0          0          0       3931   stm32f4xx_gpio.o
      1350        164        512          8        163      65074   stm32f4xx_it.o
       390         24          0          0          0       4814   stm32f4xx_ltdc.o
        12          6          0          0          0        586   stm32f4xx_pwr.o
       504         86          0         16          0      11050   stm32f4xx_rcc.o
      1118        100          0          0          0      14212   stm32f4xx_rtc.o
       102          0          0          0          0       3938   stm32f4xx_spi.o
        44          6          0          0          0        724   stm32f4xx_syscfg.o
       228         28          0          0          0       5489   stm32f4xx_tim.o
       304          8          0          0          0       5947   stm32f4xx_usart.o
       304         34          0         20          0     348781   system_stm32f4xx.o
     14910       1018          0          4       8276      41158   test.o
       398         18          0          4          0      25408   usb_bsp.o
      1970         26          0          0          0      19611   usb_core.o
       160          0          0          0          0       5363   usb_hcd.o
      3702         16          0          0          0      10907   usb_hcd_int.o
      1554         42          0         18          0      17877   usbh_core.o
       246          0          0          0          0       4736   usbh_hcs.o
       336          0          0          0          0       5886   usbh_ioreq.o
       828         64          0         20         64       7445   usbh_msc_bot.o
       688         56          0         18        522       7305   usbh_msc_core.o
       988         72          0          1        528       7764   usbh_msc_scsi.o
       810         12          0          4        512      10809   usbh_stdreq.o
       100         24          0         73       1584      10633   usbh_usr.o
     18674       2304       2130         68         20      97165   user.o

    ----------------------------------------------------------------------
     66810       5184     202140        380      32900    1214707   Object Totals
         0          0         32          0          0          0   (incl. Generated)
        74          0          2         18         10          0   (incl. Padding)

    ----------------------------------------------------------------------

      Code (inc. data)   RO Data    RW Data    ZI Data      Debug   Library Member Name

       164         44          0          0          0        620   dunder.o
        24          0          0          0          0        124   fabs.o
        48          0          0          0          0        124   fpclassify.o
       248          0          0          0          0        152   poly.o
      3152        296        136          0          0        352   pow.o
         0          0          8          0          0          0   qnan.o
       110          0          0          0          0        148   sqrt.o
        86          0          0          0          0          0   __dczerorl2.o
         0          0          0          0          0          0   entry.o
         0          0          0          0          0          0   entry10a.o
         0          0          0          0          0          0   entry11a.o
         8          4          0          0          0          0   entry2.o
         4          0          0          0          0          0   entry5.o
         0          0          0          0          0          0   entry7b.o
         0          0          0          0          0          0   entry8b.o
         8          4          0          0          0          0   entry9a.o
        12          6          0          4          0         68   errno.o
        30          0          0          0          0          0   handlers.o
        36          8          0          0          0         68   init.o
         0          0          0          0          0          0   iusefp.o
        30          0          0          0          0         68   llshl.o
        36          0          0          0          0         68   llsshr.o
        32          0          0          0          0         68   llushr.o
        36          0          0          0          0         68   memcpya.o
        36          0          0          0          0        108   memseta.o
       916         20          0          0          0        504   printf6.o
         0          0          0          4          0          0   stdout.o
        24          0          0          0          0         68   strcat.o
        18          0          0          0          0         68   strcpy.o
        44          0          0          0          0         80   uidiv.o
        48          0          0          0          0         68   cdrcmple.o
        56          0          0          0          0         88   d2f.o
       334          0          0          0          0        148   dadd.o
       222          0          0          0          0        100   ddiv.o
       186          0          0          0          0        176   depilogue.o
        34          0          0          0          0         76   dflti.o
        26          0          0          0          0         76   dfltui.o
       228          0          0          0          0         96   dmul.o
        46          0          0          0          0         80   dscalb.o
       162          0          0          0          0        100   dsqrt.o
        38          0          0          0          0         68   f2d.o
       110          0          0          0          0        168   fepilogue.o

    ----------------------------------------------------------------------
      6602        382        144          8          0       4000   Library Totals
        10          0          0          0          0          0   (incl. Padding)

    ----------------------------------------------------------------------

      Code (inc. data)   RO Data    RW Data    ZI Data      Debug   Library Name

      3746        340        144          0          0       1520   m_wm.l
      1356         42          0          8          0       1236   mc_w.l
      1490          0          0          0          0       1244   mf_w.l

    ----------------------------------------------------------------------
      6602        382        144          8          0       4000   Library Totals

    ----------------------------------------------------------------------

==============================================================================


      Code (inc. data)   RO Data    RW Data    ZI Data      Debug   

     73412       5566     202284        388      32900    1172491   Grand Totals
     73412       5566     202284        160      32900    1172491   ELF Image Totals (compressed)
     73412       5566     202284        160          0          0   ROM Totals

==============================================================================

    Total RO  Size (Code + RO Data)               275696 ( 269.23kB)
    Total RW  Size (RW Data + ZI Data)             33288 (  32.51kB)
    Total ROM Size (Code + RO Data + RW Data)     275856 ( 269.39kB)

==============================================================================

