Component: ARM Compiler 5.06 update 6 (build 750) Tool: armlink [4d35ed]

==============================================================================

Section Cross References

    startup_stm32f429_439xx.o(RESET) refers to startup_stm32f429_439xx.o(STACK) for __initial_sp
    startup_stm32f429_439xx.o(RESET) refers to startup_stm32f429_439xx.o(.text) for Reset_Handler
    startup_stm32f429_439xx.o(RESET) refers to stm32f4xx_it.o(i.NMI_Handler) for NMI_Handler
    startup_stm32f429_439xx.o(RESET) refers to stm32f4xx_it.o(i.HardFault_Handler) for HardFault_Handler
    startup_stm32f429_439xx.o(RESET) refers to stm32f4xx_it.o(i.MemManage_Handler) for MemManage_Handler
    startup_stm32f429_439xx.o(RESET) refers to stm32f4xx_it.o(i.BusFault_Handler) for BusFault_Handler
    startup_stm32f429_439xx.o(RESET) refers to stm32f4xx_it.o(i.UsageFault_Handler) for UsageFault_Handler
    startup_stm32f429_439xx.o(RESET) refers to stm32f4xx_it.o(i.SVC_Handler) for SVC_Handler
    startup_stm32f429_439xx.o(RESET) refers to stm32f4xx_it.o(i.DebugMon_Handler) for DebugMon_Handler
    startup_stm32f429_439xx.o(RESET) refers to stm32f4xx_it.o(i.PendSV_Handler) for PendSV_Handler
    startup_stm32f429_439xx.o(RESET) refers to stm32f4xx_it.o(i.SysTick_Handler) for SysTick_Handler
    startup_stm32f429_439xx.o(RESET) refers to bsp_rtc.o(i.RTC_WKUP_IRQHandler) for RTC_WKUP_IRQHandler
    startup_stm32f429_439xx.o(RESET) refers to stm32f4xx_it.o(i.EXTI3_IRQHandler) for EXTI3_IRQHandler
    startup_stm32f429_439xx.o(RESET) refers to stm32f4xx_it.o(i.TIM2_IRQHandler) for TIM2_IRQHandler
    startup_stm32f429_439xx.o(RESET) refers to stm32f4xx_it.o(i.USART3_IRQHandler) for USART3_IRQHandler
    startup_stm32f429_439xx.o(RESET) refers to stm32f4xx_it.o(i.EXTI15_10_IRQHandler) for EXTI15_10_IRQHandler
    startup_stm32f429_439xx.o(RESET) refers to stm32f4xx_it.o(i.TIM6_DAC_IRQHandler) for TIM6_DAC_IRQHandler
    startup_stm32f429_439xx.o(RESET) refers to stm32f4xx_it.o(i.OTG_HS_IRQHandler) for OTG_HS_IRQHandler
    startup_stm32f429_439xx.o(.text) refers to system_stm32f4xx.o(i.SystemInit) for SystemInit
    startup_stm32f429_439xx.o(.text) refers to entry.o(.ARM.Collect$$$$00000000) for __main
    system_stm32f4xx.o(i.SystemCoreClockUpdate) refers to system_stm32f4xx.o(.data) for .data
    system_stm32f4xx.o(i.SystemInit) refers to system_stm32f4xx.o(i.SetSysClock) for SetSysClock
    stm32f4xx_adc.o(i.ADC_DeInit) refers to stm32f4xx_rcc.o(i.RCC_APB2PeriphResetCmd) for RCC_APB2PeriphResetCmd
    stm32f4xx_can.o(i.CAN_DeInit) refers to stm32f4xx_rcc.o(i.RCC_APB1PeriphResetCmd) for RCC_APB1PeriphResetCmd
    stm32f4xx_can.o(i.CAN_GetITStatus) refers to stm32f4xx_can.o(i.CheckITStatus) for CheckITStatus
    stm32f4xx_cryp.o(i.CRYP_DeInit) refers to stm32f4xx_rcc.o(i.RCC_AHB2PeriphResetCmd) for RCC_AHB2PeriphResetCmd
    stm32f4xx_cryp_aes.o(i.CRYP_AES_CBC) refers to stm32f4xx_cryp.o(i.CRYP_KeyStructInit) for CRYP_KeyStructInit
    stm32f4xx_cryp_aes.o(i.CRYP_AES_CBC) refers to stm32f4xx_cryp.o(i.CRYP_KeyInit) for CRYP_KeyInit
    stm32f4xx_cryp_aes.o(i.CRYP_AES_CBC) refers to stm32f4xx_cryp.o(i.CRYP_Init) for CRYP_Init
    stm32f4xx_cryp_aes.o(i.CRYP_AES_CBC) refers to stm32f4xx_cryp.o(i.CRYP_IVInit) for CRYP_IVInit
    stm32f4xx_cryp_aes.o(i.CRYP_AES_CBC) refers to stm32f4xx_cryp.o(i.CRYP_FIFOFlush) for CRYP_FIFOFlush
    stm32f4xx_cryp_aes.o(i.CRYP_AES_CBC) refers to stm32f4xx_cryp.o(i.CRYP_Cmd) for CRYP_Cmd
    stm32f4xx_cryp_aes.o(i.CRYP_AES_CBC) refers to stm32f4xx_cryp.o(i.CRYP_GetCmdStatus) for CRYP_GetCmdStatus
    stm32f4xx_cryp_aes.o(i.CRYP_AES_CBC) refers to stm32f4xx_cryp.o(i.CRYP_GetFlagStatus) for CRYP_GetFlagStatus
    stm32f4xx_cryp_aes.o(i.CRYP_AES_CBC) refers to stm32f4xx_cryp.o(i.CRYP_DataIn) for CRYP_DataIn
    stm32f4xx_cryp_aes.o(i.CRYP_AES_CBC) refers to stm32f4xx_cryp.o(i.CRYP_DataOut) for CRYP_DataOut
    stm32f4xx_cryp_aes.o(i.CRYP_AES_CCM) refers to stm32f4xx_cryp.o(i.CRYP_KeyStructInit) for CRYP_KeyStructInit
    stm32f4xx_cryp_aes.o(i.CRYP_AES_CCM) refers to stm32f4xx_cryp.o(i.CRYP_FIFOFlush) for CRYP_FIFOFlush
    stm32f4xx_cryp_aes.o(i.CRYP_AES_CCM) refers to stm32f4xx_cryp.o(i.CRYP_KeyInit) for CRYP_KeyInit
    stm32f4xx_cryp_aes.o(i.CRYP_AES_CCM) refers to stm32f4xx_cryp.o(i.CRYP_IVInit) for CRYP_IVInit
    stm32f4xx_cryp_aes.o(i.CRYP_AES_CCM) refers to stm32f4xx_cryp.o(i.CRYP_Init) for CRYP_Init
    stm32f4xx_cryp_aes.o(i.CRYP_AES_CCM) refers to stm32f4xx_cryp.o(i.CRYP_PhaseConfig) for CRYP_PhaseConfig
    stm32f4xx_cryp_aes.o(i.CRYP_AES_CCM) refers to stm32f4xx_cryp.o(i.CRYP_DataIn) for CRYP_DataIn
    stm32f4xx_cryp_aes.o(i.CRYP_AES_CCM) refers to stm32f4xx_cryp.o(i.CRYP_Cmd) for CRYP_Cmd
    stm32f4xx_cryp_aes.o(i.CRYP_AES_CCM) refers to stm32f4xx_cryp.o(i.CRYP_GetCmdStatus) for CRYP_GetCmdStatus
    stm32f4xx_cryp_aes.o(i.CRYP_AES_CCM) refers to stm32f4xx_cryp.o(i.CRYP_GetFlagStatus) for CRYP_GetFlagStatus
[...]
    USB_OTG_ReadPacket                       0x0800d7c7   Thumb Code    32  usb_core.o(i.USB_OTG_ReadPacket)
    USB_OTG_ResetPort                        0x0800d7e7   Thumb Code    44  usb_core.o(i.USB_OTG_ResetPort)
    USB_OTG_SelectCore                       0x0800d815   Thumb Code   192  usb_core.o(i.USB_OTG_SelectCore)
    USB_OTG_SetCurrentMode                   0x0800d8d9   Thumb Code    54  usb_core.o(i.USB_OTG_SetCurrentMode)
    USB_OTG_WritePacket                      0x0800e6e1   Thumb Code    40  usb_core.o(i.USB_OTG_WritePacket)
    Uart_Process                             0x0800e709   Thumb Code   110  user.o(i.Uart_Process)
    UsageFault_Handler                       0x0800e795   Thumb Code     2  stm32f4xx_it.o(i.UsageFault_Handler)
    Usart_SendByte                           0x0800e797   Thumb Code    30  bsp_debug_usart.o(i.Usart_SendByte)
    Usart_SendString                         0x0800e7b5   Thumb Code    46  bsp_debug_usart.o(i.Usart_SendString)
    Use_DebugProcess                         0x0800e7e5   Thumb Code  1368  test.o(i.Use_DebugProcess)
    Use_SysSetProcess                        0x0800ed41   Thumb Code  1246  user.o(i.Use_SysSetProcess)
    VRange_Changecomp                        0x0800f221   Thumb Code   108  user.o(i.VRange_Changecomp)
    V_Comp                                   0x0800f2a9   Thumb Code   126  user.o(i.V_Comp)
    V_Datacov                                0x0800f331   Thumb Code    44  user.o(i.V_Datacov)
    V_I_Select_Configuration                 0x0800f361   Thumb Code    60  gpio.o(i.V_I_Select_Configuration)
    WriteOneHzChar_16                        0x0800f3a5   Thumb Code    18  bsp_lcd.o(i.WriteOneHzChar_16)
    WriteString_16                           0x0800f3b9   Thumb Code   156  bsp_lcd.o(i.WriteString_16)
    WriteString_Big                          0x0800f459   Thumb Code   112  bsp_lcd.o(i.WriteString_Big)
    _164Delaay                               0x0800f4d1   Thumb Code    12  keyboard.o(i._164Delaay)
    __0printf$6                              0x0800f4dd   Thumb Code    22  printf6.o(i.__0printf$6)
    __1printf$6                              0x0800f4dd   Thumb Code     0  printf6.o(i.__0printf$6)
    __2printf                                0x0800f4dd   Thumb Code     0  printf6.o(i.__0printf$6)
    __0sprintf$6                             0x0800f4fd   Thumb Code    34  printf6.o(i.__0sprintf$6)
    __1sprintf$6                             0x0800f4fd   Thumb Code     0  printf6.o(i.__0sprintf$6)
    __2sprintf                               0x0800f4fd   Thumb Code     0  printf6.o(i.__0sprintf$6)
    __ARM_fpclassify                         0x0800f525   Thumb Code    48  fpclassify.o(i.__ARM_fpclassify)
    __hardfp_pow                             0x0800f559   Thumb Code  3072  pow.o(i.__hardfp_pow)
    __kernel_poly                            0x080101a9   Thumb Code   248  poly.o(i.__kernel_poly)
    __mathlib_dbl_divzero                    0x080102a1   Thumb Code    28  dunder.o(i.__mathlib_dbl_divzero)
    __mathlib_dbl_infnan2                    0x080102d1   Thumb Code    20  dunder.o(i.__mathlib_dbl_infnan2)
    __mathlib_dbl_invalid                    0x080102e9   Thumb Code    24  dunder.o(i.__mathlib_dbl_invalid)
    __mathlib_dbl_overflow                   0x08010309   Thumb Code    24  dunder.o(i.__mathlib_dbl_overflow)
    __mathlib_dbl_underflow                  0x08010329   Thumb Code    24  dunder.o(i.__mathlib_dbl_underflow)
    __scatterload_copy                       0x08010349   Thumb Code    14  handlers.o(i.__scatterload_copy)
    __scatterload_null                       0x08010357   Thumb Code     2  handlers.o(i.__scatterload_null)
    __scatterload_zeroinit                   0x08010359   Thumb Code    14  handlers.o(i.__scatterload_zeroinit)
    __set_errno                              0x08010369   Thumb Code     6  errno.o(i.__set_errno)
    clust2sect                               0x0801074d   Thumb Code    24  ff.o(i.clust2sect)
    delay_1us                                0x08010abd   Thumb Code    34  bsp_systick.o(i.delay_1us)
    delay_us                                 0x08010adf   Thumb Code    10  bsp_systick.o(i.delay_us)
    disk_initialize                          0x08010ead   Thumb Code    18  diskio.o(i.disk_initialize)
    disk_ioctl                               0x08010ec5   Thumb Code    50  diskio.o(i.disk_ioctl)
    disk_read                                0x08010efd   Thumb Code    88  diskio.o(i.disk_read)
    disk_status                              0x08010f5d   Thumb Code     4  diskio.o(i.disk_status)
    disk_write                               0x08010f61   Thumb Code    68  diskio.o(i.disk_write)
    f_close                                  0x08010fad   Thumb Code    30  ff.o(i.f_close)
    f_lseek                                  0x08010fcb   Thumb Code   372  ff.o(i.f_lseek)
    f_mkdir                                  0x0801113f   Thumb Code   356  ff.o(i.f_mkdir)
    f_mount                                  0x080112a5   Thumb Code    72  ff.o(i.f_mount)
    f_open                                   0x080112f1   Thumb Code   344  ff.o(i.f_open)
    f_sync                                   0x08011449   Thumb Code   154  ff.o(i.f_sync)
    f_write                                  0x080114e3   Thumb Code   442  ff.o(i.f_write)
    fabs                                     0x0801169d   Thumb Code    24  fabs.o(i.fabs)
    ff_convert                               0x080116b5   Thumb Code    78  cc936.o(i.ff_convert)
    ff_wtoupper                              0x0801170d   Thumb Code    34  cc936.o(i.ff_wtoupper)
    findHzIndex_16                           0x08011739   Thumb Code    46  bsp_lcd.o(i.findHzIndex_16)
    fputc                                    0x08011b8d   Thumb Code    30  bsp_debug_usart.o(i.fputc)
    get_fat                                  0x08011c49   Thumb Code   256  ff.o(i.get_fat)
    get_fattime                              0x08011d49   Thumb Code    68  diskio.o(i.get_fattime)
    input_num                                0x08011dd1   Thumb Code   528  user.o(i.input_num)
    input_password                           0x08012009   Thumb Code   646  user.o(i.input_password)
    lcd_image                                0x080122c9   Thumb Code    36  bsp_lcd.o(i.lcd_image)
    main                                     0x08012311   Thumb Code   132  main.o(i.main)
    put_fat                                  0x08012415   Thumb Code   300  ff.o(i.put_fat)
    read_adI_1                               0x08012541   Thumb Code   218  user.o(i.read_adI_1)
    read_adI_2                               0x08012631   Thumb Code   228  user.o(i.read_adI_2)
    read_adI_3                               0x08012729   Thumb Code   138  user.o(i.read_adI_3)
    read_adV_1                               0x080127c9   Thumb Code   224  user.o(i.read_adV_1)
    read_adV_2                               0x080128bd   Thumb Code   234  user.o(i.read_adV_2)
    read_adV_3                               0x080129bd   Thumb Code   142  user.o(i.read_adV_3)
    read_cpld                                0x08012a61   Thumb Code    64  gpio.o(i.read_cpld)
    sm_RYsel                                 0x08012b11   Thumb Code    50  gpio.o(i.sm_RYsel)
    sqrt                                     0x08012b4d   Thumb Code   110  sqrt.o(i.sqrt)
    uart1SendChars                           0x08012ced   Thumb Code    44  stm32f4xx_it.o(i.uart1SendChars)
    s_CRCLo                                  0x08012e48   Data         256  stm32f4xx_it.o(.constdata)
    INPUT                                    0x08012f48   Data           7  user.o(.constdata)
    INPUT_E                                  0x08012f4f   Data           7  user.o(.constdata)
    User_Check_main                          0x08012f56   Data          39  user.o(.constdata)
    User_Check_Item                          0x08012f7d   Data          65  user.o(.constdata)
    All_TopName                              0x08012fbe   Data         242  user.o(.constdata)
    All_TopName_E                            0x080130b0   Data         242  user.o(.constdata)
    Set_testitem                             0x080131a2   Data         198  user.o(.constdata)
    Set_testitem_E                           0x08013268   Data         198  user.o(.constdata)
    Test_Tirpvalue                           0x0801332e   Data          28  user.o(.constdata)
    Test_Tirpvalue_E                         0x0801334a   Data          28  user.o(.constdata)
    Test_Speedvalue                          0x08013366   Data          28  user.o(.constdata)
    Test_Speedvalue_E                        0x08013382   Data          28  user.o(.constdata)
    Test_Compvalue                           0x0801339e   Data          14  user.o(.constdata)
    Res_setonly                              0x080133ac   Data          22  user.o(.constdata)
    Res_setonlye                             0x080133c2   Data          22  user.o(.constdata)
    Test_Compvalue_E                         0x080133d8   Data          14  user.o(.constdata)
    Test_MODE_E                              0x080133e6   Data          14  user.o(.constdata)
    Test_MODE                                0x080133f4   Data          14  user.o(.constdata)
    Setup_Beep                               0x08013402   Data          21  user.o(.constdata)
    Setup_Beep_E                             0x08013417   Data          21  user.o(.constdata)
    User_Range                               0x0801342c   Data          77  user.o(.constdata)
    User_Range_E                             0x08013479   Data          77  user.o(.constdata)
    DISP_UINT                                0x080134c6   Data          18  user.o(.constdata)
    User_Rangeset                            0x080134d8   Data          44  user.o(.constdata)
    Sys_Setitem                              0x08013504   Data          88  user.o(.constdata)
    Sys_Setitem_E                            0x0801355c   Data          88  user.o(.constdata)
    Sys_Buard_Value                          0x080135b4   Data          56  user.o(.constdata)
    Sys_Language_Value                       0x080135ec   Data          16  user.o(.constdata)
    BiasButton_Tip                           0x080135fc   Data          16  user.o(.constdata)
    Sys_Sys                                  0x0801360c   Data          84  user.o(.constdata)
    Sys_Sys_E                                0x08013660   Data          84  user.o(.constdata)
    Range_Disp_Test                          0x080136b4   Data         168  user.o(.constdata)
    JK510_Num                                0x0801375c   Data          30  user.o(.constdata)
    ParameterLimit                           0x0801377a   Data          12  user.o(.constdata)
    send_dot                                 0x08013786   Data          10  user.o(.constdata)
    Send_uint                                0x08013790   Data          10  user.o(.constdata)
    gImage_open                              0x0801379a   Data       391688  test.o(.constdata)
    Scan_Value                               0x080731a2   Data           8  keyboard.o(.constdata)
    GB_16                                    0x080731aa   Data        6154  bsp_lcd.o(.constdata)
    ASCII16x24_Table                         0x080749b4   Data        4560  fonts.o(.constdata)
    Out_1224                                 0x08075b84   Data         624  fonts.o(.constdata)
    Out_Assic                                0x08075df4   Data        7720  fonts.o(.constdata)
    _num                                     0x08077c1c   Data        2944  fonts.o(.constdata)
    nBitmapDot                               0x08078d8c   Data         144  fonts.o(.constdata)
    __mathlib_zero                           0x080a3ba8   Data           8  qnan.o(.constdata)
    Region$$Table$$Base                      0x080a3bb0   Number         0  anon$$obj.o(Region$$Table)
    Region$$Table$$Limit                     0x080a3bd0   Number         0  anon$$obj.o(Region$$Table)
    SystemCoreClock                          0x20000000   Data           4  system_stm32f4xx.o(.data)
    AHBPrescTable                            0x20000004   Data          16  system_stm32f4xx.o(.data)
    g_mods_timeout                           0x20000024   Data           1  stm32f4xx_it.o(.data)
    Tick_10ms                                0x20000028   Data           4  stm32f4xx_it.o(.data)
    Readfirst_cpld                           0x2000002c   Data           1  pbdata.o(.data)
    polarity_v                               0x2000002d   Data           1  pbdata.o(.data)
    polarity_r                               0x2000002e   Data           1  pbdata.o(.data)
    F_100ms                                  0x2000002f   Data           1  pbdata.o(.data)
    F_Password                               0x20000030   Data           1  pbdata.o(.data)
    SystemStatus                             0x20000031   Data           1  pbdata.o(.data)
    MenuIndex                                0x20000032   Data           1  pbdata.o(.data)
    Range                                    0x20000033   Data           1  pbdata.o(.data)
    V_Range                                  0x20000034   Data           1  pbdata.o(.data)
    ffit_data1                               0x20000035   Data           1  pbdata.o(.data)
    count_ffit                               0x20000036   Data           2  pbdata.o(.data)
    Ad_over                                  0x20000038   Data           1  pbdata.o(.data)
    softswitch                               0x20000039   Data           1  pbdata.o(.data)
    USB_Openflag                             0x2000003a   Data           1  pbdata.o(.data)
    Disp_usbflag                             0x2000003b   Data           1  pbdata.o(.data)
    Disp_RTCflag                             0x2000003c   Data           1  pbdata.o(.data)
    SoftTimer                                0x2000003d   Data           2  pbdata.o(.data)
    range_over                               0x2000003f   Data           1  pbdata.o(.data)
    V_ad                                     0x20000040   Data           4  pbdata.o(.data)
    I_ad                                     0x20000044   Data           4  pbdata.o(.data)
    debug_flag                               0x20000048   Data           1  pbdata.o(.data)
    test_start                               0x20000049   Data           1  pbdata.o(.data)
    Set_flag                                 0x2000004a   Data           1  pbdata.o(.data)
    Range_value                              0x2000004c   Data           4  pbdata.o(.data)
    Range_Value_V                            0x20000050   Data           4  pbdata.o(.data)
    g_LcdDirection                           0x20000054   Data           4  pbdata.o(.data)
    open_flag                                0x20000058   Data           1  pbdata.o(.data)
    RangeChange_Flag                         0x20000059   Data           1  pbdata.o(.data)
    Int_Pe3flag                              0x2000005a   Data           1  pbdata.o(.data)
    cpld_buff                                0x2000005b   Data           2  pbdata.o(.data)
    Debug_Dot                                0x20000060   Data           5  user.o(.data)
    Pga_value                                0x20000065   Data           6  user.o(.data)
    Test_Value                               0x2000006c   Data           8  user.o(.data)
    Test_Value_V                             0x20000074   Data           8  user.o(.data)
    Debug_Compvalue                          0x2000007c   Data          40  user.o(.data)
    U15_4094                                 0x200000a6   Data           1  test.o(.data)
    U16_4094                                 0x200000a7   Data           1  test.o(.data)
    result                                   0x200000a8   Data           1  test.o(.data)
    Keyboard                                 0x200000ac   Data           3  keyboard.o(.data)
    Colour                                   0x200000c4   Data           8  bsp_lcd.o(.data)
    Font16x24                                0x200000cc   Data           8  fonts.o(.data)
    OldTick                                  0x200000dc   Data           4  bsp_basic_tim.o(.data)
    BSP_delay                                0x200000e8   Data           4  usb_bsp.o(.data)
    USR_cb                                   0x200000ec   Data          72  usbh_usr.o(.data)
    USBH_HCD_INT_cb                          0x20000138   Data          12  usbh_core.o(.data)
    USBH_HCD_INT_fops                        0x20000144   Data           4  usbh_core.o(.data)
    MSCErrorCount                            0x20000164   Data           1  usbh_msc_core.o(.data)
    USBH_MSC_cb                              0x20000168   Data          16  usbh_msc_core.o(.data)
    __stdout                                 0x2000017c   Data           4  stdout.o(.data)
    g_tModS                                  0x20000184   Data         163  stm32f4xx_it.o(.bss)
    scan_V                                   0x20000228   Data         520  pbdata.o(.bss)
    scan_I                                   0x20000430   Data        1720  pbdata.o(.bss)
    Send_ComBuff                             0x20000ae8   Data          21  pbdata.o(.bss)
    Send_To_U                                0x20000afd   Data          47  pbdata.o(.bss)
    Rev_Combuff                              0x20000b2c   Data          42  pbdata.o(.bss)
    Test_value                               0x20000b58   Data          16  pbdata.o(.bss)
    Res_count                                0x20000b68   Data          16  pbdata.o(.bss)
    Jk516save                                0x20000b78   Data         280  pbdata.o(.bss)
    ComBuf                                   0x20000c90   Data          80  pbdata.o(.bss)
    i_buff                                   0x20000ce0   Data          48  pbdata.o(.bss)
    debug_buff                               0x20000d10   Data          55  pbdata.o(.bss)
    Jk510_Set                                0x20000d48   Data        1708  pbdata.o(.bss)
    jk510_Disp                               0x200013f4   Data         180  pbdata.o(.bss)
    DispBuf                                  0x200014a8   Data          20  user.o(.bss)
    fs                                       0x200014bc   Data        4144  test.o(.bss)
    file                                     0x200024ec   Data        4132  test.o(.bss)
    USB_OTG_Core                             0x2000351c   Data        1452  usbh_usr.o(.bss)
    USB_Host                                 0x20003ac8   Data         132  usbh_usr.o(.bss)
    USBH_CfgDesc                             0x20003b4c   Data         512  usbh_stdreq.o(.bss)
    USBH_MSC_CBWData                         0x20003d4c   Data          32  usbh_msc_bot.o(.bss)
    USBH_MSC_CSWData                         0x20003d6c   Data          16  usbh_msc_bot.o(.bss)
    USBH_MSC_BOTXferParam                    0x20003d7c   Data          16  usbh_msc_bot.o(.bss)
    MSC_Machine                              0x20003d8c   Data         522  usbh_msc_core.o(.bss)
    USBH_MSC_Param                           0x20003f98   Data          16  usbh_msc_scsi.o(.bss)
    USBH_DataInBuffer                        0x20003fa8   Data         512  usbh_msc_scsi.o(.bss)
    __initial_sp                             0x200081a8   Data           0  startup_stm32f429_439xx.o(STACK)



==============================================================================

Memory Map of the image

  Image Entry point : 0x080001ad

  Load Region LR_IROM1 (Base: 0x08000000, Size: 0x000a3d54, Max: 0x00100000, ABSOLUTE, COMPRESSED[0x000a3c70])

    Execution Region ER_IROM1 (Exec base: 0x08000000, Load base: 0x08000000, Size: 0x000a3bd0, Max: 0x00100000, ABSOLUTE)

    Exec Addr    Load Addr    Size         Type   Attr      Idx    E Section Name        Object

    0x08000000   0x08000000   0x000001ac   Data   RO            3    RESET               startup_stm32f429_439xx.o
    0x080001ac   0x080001ac   0x00000000   Code   RO         9407  * .ARM.Collect$$$$00000000  mc_w.l(entry.o)
    0x080001ac   0x080001ac   0x00000004   Code   RO         9730    .ARM.Collect$$$$00000001  mc_w.l(entry2.o)
    0x080001b0   0x080001b0   0x00000004   Code   RO         9733    .ARM.Collect$$$$00000004  mc_w.l(entry5.o)
    0x080001b4   0x080001b4   0x00000000   Code   RO         9735    .ARM.Collect$$$$00000008  mc_w.l(entry7b.o)
    0x080001b4   0x080001b4   0x00000000   Code   RO         9737    .ARM.Collect$$$$0000000A  mc_w.l(entry8b.o)
    0x080001b4   0x080001b4   0x00000008   Code   RO         9738    .ARM.Collect$$$$0000000B  mc_w.l(entry9a.o)
    0x080001bc   0x080001bc   0x00000000   Code   RO         9740    .ARM.Collect$$$$0000000D  mc_w.l(entry10a.o)
    0x080001bc   0x080001bc   0x00000000   Code   RO         9742    .ARM.Collect$$$$0000000F  mc_w.l(entry11a.o)
    0x080001bc   0x080001bc   0x00000004   Code   RO         9731    .ARM.Collect$$$$00002712  mc_w.l(entry2.o)
    0x080001c0   0x080001c0   0x00000024   Code   RO            4    .text               startup_stm32f429_439xx.o
    0x080001e4   0x080001e4   0x00000024   Code   RO         9410    .text               mc_w.l(memcpya.o)
    0x08000208   0x08000208   0x00000024   Code   RO         9412    .text               mc_w.l(memseta.o)
    0x0800022c   0x0800022c   0x00000018   Code   RO         9414    .text               mc_w.l(strcat.o)
    0x08000244   0x08000244   0x0000001c   Code   RO         9416    .text               mc_w.l(strcmp.o)
    0x08000260   0x08000260   0x00000012   Code   RO         9418    .text               mc_w.l(strcpy.o)
    0x08000272   0x08000272   0x000000e4   Code   RO         9683    .text               mf_w.l(dmul.o)
    0x08000356   0x08000356   0x000000de   Code   RO         9685    .text               mf_w.l(ddiv.o)
    0x08000434   0x08000434   0x0000001a   Code   RO         9687    .text               mf_w.l(dfltui.o)
    0x0800044e   0x0800044e   0x00000026   Code   RO         9689    .text               mf_w.l(f2d.o)
    0x08000474   0x08000474   0x00000038   Code   RO         9691    .text               mf_w.l(d2f.o)
    0x080004ac   0x080004ac   0x0000002c   Code   RO         9745    .text               mc_w.l(uidiv.o)
    0x080004d8   0x080004d8   0x00000000   Code   RO         9756    .text               mc_w.l(iusefp.o)
    0x080004d8   0x080004d8   0x0000006e   Code   RO         9757    .text               mf_w.l(fepilogue.o)
    0x08000546   0x08000546   0x000000ba   Code   RO         9759    .text               mf_w.l(depilogue.o)
    0x08000600   0x08000600   0x0000014e   Code   RO         9761    .text               mf_w.l(dadd.o)
    0x0800074e   0x0800074e   0x0000002e   Code   RO         9765    .text               mf_w.l(dscalb.o)
    0x0800077c   0x0800077c   0x00000022   Code   RO         9767    .text               mf_w.l(dflti.o)
    0x0800079e   0x0800079e   0x00000002   PAD
    0x080007a0   0x080007a0   0x00000030   Code   RO         9771    .text               mf_w.l(cdrcmple.o)
    0x080007d0   0x080007d0   0x00000024   Code   RO         9773    .text               mc_w.l(init.o)
    0x080007f4   0x080007f4   0x0000001e   Code   RO         9775    .text               mc_w.l(llshl.o)
    0x08000812   0x08000812   0x00000020   Code   RO         9777    .text               mc_w.l(llushr.o)
    0x08000832   0x08000832   0x00000024   Code   RO         9779    .text               mc_w.l(llsshr.o)
    0x08000856   0x08000856   0x000000a2   Code   RO         9781    .text               mf_w.l(dsqrt.o)
    0x080008f8   0x080008f8   0x00000056   Code   RO         9793    .text               mc_w.l(__dczerorl2.o)
    0x0800094e   0x0800094e   0x00000002   PAD
    0x08000950   0x08000950   0x00000050   Code   RO         6491    i.All_LedOff        gpio.o
    0x080009a0   0x080009a0   0x0000000a   Code   RO         5273    i.BEBufToUint16     stm32f4xx_it.o
    0x080009aa   0x080009aa   0x00000002   PAD
    0x080009ac   0x080009ac   0x00000024   Code   RO         8325    i.BSP_Delay         usb_bsp.o
    0x080009d0   0x080009d0   0x0000006c   Code   RO         8326    i.BSP_SetTime       usb_bsp.o
    0x08000a3c   0x08000a3c   0x0000000c   Code   RO         6492    i.Beep_Off          gpio.o
    0x08000a48   0x08000a48   0x0000000c   Code   RO         6493    i.Beep_On           gpio.o
    0x08000a54   0x08000a54   0x0000002c   Code   RO         5584    i.Beep_Out          user.o
    0x08000a80   0x08000a80   0x00000002   Code   RO         5274    i.BusFault_Handler  stm32f4xx_it.o
    0x08000a82   0x08000a82   0x00000002   PAD
    0x08000a84   0x08000a84   0x00000020   Code   RO         6494    i.CH1COMP           gpio.o
    0x08000aa4   0x08000aa4   0x00000020   Code   RO         6495    i.CH2COMP           gpio.o
    0x08000ac4   0x08000ac4   0x00000020   Code   RO         6496    i.CH3COMP           gpio.o
    0x08000ae4   0x08000ae4   0x00000020   Code   RO         6497    i.CH4COMP           gpio.o
    0x08000b04   0x08000b04   0x0000004c   Code   RO         7726    i.CPLD_GPIO_Configuration  cpld.o
    0x08000b50   0x08000b50   0x0000002c   Code   RO         5275    i.CRC16             stm32f4xx_it.o
    0x08000b7c   0x08000b7c   0x0000041c   Code   RO         6226    i.Clear_Process     test.o
    0x08000f98   0x08000f98   0x0000003c   Code   RO         6498    i.Close_Compled     gpio.o
    0x08000fd4   0x08000fd4   0x00000140   Code   RO         5587    i.ComToSave         user.o
    0x08001114   0x08001114   0x00000018   Code   RO         1358    i.DMA2D_DeInit      stm32f4xx_dma2d.o
    0x0800112c   0x0800112c   0x00000014   Code   RO         1363    i.DMA2D_GetFlagStatus  stm32f4xx_dma2d.o
    0x08001140   0x08001140   0x000000b8   Code   RO         1366    i.DMA2D_Init        stm32f4xx_dma2d.o
    0x080011f8   0x080011f8   0x00000010   Code   RO         1368    i.DMA2D_StartTransfer  stm32f4xx_dma2d.o
    0x08001208   0x08001208   0x00000030   Code   RO         5589    i.Datacov           user.o
    0x08001238   0x08001238   0x00000002   Code   RO         5276    i.DebugMon_Handler  stm32f4xx_it.o
    0x0800123a   0x0800123a   0x00000042   Code   RO         5590    i.Debug_Set_Num     user.o
    0x0800127c   0x0800127c   0x00000042   Code   RO         5591    i.Debug_Set_Res     user.o
    0x080012be   0x080012be   0x00000002   PAD
    0x080012c0   0x080012c0   0x000000a8   Code   RO         7517    i.Debug_USART_Config  bsp_debug_usart.o
    0x08001368   0x08001368   0x00000018   Code   RO         5592    i.Debug_Valuedata   user.o
    0x08001380   0x08001380   0x00000084   Code   RO         5593    i.Debug_stanedcomp  user.o
    0x08001404   0x08001404   0x000001f0   Code   RO         5594    i.DispSetChann_value  user.o
    0x080015f4   0x080015f4   0x0000037c   Code   RO         5595    i.DispSetR_value    user.o
    0x08001970   0x08001970   0x0000034c   Code   RO         5596    i.DispSetV_value    user.o
    0x08001cbc   0x08001cbc   0x000004f4   Code   RO         5597    i.DispSet_value     user.o
    0x080021b0   0x080021b0   0x000001b0   Code   RO         5598    i.Disp_Button_Setvalue1  user.o
    0x08002360   0x08002360   0x00000006   Code   RO         5599    i.Disp_Button_SysSet  user.o
    0x08002366   0x08002366   0x00000002   PAD
    0x08002368   0x08002368   0x000001b0   Code   RO         5601    i.Disp_Button_channvalue1  user.o
    0x08002518   0x08002518   0x000001dc   Code   RO         5602    i.Disp_Button_value1  user.o
    0x080026f4   0x080026f4   0x00000240   Code   RO         5603    i.Disp_Button_value_sm  user.o
    0x08002934   0x08002934   0x00000240   Code   RO         5604    i.Disp_Button_value_sm1  user.o
    0x08002b74   0x08002b74   0x00000058   Code   RO         5605    i.Disp_Debug_Reference  user.o
    0x08002bcc   0x08002bcc   0x00000090   Code   RO         5606    i.Disp_Debug_value  user.o
    0x08002c5c   0x08002c5c   0x0000008c   Code   RO         5607    i.Disp_Fastbutton   user.o
    0x08002ce8   0x08002ce8   0x00000400   Code   RO         5609    i.Disp_NumKeyboard_Set  user.o
    0x080030e8   0x080030e8   0x000000cc   Code   RO         5610    i.Disp_Open         user.o
    0x080031b4   0x080031b4   0x00000064   Code   RO         6853    i.Disp_R_Uint       bsp_lcd.o
    0x08003218   0x08003218   0x0000003c   Code   RO         6854    i.Disp_R_V          bsp_lcd.o
    0x08003254   0x08003254   0x00000040   Code   RO         5611    i.Disp_Range        user.o
    0x08003294   0x08003294   0x0000008c   Code   RO         5612    i.Disp_Set_CompNum  user.o
    0x08003320   0x08003320   0x0000008c   Code   RO         5613    i.Disp_Set_Num      user.o
    0x080033ac   0x080033ac   0x000000c8   Code   RO         5614    i.Disp_Switch       user.o
    0x08003474   0x08003474   0x00000098   Code   RO         5615    i.Disp_Sys          user.o
    0x0800350c   0x0800350c   0x00000024   Code   RO         5616    i.Disp_SysLine      user.o
    0x08003530   0x08003530   0x0000008c   Code   RO         5617    i.Disp_Sys_Item     user.o
    0x080035bc   0x080035bc   0x0000000e   Code   RO         5618    i.Disp_Sys_Screen   user.o
    0x080035ca   0x080035ca   0x00000002   PAD
    0x080035cc   0x080035cc   0x00000500   Code   RO         5619    i.Disp_Sys_value    user.o
    0x08003acc   0x08003acc   0x0000000e   Code   RO         5620    i.Disp_TestScreen   user.o
    0x08003ada   0x08003ada   0x0000000e   Code   RO         5621    i.Disp_TestSetScreen  user.o
    0x08003ae8   0x08003ae8   0x00000080   Code   RO         5623    i.Disp_Test_Item    user.o
    0x08003b68   0x08003b68   0x00000164   Code   RO         5624    i.Disp_Test_SetR_Item  user.o
    0x08003ccc   0x08003ccc   0x00000168   Code   RO         5625    i.Disp_Test_SetV_Item  user.o
    0x08003e34   0x08003e34   0x000000d0   Code   RO         5626    i.Disp_Test_Set_Item  user.o
    0x08003f04   0x08003f04   0x00000130   Code   RO         5627    i.Disp_Test_channel_Item  user.o
    0x08004034   0x08004034   0x000002b4   Code   RO         5629    i.Disp_Testvalue    user.o
    0x080042e8   0x080042e8   0x0000001c   Code   RO         5630    i.Disp_TopBar_Color  user.o
    0x08004304   0x08004304   0x00000054   Code   RO         6855    i.Disp_Usbflag      bsp_lcd.o
    0x08004358   0x08004358   0x0000008c   Code   RO         5631    i.Disp_UserCheck_Item  user.o
    0x080043e4   0x080043e4   0x0000000e   Code   RO         5632    i.Disp_Usercheck_Screen  user.o
    0x080043f2   0x080043f2   0x00000002   PAD
    0x080043f4   0x080043f4   0x00000030   Code   RO         5633    i.Disp_button_Num_Freq  user.o
    0x08004424   0x08004424   0x00000048   Code   RO         5634    i.Disp_button_Num_time  user.o
    0x0800446c   0x0800446c   0x0000009c   Code   RO         5635    i.Disp_dateandtime  user.o
    0x08004508   0x08004508   0x0000001c   Code   RO         5277    i.EXTI15_10_IRQHandler  stm32f4xx_it.o
    0x08004524   0x08004524   0x00000068   Code   RO         5278    i.EXTI3_IRQHandler  stm32f4xx_it.o
    0x0800458c   0x0800458c   0x00000024   Code   RO         6500    i.EXTI_Ads1251_Config  gpio.o
    0x080045b0   0x080045b0   0x0000000c   Code   RO         1485    i.EXTI_ClearITPendingBit  stm32f4xx_exti.o
    0x080045bc   0x080045bc   0x00000014   Code   RO         1489    i.EXTI_GetITStatus  stm32f4xx_exti.o
    0x080045d0   0x080045d0   0x00000074   Code   RO         1490    i.EXTI_Init         stm32f4xx_exti.o
    0x08004644   0x08004644   0x00000084   Code   RO         7849    i.EXTI_Key_Config   bsp_exti.o
    0x080046c8   0x080046c8   0x00000036   Code   RO         1844    i.FMC_GetFlagStatus  stm32f4xx_fmc.o
    0x080046fe   0x080046fe   0x00000002   PAD
    0x08004700   0x08004700   0x00000020   Code   RO         1861    i.FMC_SDRAMCmdConfig  stm32f4xx_fmc.o
    0x08004720   0x08004720   0x00000106   Code   RO         1863    i.FMC_SDRAMInit     stm32f4xx_fmc.o
    0x08004826   0x08004826   0x00000002   PAD
    0x08004828   0x08004828   0x00000010   Code   RO         1867    i.FMC_SetRefreshCount  stm32f4xx_fmc.o
    0x08004838   0x08004838   0x00000130   Code   RO         6502    i.GPIO_Configuration  gpio.o
    0x08004968   0x08004968   0x0000007c   Code   RO         2046    i.GPIO_Init         stm32f4xx_gpio.o
    0x080049e4   0x080049e4   0x00000020   Code   RO         2047    i.GPIO_PinAFConfig  stm32f4xx_gpio.o
    0x08004a04   0x08004a04   0x0000000e   Code   RO         2050    i.GPIO_ReadInputDataBit  stm32f4xx_gpio.o
    0x08004a12   0x08004a12   0x00000004   Code   RO         2053    i.GPIO_ResetBits    stm32f4xx_gpio.o
    0x08004a16   0x08004a16   0x00000004   Code   RO         2054    i.GPIO_SetBits      stm32f4xx_gpio.o
    0x08004a1a   0x08004a1a   0x00000002   PAD
    0x08004a1c   0x08004a1c   0x00000014   Code   RO         7239    i.GetASCIICode      fonts.o
    0x08004a30   0x08004a30   0x00000014   Code   RO         5475    i.GetSoftTimerOut   pbdata.o
    0x08004a44   0x08004a44   0x00000008   Code   RO         8629    i.HCD_GetCurrentFrame  usb_hcd.o
    0x08004a4c   0x08004a4c   0x0000000c   Code   RO         8630    i.HCD_GetCurrentSpeed  usb_hcd.o
    0x08004a58   0x08004a58   0x00000008   Code   RO         8632    i.HCD_GetURB_State  usb_hcd.o
    0x08004a60   0x08004a60   0x0000000a   Code   RO         8633    i.HCD_GetXferCnt    usb_hcd.o
    0x08004a6a   0x08004a6a   0x00000056   Code   RO         8635    i.HCD_Init          usb_hcd.o
    0x08004ac0   0x08004ac0   0x00000006   Code   RO         8636    i.HCD_IsDeviceConnected  usb_hcd.o
    0x08004ac6   0x08004ac6   0x0000000a   Code   RO         8637    i.HCD_ResetPort     usb_hcd.o
    0x08004ad0   0x08004ad0   0x00000014   Code   RO         8638    i.HCD_SubmitRequest  usb_hcd.o
    0x08004ae4   0x08004ae4   0x00000058   Code   RO         6779    i.HW_Sendvalueto164  keyboard.o
    0x08004b3c   0x08004b3c   0x00000002   Code   RO         5279    i.HardFault_Handler  stm32f4xx_it.o
    0x08004b3e   0x08004b3e   0x00000002   PAD
    0x08004b40   0x08004b40   0x000000ac   Code   RO         5638    i.Hex_Format        user.o
    0x08004bec   0x08004bec   0x00000024   Code   RO         5639    i.InitGlobalValue   user.o
    0x08004c10   0x08004c10   0x00000100   Code   RO         5640    i.Input_Set_Cov     user.o
    0x08004d10   0x08004d10   0x000000f0   Code   RO         6781    i.Key_Identiry      keyboard.o
    0x08004e00   0x08004e00   0x00000020   Code   RO         6782    i.Key_Read          keyboard.o
    0x08004e20   0x08004e20   0x00000028   Code   RO         6783    i.Key_Read_WithTimeOut  keyboard.o
    0x08004e48   0x08004e48   0x00000074   Code   RO         6784    i.Key_Scan          keyboard.o
    0x08004ebc   0x08004ebc   0x00000016   Code   RO         6503    i.Key_beep          gpio.o
    0x08004ed2   0x08004ed2   0x00000002   PAD
    0x08004ed4   0x08004ed4   0x00000088   Code   RO         6785    i.Keyboard_Init     keyboard.o
    0x08004f5c   0x08004f5c   0x00000084   Code   RO         6856    i.LCD429_PutPixel   bsp_lcd.o
    0x08004fe0   0x08004fe0   0x00000058   Code   RO         6857    i.LCD_Clear         bsp_lcd.o
    0x08005038   0x08005038   0x000000fc   Code   RO         6874    i.LCD_DrawFullRect  bsp_lcd.o
    0x08005134   0x08005134   0x000000d4   Code   RO         6875    i.LCD_DrawLine      bsp_lcd.o
    0x08005208   0x08005208   0x00000300   Code   RO         6881    i.LCD_GPIO_Config   bsp_lcd.o
    0x08005508   0x08005508   0x00000084   Code   RO         6884    i.LCD_Init          bsp_lcd.o
    0x0800558c   0x0800558c   0x0000007c   Code   RO         6885    i.LCD_LayerInit     bsp_lcd.o
    0x08005608   0x08005608   0x0000000c   Code   RO         6895    i.LCD_SetFont       bsp_lcd.o
    0x08005614   0x08005614   0x00000024   Code   RO         6896    i.LCD_SetLayer      bsp_lcd.o
    0x08005638   0x08005638   0x0000000c   Code   RO         6897    i.LCD_SetTextColor  bsp_lcd.o
    0x08005644   0x08005644   0x00000030   Code   RO         6898    i.LCD_SetTransparency  bsp_lcd.o
    0x08005674   0x08005674   0x000000e0   Code   RO         6899    i.LCD_ShowFontCN_16  bsp_lcd.o
    0x08005754   0x08005754   0x0000007c   Code   RO         6900    i.LCD_ShowFontCN_40_55  bsp_lcd.o
    0x080057d0   0x080057d0   0x00000020   Code   RO         2620    i.LTDC_Cmd          stm32f4xx_ltdc.o
    0x080057f0   0x080057f0   0x000000a8   Code   RO         2631    i.LTDC_Init         stm32f4xx_ltdc.o
    0x08005898   0x08005898   0x00000004   Code   RO         2634    i.LTDC_LayerAlpha   stm32f4xx_ltdc.o
    0x0800589c   0x0800589c   0x00000018   Code   RO         2635    i.LTDC_LayerCmd     stm32f4xx_ltdc.o
    0x080058b4   0x080058b4   0x00000096   Code   RO         2636    i.LTDC_LayerInit    stm32f4xx_ltdc.o
    0x0800594a   0x0800594a   0x00000002   PAD
    0x0800594c   0x0800594c   0x0000000c   Code   RO         2643    i.LTDC_ReloadConfig  stm32f4xx_ltdc.o
    0x08005958   0x08005958   0x0000003c   Code   RO         6504    i.Led_Fail_On       gpio.o
    0x08005994   0x08005994   0x00000064   Code   RO         6505    i.Led_GPIO_Configuration  gpio.o
    0x080059f8   0x080059f8   0x0000003c   Code   RO         6506    i.Led_Pass_On       gpio.o
    0x08005a34   0x08005a34   0x00000010   Code   RO         6507    i.Lock_Off          gpio.o
    0x08005a44   0x08005a44   0x00000010   Code   RO         6508    i.Lock_On           gpio.o
    0x08005a54   0x08005a54   0x000000d4   Code   RO         5280    i.MODS_03H          stm32f4xx_it.o
    0x08005b28   0x08005b28   0x00000030   Code   RO         5281    i.MODS_06H          stm32f4xx_it.o
    0x08005b58   0x08005b58   0x00000054   Code   RO         7473    i.MODS_Poll         bsp_basic_tim.o
    0x08005bac   0x08005bac   0x00000200   Code   RO         5282    i.MODS_ReadRegValue  stm32f4xx_it.o
    0x08005dac   0x08005dac   0x00000038   Code   RO         5283    i.MODS_SendWithCRC  stm32f4xx_it.o
    0x08005de4   0x08005de4   0x00000002   Code   RO         5284    i.MemManage_Handler  stm32f4xx_it.o
    0x08005de6   0x08005de6   0x00000002   Code   RO         5285    i.NMI_Handler       stm32f4xx_it.o
    0x08005de8   0x08005de8   0x00000026   Code   RO         7518    i.NVIC_Configuration  bsp_debug_usart.o
    0x08005e0e   0x08005e0e   0x00000026   Code   RO         7850    i.NVIC_Configuration  bsp_exti.o
    0x08005e34   0x08005e34   0x00000016   Code   RO         6230    i.NVIC_EnableIRQ    test.o
    0x08005e4a   0x08005e4a   0x00000002   PAD
    0x08005e4c   0x08005e4c   0x00000068   Code   RO          164    i.NVIC_Init         misc.o
    0x08005eb4   0x08005eb4   0x00000014   Code   RO          165    i.NVIC_PriorityGroupConfig  misc.o
    0x08005ec8   0x08005ec8   0x00000014   Code   RO          166    i.NVIC_SetVectorTable  misc.o
    0x08005edc   0x08005edc   0x0000000c   Code   RO         5286    i.OTG_HS_IRQHandler  stm32f4xx_it.o
    0x08005ee8   0x08005ee8   0x00000034   Code   RO         6509    i.Open_flag_Configuration  gpio.o
    0x08005f1c   0x08005f1c   0x00000070   Code   RO         6518    i.PLC_GPIO_Configuration  gpio.o
    0x08005f8c   0x08005f8c   0x0000000c   Code   RO         2813    i.PWR_BackupAccessCmd  stm32f4xx_pwr.o
    0x08005f98   0x08005f98   0x00000070   Code   RO         5643    i.Parameter_valuecomp  user.o
    0x08006008   0x08006008   0x00000002   Code   RO         5287    i.PendSV_Handler    stm32f4xx_it.o
    0x0800600a   0x0800600a   0x0000002a   Code   RO         6519    i.Plc_Comp          gpio.o
    0x08006034   0x08006034   0x0000000e   Code   RO         6520    i.Power_Off_led     gpio.o
    0x08006042   0x08006042   0x0000000e   Code   RO         6521    i.Power_On_led      gpio.o
    0x08006050   0x08006050   0x00000214   Code   RO         6231    i.Power_Process     test.o
    0x08006264   0x08006264   0x0000000c   Code   RO         6522    i.Power_Relay_OFF   gpio.o
    0x08006270   0x08006270   0x0000000c   Code   RO         6523    i.Power_Relay_on    gpio.o
    0x0800627c   0x0800627c   0x00000056   Code   RO         6905    i.PutChar           bsp_lcd.o
    0x080062d2   0x080062d2   0x00000002   PAD
    0x080062d4   0x080062d4   0x0000001c   Code   RO         2960    i.RCC_AHB1PeriphClockCmd  stm32f4xx_rcc.o
    0x080062f0   0x080062f0   0x0000001c   Code   RO         2962    i.RCC_AHB1PeriphResetCmd  stm32f4xx_rcc.o
    0x0800630c   0x0800630c   0x0000001c   Code   RO         2966    i.RCC_AHB3PeriphClockCmd  stm32f4xx_rcc.o
    0x08006328   0x08006328   0x0000001c   Code   RO         2969    i.RCC_APB1PeriphClockCmd  stm32f4xx_rcc.o
    0x08006344   0x08006344   0x0000001c   Code   RO         2972    i.RCC_APB2PeriphClockCmd  stm32f4xx_rcc.o
    0x08006360   0x08006360   0x000000a4   Code   RO         2981    i.RCC_GetClocksFreq  stm32f4xx_rcc.o
    0x08006404   0x08006404   0x00000038   Code   RO         2982    i.RCC_GetFlagStatus  stm32f4xx_rcc.o
    0x0800643c   0x0800643c   0x00000020   Code   RO         2990    i.RCC_LSEConfig     stm32f4xx_rcc.o
    0x0800645c   0x0800645c   0x00000014   Code   RO         2993    i.RCC_LTDCCLKDivConfig  stm32f4xx_rcc.o
    0x08006470   0x08006470   0x0000000c   Code   RO         3002    i.RCC_PLLSAICmd     stm32f4xx_rcc.o
    0x0800647c   0x0800647c   0x00000014   Code   RO         3003    i.RCC_PLLSAIConfig  stm32f4xx_rcc.o
    0x08006490   0x08006490   0x0000000c   Code   RO         3004    i.RCC_RTCCLKCmd     stm32f4xx_rcc.o
    0x0800649c   0x0800649c   0x00000030   Code   RO         3005    i.RCC_RTCCLKConfig  stm32f4xx_rcc.o
    0x080064cc   0x080064cc   0x00000012   Code   RO         3367    i.RTC_Bcd2ToByte    stm32f4xx_rtc.o
    0x080064de   0x080064de   0x00000018   Code   RO         3369    i.RTC_ByteToBcd2    stm32f4xx_rtc.o
    0x080064f6   0x080064f6   0x00000002   PAD
    0x080064f8   0x080064f8   0x0000006c   Code   RO         7795    i.RTC_CLK_Config    bsp_rtc.o
    0x08006564   0x08006564   0x0000001c   Code   RO         3372    i.RTC_ClearFlag     stm32f4xx_rtc.o
    0x08006580   0x08006580   0x0000001c   Code   RO         3373    i.RTC_ClearITPendingBit  stm32f4xx_rtc.o
    0x0800659c   0x0800659c   0x00000044   Code   RO         3379    i.RTC_EnterInitMode  stm32f4xx_rtc.o
    0x080065e0   0x080065e0   0x00000010   Code   RO         3380    i.RTC_ExitInitMode  stm32f4xx_rtc.o
    0x080065f0   0x080065f0   0x00000048   Code   RO         3383    i.RTC_GetDate       stm32f4xx_rtc.o
    0x08006638   0x08006638   0x0000001c   Code   RO         3384    i.RTC_GetFlagStatus  stm32f4xx_rtc.o
    0x08006654   0x08006654   0x0000004c   Code   RO         3388    i.RTC_GetTime       stm32f4xx_rtc.o
    0x080066a0   0x080066a0   0x00000044   Code   RO         3392    i.RTC_ITConfig      stm32f4xx_rtc.o
    0x080066e4   0x080066e4   0x00000050   Code   RO         3393    i.RTC_Init          stm32f4xx_rtc.o
    0x08006734   0x08006734   0x00000014   Code   RO         3396    i.RTC_ReadBackupRegister  stm32f4xx_rtc.o
    0x08006748   0x08006748   0x000000a4   Code   RO         3399    i.RTC_SetDate       stm32f4xx_rtc.o
    0x080067ec   0x080067ec   0x000000a8   Code   RO         3400    i.RTC_SetTime       stm32f4xx_rtc.o
    0x08006894   0x08006894   0x0000001c   Code   RO         3401    i.RTC_SetWakeUpCounter  stm32f4xx_rtc.o
    0x080068b0   0x080068b0   0x0000006e   Code   RO         7797    i.RTC_Set_WakeUp    bsp_rtc.o
    0x0800691e   0x0800691e   0x0000004c   Code   RO         7798    i.RTC_TimeAndDate_Set  bsp_rtc.o
    0x0800696a   0x0800696a   0x00000002   PAD
    0x0800696c   0x0800696c   0x0000002c   Code   RO         7800    i.RTC_WKUP_IRQHandler  bsp_rtc.o
    0x08006998   0x08006998   0x0000004c   Code   RO         3416    i.RTC_WaitForSynchro  stm32f4xx_rtc.o
    0x080069e4   0x080069e4   0x00000028   Code   RO         3417    i.RTC_WakeUpClockConfig  stm32f4xx_rtc.o
    0x08006a0c   0x08006a0c   0x00000060   Code   RO         3418    i.RTC_WakeUpCmd     stm32f4xx_rtc.o
    0x08006a6c   0x08006a6c   0x00000014   Code   RO         3419    i.RTC_WriteBackupRegister  stm32f4xx_rtc.o
    0x08006a80   0x08006a80   0x00000170   Code   RO         5644    i.R_Comp            user.o
    0x08006bf0   0x08006bf0   0x000000fc   Code   RO         5645    i.Range_Changecomp  user.o
    0x08006cec   0x08006cec   0x00000074   Code   RO         5646    i.Range_Control     user.o
    0x08006d60   0x08006d60   0x0000001e   Code   RO         5647    i.ReadBE32U         user.o
    0x08006d7e   0x08006d7e   0x00000024   Code   RO         6381    i.Read_Convert_read  ad7706.o
    0x08006da2   0x08006da2   0x00000002   PAD
    0x08006da4   0x08006da4   0x00000010   Code   RO         6524    i.Read_ExtTrig      gpio.o
    0x08006db4   0x08006db4   0x0000000c   Code   RO         6525    i.Read_Openflag     gpio.o
    0x08006dc0   0x08006dc0   0x00000010   Code   RO         7762    i.Read_set_flash    flash_eerom.o
    0x08006dd0   0x08006dd0   0x00000024   Code   RO         5288    i.RecHandle         stm32f4xx_it.o
    0x08006df4   0x08006df4   0x00000184   Code   RO         6526    i.Relay_Select      gpio.o
    0x08006f78   0x08006f78   0x0000000c   Code   RO         5289    i.RemTrig           stm32f4xx_it.o
    0x08006f84   0x08006f84   0x00000388   Code   RO         7416    i.SDRAM_GPIO_Config  bsp_sdram.o
    0x0800730c   0x0800730c   0x00000058   Code   RO         7417    i.SDRAM_Init        bsp_sdram.o
    0x08007364   0x08007364   0x000000ac   Code   RO         7418    i.SDRAM_InitSequence  bsp_sdram.o
    0x08007410   0x08007410   0x00000020   Code   RO         7422    i.SDRAM_delay       bsp_sdram.o
    0x08007430   0x08007430   0x00000068   Code   RO         6527    i.SM_RelayGPIO_Configuration  gpio.o
    0x08007498   0x08007498   0x00000018   Code   RO         4115    i.SPI_Cmd           stm32f4xx_spi.o
    0x080074b0   0x080074b0   0x0000004c   Code   RO         7295    i.SPI_FLASH_BufferRead  bsp_spi_flash.o
    0x080074fc   0x080074fc   0x000000d4   Code   RO         7296    i.SPI_FLASH_BufferWrite  bsp_spi_flash.o
    0x080075d0   0x080075d0   0x000000d8   Code   RO         7298    i.SPI_FLASH_Init    bsp_spi_flash.o
    0x080076a8   0x080076a8   0x00000094   Code   RO         7299    i.SPI_FLASH_PageWrite  bsp_spi_flash.o
    0x0800773c   0x0800773c   0x00000040   Code   RO         7303    i.SPI_FLASH_SectorErase  bsp_spi_flash.o
    0x0800777c   0x0800777c   0x00000070   Code   RO         7304    i.SPI_FLASH_SendByte  bsp_spi_flash.o
    0x080077ec   0x080077ec   0x00000040   Code   RO         7307    i.SPI_FLASH_WaitForWriteEnd  bsp_spi_flash.o
    0x0800782c   0x0800782c   0x0000001c   Code   RO         7308    i.SPI_FLASH_WriteEnable  bsp_spi_flash.o
    0x08007848   0x08007848   0x0000000e   Code   RO         4123    i.SPI_I2S_GetFlagStatus  stm32f4xx_spi.o
    0x08007856   0x08007856   0x00000004   Code   RO         4126    i.SPI_I2S_ReceiveData  stm32f4xx_spi.o
    0x0800785a   0x0800785a   0x00000004   Code   RO         4127    i.SPI_I2S_SendData  stm32f4xx_spi.o
    0x0800785e   0x0800785e   0x00000038   Code   RO         4128    i.SPI_Init          stm32f4xx_spi.o
    0x08007896   0x08007896   0x00000002   PAD
    0x08007898   0x08007898   0x00000040   Code   RO         7311    i.SPI_TIMEOUT_UserCallback  bsp_spi_flash.o
    0x080078d8   0x080078d8   0x00000002   Code   RO         5290    i.SVC_Handler       stm32f4xx_it.o
    0x080078da   0x080078da   0x00000002   PAD
    0x080078dc   0x080078dc   0x0000002c   Code   RO         4280    i.SYSCFG_EXTILineConfig  stm32f4xx_syscfg.o
    0x08007908   0x08007908   0x0000003c   Code   RO         6528    i.Select_V_I        gpio.o
    0x08007944   0x08007944   0x0000004c   Code   RO         7727    i.Send_To_Cpld      cpld.o
    0x08007990   0x08007990   0x0000000c   Code   RO         7519    i.Send_Uart3str     bsp_debug_usart.o
    0x0800799c   0x0800799c   0x0000005c   Code   RO         7728    i.Send_one_buff     cpld.o
    0x080079f8   0x080079f8   0x0000000c   Code   RO         5476    i.SetSoftTimer      pbdata.o
    0x08007a04   0x08007a04   0x000000d4   Code   RO           13    i.SetSysClock       system_stm32f4xx.o
    0x08007ad8   0x08007ad8   0x000001d0   Code   RO         6232    i.Setup_Channel_Process  test.o
    0x08007ca8   0x08007ca8   0x00000200   Code   RO         6233    i.Setup_Process     test.o
    0x08007ea8   0x08007ea8   0x00000328   Code   RO         6234    i.Setup_R_Comp_Process  test.o
    0x080081d0   0x080081d0   0x00000348   Code   RO         6235    i.Setup_V_Comp_Process  test.o
    0x08008518   0x08008518   0x00000058   Code   RO         5649    i.Soft_Turnon       user.o
    0x08008570   0x08008570   0x000000b0   Code   RO         6383    i.SpiRxByte         ad7706.o
    0x08008620   0x08008620   0x00000028   Code   RO         7763    i.Store_set_flash   flash_eerom.o
    0x08008648   0x08008648   0x0000003a   Code   RO         5650    i.StrToint          user.o
    0x08008682   0x08008682   0x00000004   Code   RO         5291    i.SysTick_Handler   stm32f4xx_it.o
    0x08008686   0x08008686   0x00000002   PAD
    0x08008688   0x08008688   0x00000040   Code   RO         7632    i.SysTick_Init      bsp_systick.o
    0x080086c8   0x080086c8   0x00000098   Code   RO         5652    i.Sys_Process       user.o
    0x08008760   0x08008760   0x0000005c   Code   RO           15    i.SystemInit        system_stm32f4xx.o
    0x080087bc   0x080087bc   0x00000004   Code   RO         5292    i.TIM2_IRQHandler   stm32f4xx_it.o
    0x080087c0   0x080087c0   0x0000000e   Code   RO         7474    i.TIM6_Configuration  bsp_basic_tim.o
    0x080087ce   0x080087ce   0x00000002   PAD
    0x080087d0   0x080087d0   0x00000084   Code   RO         5293    i.TIM6_DAC_IRQHandler  stm32f4xx_it.o
    0x08008854   0x08008854   0x0000002a   Code   RO         7475    i.TIM6_NVIC_Configuration  bsp_basic_tim.o
    0x0800887e   0x0800887e   0x00000018   Code   RO         4341    i.TIM_ARRPreloadConfig  stm32f4xx_tim.o
    0x08008896   0x08008896   0x00000006   Code   RO         4347    i.TIM_ClearFlag     stm32f4xx_tim.o
    0x0800889c   0x0800889c   0x00000006   Code   RO         4348    i.TIM_ClearITPendingBit  stm32f4xx_tim.o
    0x080088a2   0x080088a2   0x00000018   Code   RO         4353    i.TIM_Cmd           stm32f4xx_tim.o
    0x080088ba   0x080088ba   0x00000018   Code   RO         4374    i.TIM_GetITStatus   stm32f4xx_tim.o
    0x080088d2   0x080088d2   0x00000014   Code   RO         4378    i.TIM_ITConfig      stm32f4xx_tim.o
    0x080088e6   0x080088e6   0x00000002   PAD
    0x080088e8   0x080088e8   0x00000040   Code   RO         7476    i.TIM_Mode_Config   bsp_basic_tim.o
    0x08008928   0x08008928   0x0000007c   Code   RO         4425    i.TIM_TimeBaseInit  stm32f4xx_tim.o
    0x080089a4   0x080089a4   0x00000094   Code   RO         5653    i.Test_Debug        user.o
    0x08008a38   0x08008a38   0x00002bdc   Code   RO         6236    i.Test_Process      test.o
    0x0800b614   0x0800b614   0x00000220   Code   RO         5654    i.Time_Set_Cov      user.o
    0x0800b834   0x0800b834   0x00000014   Code   RO         7633    i.TimingDelay_Decrement  bsp_systick.o
    0x0800b848   0x0800b848   0x00000010   Code   RO         6529    i.Trip_Off          gpio.o
    0x0800b858   0x0800b858   0x00000010   Code   RO         6530    i.Trip_On           gpio.o
    0x0800b868   0x0800b868   0x00000020   Code   RO         6531    i.Turnoff_Led       gpio.o
    0x0800b888   0x0800b888   0x00000020   Code   RO         6532    i.Turnon_Led        gpio.o
    0x0800b8a8   0x0800b8a8   0x00000050   Code   RO         5294    i.USART3_IRQHandler  stm32f4xx_it.o
    0x0800b8f8   0x0800b8f8   0x00000008   Code   RO         4903    i.USART_ClearFlag   stm32f4xx_usart.o
    0x0800b900   0x0800b900   0x00000018   Code   RO         4907    i.USART_Cmd         stm32f4xx_usart.o
    0x0800b918   0x0800b918   0x0000000e   Code   RO         4910    i.USART_GetFlagStatus  stm32f4xx_usart.o
    0x0800b926   0x0800b926   0x00000036   Code   RO         4913    i.USART_ITConfig    stm32f4xx_usart.o
    0x0800b95c   0x0800b95c   0x000000bc   Code   RO         4914    i.USART_Init        stm32f4xx_usart.o
    0x0800ba18   0x0800ba18   0x00000008   Code   RO         4921    i.USART_ReceiveData  stm32f4xx_usart.o
    0x0800ba20   0x0800ba20   0x00000008   Code   RO         4924    i.USART_SendData    stm32f4xx_usart.o
    0x0800ba28   0x0800ba28   0x00000024   Code   RO         8982    i.USBH_Alloc_Channel  usbh_hcs.o
    0x0800ba4c   0x0800ba4c   0x00000036   Code   RO         9035    i.USBH_BulkReceiveData  usbh_ioreq.o
    0x0800ba82   0x0800ba82   0x00000034   Code   RO         9036    i.USBH_BulkSendData  usbh_ioreq.o
    0x0800bab6   0x0800bab6   0x0000002e   Code   RO         9118    i.USBH_ClrFeature   usbh_stdreq.o
    0x0800bae4   0x0800bae4   0x0000000a   Code   RO         8900    i.USBH_Connected    usbh_core.o
    0x0800baee   0x0800baee   0x00000024   Code   RO         9037    i.USBH_CtlReceiveData  usbh_ioreq.o
    0x0800bb12   0x0800bb12   0x0000004c   Code   RO         9038    i.USBH_CtlReq       usbh_ioreq.o
    0x0800bb5e   0x0800bb5e   0x0000003c   Code   RO         9039    i.USBH_CtlSendData  usbh_ioreq.o
    0x0800bb9a   0x0800bb9a   0x00000026   Code   RO         9040    i.USBH_CtlSendSetup  usbh_ioreq.o
    0x0800bbc0   0x0800bbc0   0x00000018   Code   RO         8983    i.USBH_DeAllocate_AllChannel  usbh_hcs.o
    0x0800bbd8   0x0800bbd8   0x00000034   Code   RO         8901    i.USBH_DeInit       usbh_core.o
    0x0800bc0c   0x0800bc0c   0x0000000a   Code   RO         8902    i.USBH_Disconnected  usbh_core.o
    0x0800bc16   0x0800bc16   0x0000002c   Code   RO         8903    i.USBH_ErrorHandle  usbh_core.o
    0x0800bc42   0x0800bc42   0x00000018   Code   RO         8984    i.USBH_Free_Channel  usbh_hcs.o
    0x0800bc5a   0x0800bc5a   0x00000032   Code   RO         9119    i.USBH_GetDescriptor  usbh_stdreq.o
    0x0800bc8c   0x0800bc8c   0x0000001e   Code   RO         8985    i.USBH_GetFreeChannel  usbh_hcs.o
    0x0800bcaa   0x0800bcaa   0x0000000e   Code   RO         9120    i.USBH_GetNextDesc  usbh_stdreq.o
    0x0800bcb8   0x0800bcb8   0x0000005c   Code   RO         9121    i.USBH_Get_CfgDesc  usbh_stdreq.o
    0x0800bd14   0x0800bd14   0x00000032   Code   RO         9122    i.USBH_Get_DevDesc  usbh_stdreq.o
    0x0800bd46   0x0800bd46   0x0000002e   Code   RO         9123    i.USBH_Get_StringDesc  usbh_stdreq.o
    0x0800bd74   0x0800bd74   0x00000200   Code   RO         8904    i.USBH_HandleControl  usbh_core.o
    0x0800bf74   0x0800bf74   0x000001c8   Code   RO         8905    i.USBH_HandleEnum   usbh_core.o
    0x0800c13c   0x0800c13c   0x00000040   Code   RO         8906    i.USBH_Init         usbh_core.o
    0x0800c17c   0x0800c17c   0x00000018   Code   RO         9271    i.USBH_MSC_BOTReset  usbh_msc_core.o
    0x0800c194   0x0800c194   0x00000040   Code   RO         9222    i.USBH_MSC_BOT_Abort  usbh_msc_bot.o
    0x0800c1d4   0x0800c1d4   0x0000000c   Code   RO         9272    i.USBH_MSC_ClassRequest  usbh_msc_core.o
    0x0800c1e0   0x0800c1e0   0x00000064   Code   RO         9223    i.USBH_MSC_DecodeCSW  usbh_msc_bot.o
    0x0800c244   0x0800c244   0x00000034   Code   RO         9273    i.USBH_MSC_ErrorHandle  usbh_msc_core.o
    0x0800c278   0x0800c278   0x00000020   Code   RO         9274    i.USBH_MSC_GETMaxLUN  usbh_msc_core.o
    0x0800c298   0x0800c298   0x0000015c   Code   RO         9275    i.USBH_MSC_Handle   usbh_msc_core.o
    0x0800c3f4   0x0800c3f4   0x0000025c   Code   RO         9224    i.USBH_MSC_HandleBOTXfer  usbh_msc_bot.o
    0x0800c650   0x0800c650   0x0000003c   Code   RO         9225    i.USBH_MSC_Init     usbh_msc_bot.o
    0x0800c68c   0x0800c68c   0x0000003c   Code   RO         9276    i.USBH_MSC_InterfaceDeInit  usbh_msc_core.o
    0x0800c6c8   0x0800c6c8   0x000000a0   Code   RO         9277    i.USBH_MSC_InterfaceInit  usbh_msc_core.o
    0x0800c768   0x0800c768   0x0000009c   Code   RO         9334    i.USBH_MSC_ModeSense6  usbh_msc_scsi.o
    0x0800c804   0x0800c804   0x000000dc   Code   RO         9335    i.USBH_MSC_Read10   usbh_msc_scsi.o
    0x0800c8e0   0x0800c8e0   0x000000a0   Code   RO         9336    i.USBH_MSC_ReadCapacity10  usbh_msc_scsi.o
    0x0800c980   0x0800c980   0x000000a0   Code   RO         9337    i.USBH_MSC_RequestSense  usbh_msc_scsi.o
    0x0800ca20   0x0800ca20   0x00000080   Code   RO         9338    i.USBH_MSC_TestUnitReady  usbh_msc_scsi.o
    0x0800caa0   0x0800caa0   0x000000a4   Code   RO         9339    i.USBH_MSC_Write10  usbh_msc_scsi.o
    0x0800cb44   0x0800cb44   0x00000034   Code   RO         8986    i.USBH_Modify_Channel  usbh_hcs.o
    0x0800cb78   0x0800cb78   0x000000a8   Code   RO         8555    i.USBH_OTG_ISR_Handler  usb_hcd_int.o
    0x0800cc20   0x0800cc20   0x00000050   Code   RO         8987    i.USBH_Open_Channel  usbh_hcs.o
    0x0800cc70   0x0800cc70   0x00000104   Code   RO         9124    i.USBH_ParseCfgDesc  usbh_stdreq.o
    0x0800cd74   0x0800cd74   0x00000058   Code   RO         9125    i.USBH_ParseDevDesc  usbh_stdreq.o
    0x0800cdcc   0x0800cdcc   0x00000020   Code   RO         9126    i.USBH_ParseEPDesc  usbh_stdreq.o
    0x0800cdec   0x0800cdec   0x00000026   Code   RO         9127    i.USBH_ParseInterfaceDesc  usbh_stdreq.o
    0x0800ce12   0x0800ce12   0x0000002e   Code   RO         9128    i.USBH_ParseStringDesc  usbh_stdreq.o
    0x0800ce40   0x0800ce40   0x00000192   Code   RO         8907    i.USBH_Process      usbh_core.o
    0x0800cfd2   0x0800cfd2   0x00000004   Code   RO         8908    i.USBH_SOF          usbh_core.o
    0x0800cfd6   0x0800cfd6   0x00000018   Code   RO         9129    i.USBH_SetAddress   usbh_stdreq.o
    0x0800cfee   0x0800cfee   0x00000018   Code   RO         9130    i.USBH_SetCfg       usbh_stdreq.o
    0x0800d006   0x0800d006   0x00000014   Code   RO         9045    i.USBH_SubmitSetupRequest  usbh_ioreq.o
    0x0800d01a   0x0800d01a   0x00000004   Code   RO         8404    i.USBH_USR_Configuration_DescAvailable  usbh_usr.o
    0x0800d01e   0x0800d01e   0x00000002   Code   RO         8405    i.USBH_USR_DeInit   usbh_usr.o
    0x0800d020   0x0800d020   0x00000002   Code   RO         8406    i.USBH_USR_DeviceAddressAssigned  usbh_usr.o
    0x0800d022   0x0800d022   0x00000002   PAD
    0x0800d024   0x0800d024   0x00000014   Code   RO         8407    i.USBH_USR_DeviceAttached  usbh_usr.o
    0x0800d038   0x0800d038   0x00000018   Code   RO         8408    i.USBH_USR_DeviceDisconnected  usbh_usr.o
    0x0800d050   0x0800d050   0x00000002   Code   RO         8409    i.USBH_USR_DeviceNotSupported  usbh_usr.o
    0x0800d052   0x0800d052   0x00000002   Code   RO         8410    i.USBH_USR_DeviceSpeedDetected  usbh_usr.o
    0x0800d054   0x0800d054   0x00000002   Code   RO         8411    i.USBH_USR_Device_DescAvailable  usbh_usr.o
    0x0800d056   0x0800d056   0x00000002   Code   RO         8412    i.USBH_USR_EnumerationDone  usbh_usr.o
    0x0800d058   0x0800d058   0x00000014   Code   RO         8413    i.USBH_USR_Init     usbh_usr.o
    0x0800d06c   0x0800d06c   0x00000004   Code   RO         8414    i.USBH_USR_MSC_Application  usbh_usr.o
    0x0800d070   0x0800d070   0x00000002   Code   RO         8415    i.USBH_USR_Manufacturer_String  usbh_usr.o
    0x0800d072   0x0800d072   0x00000002   Code   RO         8416    i.USBH_USR_OverCurrentDetected  usbh_usr.o
    0x0800d074   0x0800d074   0x00000002   Code   RO         8417    i.USBH_USR_Product_String  usbh_usr.o
    0x0800d076   0x0800d076   0x00000002   Code   RO         8418    i.USBH_USR_ResetDevice  usbh_usr.o
    0x0800d078   0x0800d078   0x00000002   Code   RO         8419    i.USBH_USR_SerialNum_String  usbh_usr.o
    0x0800d07a   0x0800d07a   0x00000002   Code   RO         8420    i.USBH_USR_UnrecoveredError  usbh_usr.o
    0x0800d07c   0x0800d07c   0x00000004   Code   RO         8421    i.USBH_USR_UserInput  usbh_usr.o
    0x0800d080   0x0800d080   0x0000000c   Code   RO         8327    i.USB_OTG_BSP_ConfigVBUS  usb_bsp.o
    0x0800d08c   0x0800d08c   0x00000002   Code   RO         8328    i.USB_OTG_BSP_DriveVBUS  usb_bsp.o
    0x0800d08e   0x0800d08e   0x00000028   Code   RO         8329    i.USB_OTG_BSP_EnableInterrupt  usb_bsp.o
    0x0800d0b6   0x0800d0b6   0x00000002   PAD
    0x0800d0b8   0x0800d0b8   0x0000004c   Code   RO         8330    i.USB_OTG_BSP_Init  usb_bsp.o
    0x0800d104   0x0800d104   0x00000038   Code   RO         8331    i.USB_OTG_BSP_TimeInit  usb_bsp.o
    0x0800d13c   0x0800d13c   0x00000038   Code   RO         8332    i.USB_OTG_BSP_TimerIRQ  usb_bsp.o
    0x0800d174   0x0800d174   0x00000006   Code   RO         8333    i.USB_OTG_BSP_mDelay  usb_bsp.o
    0x0800d17a   0x0800d17a   0x00000006   Code   RO         8334    i.USB_OTG_BSP_uDelay  usb_bsp.o
    0x0800d180   0x0800d180   0x000000a8   Code   RO         8710    i.USB_OTG_CoreInit  usb_core.o
    0x0800d228   0x0800d228   0x000000b4   Code   RO         8711    i.USB_OTG_CoreInitHost  usb_core.o
    0x0800d2dc   0x0800d2dc   0x0000005c   Code   RO         8712    i.USB_OTG_CoreReset  usb_core.o
    0x0800d338   0x0800d338   0x00000010   Code   RO         8713    i.USB_OTG_DisableGlobalInt  usb_core.o
    0x0800d348   0x0800d348   0x00000048   Code   RO         8714    i.USB_OTG_DriveVbus  usb_core.o
    0x0800d390   0x0800d390   0x0000001c   Code   RO         8715    i.USB_OTG_EnableCommonInt  usb_core.o
    0x0800d3ac   0x0800d3ac   0x00000010   Code   RO         8716    i.USB_OTG_EnableGlobalInt  usb_core.o
    0x0800d3bc   0x0800d3bc   0x00000046   Code   RO         8717    i.USB_OTG_EnableHostInt  usb_core.o
    0x0800d402   0x0800d402   0x00000002   PAD
    0x0800d404   0x0800d404   0x0000003c   Code   RO         8718    i.USB_OTG_FlushRxFifo  usb_core.o
    0x0800d440   0x0800d440   0x00000044   Code   RO         8719    i.USB_OTG_FlushTxFifo  usb_core.o
    0x0800d484   0x0800d484   0x0000000a   Code   RO         8720    i.USB_OTG_GetMode   usb_core.o
    0x0800d48e   0x0800d48e   0x0000002a   Code   RO         8721    i.USB_OTG_HC_DoPing  usb_core.o
    0x0800d4b8   0x0800d4b8   0x00000064   Code   RO         8722    i.USB_OTG_HC_Halt   usb_core.o
    0x0800d51c   0x0800d51c   0x0000013c   Code   RO         8723    i.USB_OTG_HC_Init   usb_core.o
    0x0800d658   0x0800d658   0x00000120   Code   RO         8724    i.USB_OTG_HC_StartXfer  usb_core.o
    0x0800d778   0x0800d778   0x0000000c   Code   RO         8725    i.USB_OTG_InitFSLSPClkSel  usb_core.o
    0x0800d784   0x0800d784   0x0000000c   Code   RO         8727    i.USB_OTG_IsEvenFrame  usb_core.o
    0x0800d790   0x0800d790   0x0000000e   Code   RO         8728    i.USB_OTG_IsHostMode  usb_core.o
    0x0800d79e   0x0800d79e   0x0000000a   Code   RO         8729    i.USB_OTG_ReadCoreItr  usb_core.o
    0x0800d7a8   0x0800d7a8   0x00000018   Code   RO         8730    i.USB_OTG_ReadHPRT0  usb_core.o
    0x0800d7c0   0x0800d7c0   0x00000006   Code   RO         8731    i.USB_OTG_ReadHostAllChannels_intr  usb_core.o
    0x0800d7c6   0x0800d7c6   0x00000020   Code   RO         8733    i.USB_OTG_ReadPacket  usb_core.o
    0x0800d7e6   0x0800d7e6   0x0000002c   Code   RO         8734    i.USB_OTG_ResetPort  usb_core.o
    0x0800d812   0x0800d812   0x00000002   PAD
    0x0800d814   0x0800d814   0x000000c4   Code   RO         8735    i.USB_OTG_SelectCore  usb_core.o
    0x0800d8d8   0x0800d8d8   0x00000036   Code   RO         8736    i.USB_OTG_SetCurrentMode  usb_core.o
    0x0800d90e   0x0800d90e   0x00000002   PAD
    0x0800d910   0x0800d910   0x0000002c   Code   RO         8556    i.USB_OTG_USBH_handle_Disconnect_ISR  usb_hcd_int.o
    0x0800d93c   0x0800d93c   0x00000046   Code   RO         8557    i.USB_OTG_USBH_handle_IncompletePeriodicXfer_ISR  usb_hcd_int.o
    0x0800d982   0x0800d982   0x00000056   Code   RO         8558    i.USB_OTG_USBH_handle_hc_ISR  usb_hcd_int.o
    0x0800d9d8   0x0800d9d8   0x0000042a   Code   RO         8559    i.USB_OTG_USBH_handle_hc_n_In_ISR  usb_hcd_int.o
    0x0800de02   0x0800de02   0x000003d0   Code   RO         8560    i.USB_OTG_USBH_handle_hc_n_Out_ISR  usb_hcd_int.o
    0x0800e1d2   0x0800e1d2   0x0000012e   Code   RO         8561    i.USB_OTG_USBH_handle_nptxfempty_ISR  usb_hcd_int.o
    0x0800e300   0x0800e300   0x00000120   Code   RO         8562    i.USB_OTG_USBH_handle_port_ISR  usb_hcd_int.o
    0x0800e420   0x0800e420   0x0000012e   Code   RO         8563    i.USB_OTG_USBH_handle_ptxfempty_ISR  usb_hcd_int.o
    0x0800e54e   0x0800e54e   0x00000164   Code   RO         8564    i.USB_OTG_USBH_handle_rx_qlvl_ISR  usb_hcd_int.o
    0x0800e6b2   0x0800e6b2   0x00000002   PAD
    0x0800e6b4   0x0800e6b4   0x0000002c   Code   RO         8565    i.USB_OTG_USBH_handle_sof_ISR  usb_hcd_int.o
    0x0800e6e0   0x0800e6e0   0x00000028   Code   RO         8738    i.USB_OTG_WritePacket  usb_core.o
    0x0800e708   0x0800e708   0x0000008c   Code   RO         5655    i.Uart_Process      user.o
    0x0800e794   0x0800e794   0x00000002   Code   RO         5295    i.UsageFault_Handler  stm32f4xx_it.o
    0x0800e796   0x0800e796   0x0000001e   Code   RO         7520    i.Usart_SendByte    bsp_debug_usart.o
    0x0800e7b4   0x0800e7b4   0x0000002e   Code   RO         7521    i.Usart_SendString  bsp_debug_usart.o
    0x0800e7e2   0x0800e7e2   0x00000002   PAD
    0x0800e7e4   0x0800e7e4   0x0000055c   Code   RO         6237    i.Use_DebugProcess  test.o
    0x0800ed40   0x0800ed40   0x000004de   Code   RO         5656    i.Use_SysSetProcess  user.o
    0x0800f21e   0x0800f21e   0x00000002   PAD
    0x0800f220   0x0800f220   0x00000088   Code   RO         5657    i.VRange_Changecomp  user.o
    0x0800f2a8   0x0800f2a8   0x00000088   Code   RO         5658    i.V_Comp            user.o
    0x0800f330   0x0800f330   0x00000030   Code   RO         5659    i.V_Datacov         user.o
    0x0800f360   0x0800f360   0x00000044   Code   RO         6533    i.V_I_Select_Configuration  gpio.o
    0x0800f3a4   0x0800f3a4   0x00000012   Code   RO         6907    i.WriteOneHzChar_16  bsp_lcd.o
    0x0800f3b6   0x0800f3b6   0x00000002   PAD
    0x0800f3b8   0x0800f3b8   0x000000a0   Code   RO         6908    i.WriteString_16    bsp_lcd.o
    0x0800f458   0x0800f458   0x00000078   Code   RO         6909    i.WriteString_Big   bsp_lcd.o
    0x0800f4d0   0x0800f4d0   0x0000000c   Code   RO         6786    i._164Delaay        keyboard.o
    0x0800f4dc   0x0800f4dc   0x00000020   Code   RO         9577    i.__0printf$6       mc_w.l(printf6.o)
    0x0800f4fc   0x0800f4fc   0x00000028   Code   RO         9579    i.__0sprintf$6      mc_w.l(printf6.o)
    0x0800f524   0x0800f524   0x00000030   Code   RO         9713    i.__ARM_fpclassify  m_wm.l(fpclassify.o)
    0x0800f554   0x0800f554   0x00000004   PAD
    0x0800f558   0x0800f558   0x00000c50   Code   RO         9393    i.__hardfp_pow      m_wm.l(pow.o)
    0x080101a8   0x080101a8   0x000000f8   Code   RO         9715    i.__kernel_poly     m_wm.l(poly.o)
    0x080102a0   0x080102a0   0x00000030   Code   RO         9693    i.__mathlib_dbl_divzero  m_wm.l(dunder.o)
    0x080102d0   0x080102d0   0x00000014   Code   RO         9695    i.__mathlib_dbl_infnan2  m_wm.l(dunder.o)
    0x080102e4   0x080102e4   0x00000004   PAD
    0x080102e8   0x080102e8   0x00000020   Code   RO         9696    i.__mathlib_dbl_invalid  m_wm.l(dunder.o)
    0x08010308   0x08010308   0x00000020   Code   RO         9697    i.__mathlib_dbl_overflow  m_wm.l(dunder.o)
    0x08010328   0x08010328   0x00000020   Code   RO         9699    i.__mathlib_dbl_underflow  m_wm.l(dunder.o)
    0x08010348   0x08010348   0x0000000e   Code   RO         9787    i.__scatterload_copy  mc_w.l(handlers.o)
    0x08010356   0x08010356   0x00000002   Code   RO         9788    i.__scatterload_null  mc_w.l(handlers.o)
    0x08010358   0x08010358   0x0000000e   Code   RO         9789    i.__scatterload_zeroinit  mc_w.l(handlers.o)
    0x08010366   0x08010366   0x00000002   PAD
    0x08010368   0x08010368   0x0000000c   Code   RO         9751    i.__set_errno       mc_w.l(errno.o)
    0x08010374   0x08010374   0x000002f0   Code   RO         9584    i._printf_core      mc_w.l(printf6.o)
    0x08010664   0x08010664   0x00000024   Code   RO         9585    i._printf_post_padding  mc_w.l(printf6.o)
    0x08010688   0x08010688   0x0000002e   Code   RO         9586    i._printf_pre_padding  mc_w.l(printf6.o)
    0x080106b6   0x080106b6   0x0000000a   Code   RO         9588    i._sputc            mc_w.l(printf6.o)
    0x080106c0   0x080106c0   0x0000007c   Code   RO         7938    i.check_fs          ff.o
    0x0801073c   0x0801073c   0x00000010   Code   RO         7939    i.chk_chr           ff.o
    0x0801074c   0x0801074c   0x00000018   Code   RO         7940    i.clust2sect        ff.o
    0x08010764   0x08010764   0x00000080   Code   RO         7941    i.cmp_lfn           ff.o
    0x080107e4   0x080107e4   0x000000a8   Code   RO         7942    i.create_chain      ff.o
    0x0801088c   0x0801088c   0x00000230   Code   RO         7943    i.create_name       ff.o
    0x08010abc   0x08010abc   0x00000022   Code   RO         7635    i.delay_1us         bsp_systick.o
    0x08010ade   0x08010ade   0x0000000a   Code   RO         7636    i.delay_us          bsp_systick.o
    0x08010ae8   0x08010ae8   0x00000044   Code   RO         7944    i.dir_alloc         ff.o
    0x08010b2c   0x08010b2c   0x000000c6   Code   RO         7945    i.dir_find          ff.o
    0x08010bf2   0x08010bf2   0x00000114   Code   RO         7946    i.dir_next          ff.o
    0x08010d06   0x08010d06   0x00000104   Code   RO         7948    i.dir_register      ff.o
    0x08010e0a   0x08010e0a   0x000000a0   Code   RO         7950    i.dir_sdi           ff.o
    0x08010eaa   0x08010eaa   0x00000002   PAD
    0x08010eac   0x08010eac   0x00000018   Code   RO         7878    i.disk_initialize   diskio.o
    0x08010ec4   0x08010ec4   0x00000038   Code   RO         7879    i.disk_ioctl        diskio.o
    0x08010efc   0x08010efc   0x00000060   Code   RO         7880    i.disk_read         diskio.o
    0x08010f5c   0x08010f5c   0x00000004   Code   RO         7881    i.disk_status       diskio.o
    0x08010f60   0x08010f60   0x0000004c   Code   RO         7882    i.disk_write        diskio.o
    0x08010fac   0x08010fac   0x0000001e   Code   RO         7952    i.f_close           ff.o
    0x08010fca   0x08010fca   0x00000174   Code   RO         7957    i.f_lseek           ff.o
    0x0801113e   0x0801113e   0x00000164   Code   RO         7958    i.f_mkdir           ff.o
    0x080112a2   0x080112a2   0x00000002   PAD
    0x080112a4   0x080112a4   0x0000004c   Code   RO         7960    i.f_mount           ff.o
    0x080112f0   0x080112f0   0x00000158   Code   RO         7961    i.f_open            ff.o
    0x08011448   0x08011448   0x0000009a   Code   RO         7971    i.f_sync            ff.o
    0x080114e2   0x080114e2   0x000001ba   Code   RO         7975    i.f_write           ff.o
    0x0801169c   0x0801169c   0x00000018   Code   RO         9709    i.fabs              m_wm.l(fabs.o)
    0x080116b4   0x080116b4   0x00000058   Code   RO         8293    i.ff_convert        cc936.o
    0x0801170c   0x0801170c   0x0000002c   Code   RO         8294    i.ff_wtoupper       cc936.o
    0x08011738   0x08011738   0x00000034   Code   RO         6910    i.findHzIndex_16    bsp_lcd.o
    0x0801176c   0x0801176c   0x00000348   Code   RO         7976    i.find_volume       ff.o
    0x08011ab4   0x08011ab4   0x0000006c   Code   RO         7977    i.fit_lfn           ff.o
    0x08011b20   0x08011b20   0x0000006a   Code   RO         7978    i.follow_path       ff.o
    0x08011b8a   0x08011b8a   0x00000002   PAD
    0x08011b8c   0x08011b8c   0x00000024   Code   RO         7523    i.fputc             bsp_debug_usart.o
    0x08011bb0   0x08011bb0   0x00000098   Code   RO         7979    i.gen_numname       ff.o
    0x08011c48   0x08011c48   0x00000100   Code   RO         7980    i.get_fat           ff.o
    0x08011d48   0x08011d48   0x00000044   Code   RO         7883    i.get_fattime       diskio.o
    0x08011d8c   0x08011d8c   0x00000042   Code   RO         7982    i.get_ldnumber      ff.o
    0x08011dce   0x08011dce   0x00000002   PAD
    0x08011dd0   0x08011dd0   0x00000238   Code   RO         5661    i.input_num         user.o
    0x08012008   0x08012008   0x000002c0   Code   RO         5662    i.input_password    user.o
    0x080122c8   0x080122c8   0x00000028   Code   RO         6911    i.lcd_image         bsp_lcd.o
    0x080122f0   0x080122f0   0x0000001e   Code   RO         7983    i.ld_clust          ff.o
    0x0801230e   0x0801230e   0x00000002   PAD
    0x08012310   0x08012310   0x00000094   Code   RO         5161    i.main              main.o
    0x080123a4   0x080123a4   0x0000001a   Code   RO         7984    i.mem_cmp           ff.o
    0x080123be   0x080123be   0x00000012   Code   RO         7985    i.mem_cpy           ff.o
    0x080123d0   0x080123d0   0x00000010   Code   RO         7986    i.mem_set           ff.o
    0x080123e0   0x080123e0   0x00000034   Code   RO         7987    i.move_window       ff.o
    0x08012414   0x08012414   0x0000012c   Code   RO         7989    i.put_fat           ff.o
    0x08012540   0x08012540   0x000000f0   Code   RO         5665    i.read_adI_1        user.o
    0x08012630   0x08012630   0x000000f8   Code   RO         5666    i.read_adI_2        user.o
    0x08012728   0x08012728   0x000000a0   Code   RO         5667    i.read_adI_3        user.o
    0x080127c8   0x080127c8   0x000000f4   Code   RO         5669    i.read_adV_1        user.o
    0x080128bc   0x080128bc   0x00000100   Code   RO         5670    i.read_adV_2        user.o
    0x080129bc   0x080129bc   0x000000a4   Code   RO         5671    i.read_adV_3        user.o
    0x08012a60   0x08012a60   0x00000048   Code   RO         6534    i.read_cpld         gpio.o
    0x08012aa8   0x08012aa8   0x00000066   Code   RO         7991    i.remove_chain      ff.o
    0x08012b0e   0x08012b0e   0x00000002   PAD
    0x08012b10   0x08012b10   0x0000003c   Code   RO         6535    i.sm_RYsel          gpio.o
    0x08012b4c   0x08012b4c   0x0000006e   Code   RO         9720    i.sqrt              m_wm.l(sqrt.o)
    0x08012bba   0x08012bba   0x00000010   Code   RO         7992    i.st_clust          ff.o
    0x08012bca   0x08012bca   0x0000001a   Code   RO         7993    i.sum_sfn           ff.o
    0x08012be4   0x08012be4   0x000000b4   Code   RO         7994    i.sync_fs           ff.o
    0x08012c98   0x08012c98   0x00000054   Code   RO         7995    i.sync_window       ff.o
    0x08012cec   0x08012cec   0x00000030   Code   RO         5296    i.uart1SendChars    stm32f4xx_it.o
    0x08012d1c   0x08012d1c   0x0000002c   Code   RO         7996    i.validate          ff.o
    0x08012d48   0x08012d48   0x00000200   Data   RO         5298    .constdata          stm32f4xx_it.o
    0x08012f48   0x08012f48   0x00000852   Data   RO         5675    .constdata          user.o
    0x0801379a   0x0801379a   0x0005fa08   Data   RO         6240    .constdata          test.o
    0x080731a2   0x080731a2   0x00000008   Data   RO         6787    .constdata          keyboard.o
    0x080731aa   0x080731aa   0x0000180a   Data   RO         6914    .constdata          bsp_lcd.o
    0x080749b4   0x080749b4   0x000011d0   Data   RO         7241    .constdata          fonts.o
    0x08075b84   0x08075b84   0x00000270   Data   RO         7242    .constdata          fonts.o
    0x08075df4   0x08075df4   0x00001e28   Data   RO         7243    .constdata          fonts.o
    0x08077c1c   0x08077c1c   0x00000b80   Data   RO         7244    .constdata          fonts.o
    0x0807879c   0x0807879c   0x000005f0   Data   RO         7248    .constdata          fonts.o
    0x08078d8c   0x08078d8c   0x00000090   Data   RO         7249    .constdata          fonts.o
    0x08078e1c   0x08078e1c   0x0000003a   Data   RO         7998    .constdata          ff.o
    0x08078e56   0x08078e56   0x0002acc8   Data   RO         8295    .constdata          cc936.o
    0x080a3b1e   0x080a3b1e   0x00000002   PAD
    0x080a3b20   0x080a3b20   0x00000088   Data   RO         9396    .constdata          m_wm.l(pow.o)
    0x080a3ba8   0x080a3ba8   0x00000008   Data   RO         9717    .constdata          m_wm.l(qnan.o)
    0x080a3bb0   0x080a3bb0   0x00000020   Data   RO         9785    Region$$Table       anon$$obj.o


    Execution Region RW_IRAM1 (Exec base: 0x20000000, Load base: 0x080a3bd0, Size: 0x000081a8, Max: 0x00030000, ABSOLUTE, COMPRESSED[0x000000a0])

    Exec Addr    Load Addr    Size         Type   Attr      Idx    E Section Name        Object

    0x20000000   COMPRESSED   0x00000014   Data   RW           16    .data               system_stm32f4xx.o
    0x20000014   COMPRESSED   0x00000010   Data   RW         3013    .data               stm32f4xx_rcc.o
    0x20000024   COMPRESSED   0x00000008   Data   RW         5299    .data               stm32f4xx_it.o
    0x2000002c   COMPRESSED   0x00000001   Data   RW         5500    .data               pbdata.o
    0x2000002d   COMPRESSED   0x00000001   Data   RW         5502    .data               pbdata.o
    0x2000002e   COMPRESSED   0x00000001   Data   RW         5503    .data               pbdata.o
    0x2000002f   COMPRESSED   0x00000001   Data   RW         5505    .data               pbdata.o
    0x20000030   COMPRESSED   0x00000001   Data   RW         5506    .data               pbdata.o
    0x20000031   COMPRESSED   0x00000001   Data   RW         5507    .data               pbdata.o
    0x20000032   COMPRESSED   0x00000001   Data   RW         5509    .data               pbdata.o
    0x20000033   COMPRESSED   0x00000001   Data   RW         5510    .data               pbdata.o
    0x20000034   COMPRESSED   0x00000001   Data   RW         5511    .data               pbdata.o
    0x20000035   COMPRESSED   0x00000001   Data   RW         5512    .data               pbdata.o
    0x20000036   COMPRESSED   0x00000002   Data   RW         5513    .data               pbdata.o
    0x20000038   COMPRESSED   0x00000001   Data   RW         5514    .data               pbdata.o
    0x20000039   COMPRESSED   0x00000001   Data   RW         5516    .data               pbdata.o
    0x2000003a   COMPRESSED   0x00000001   Data   RW         5521    .data               pbdata.o
    0x2000003b   COMPRESSED   0x00000001   Data   RW         5522    .data               pbdata.o
    0x2000003c   COMPRESSED   0x00000001   Data   RW         5523    .data               pbdata.o
    0x2000003d   COMPRESSED   0x00000002   Data   RW         5524    .data               pbdata.o
    0x2000003f   COMPRESSED   0x00000001   Data   RW         5525    .data               pbdata.o
    0x20000040   COMPRESSED   0x00000004   Data   RW         5526    .data               pbdata.o
    0x20000044   COMPRESSED   0x00000004   Data   RW         5527    .data               pbdata.o
    0x20000048   COMPRESSED   0x00000001   Data   RW         5529    .data               pbdata.o
    0x20000049   COMPRESSED   0x00000001   Data   RW         5530    .data               pbdata.o
    0x2000004a   COMPRESSED   0x00000001   Data   RW         5531    .data               pbdata.o
    0x2000004b   COMPRESSED   0x00000001   PAD
    0x2000004c   COMPRESSED   0x00000004   Data   RW         5532    .data               pbdata.o
    0x20000050   COMPRESSED   0x00000004   Data   RW         5533    .data               pbdata.o
    0x20000054   COMPRESSED   0x00000004   Data   RW         5534    .data               pbdata.o
    0x20000058   COMPRESSED   0x00000001   Data   RW         5535    .data               pbdata.o
    0x20000059   COMPRESSED   0x00000001   Data   RW         5536    .data               pbdata.o
    0x2000005a   COMPRESSED   0x00000001   Data   RW         5537    .data               pbdata.o
    0x2000005b   COMPRESSED   0x00000002   Data   RW         5540    .data               pbdata.o
    0x2000005d   COMPRESSED   0x00000003   PAD
    0x20000060   COMPRESSED   0x00000044   Data   RW         5685    .data               user.o
    0x200000a4   COMPRESSED   0x00000005   Data   RW         6241    .data               test.o
    0x200000a9   COMPRESSED   0x00000006   Data   RW         6788    .data               keyboard.o
    0x200000af   COMPRESSED   0x00000001   PAD
    0x200000b0   COMPRESSED   0x0000001c   Data   RW         6915    .data               bsp_lcd.o
    0x200000cc   COMPRESSED   0x00000008   Data   RW         7250    .data               fonts.o
    0x200000d4   COMPRESSED   0x00000004   Data   RW         7312    .data               bsp_spi_flash.o
    0x200000d8   COMPRESSED   0x00000008   Data   RW         7477    .data               bsp_basic_tim.o
    0x200000e0   COMPRESSED   0x00000004   Data   RW         7637    .data               bsp_systick.o
    0x200000e4   COMPRESSED   0x00000002   Data   RW         7999    .data               ff.o
    0x200000e6   COMPRESSED   0x00000002   PAD
    0x200000e8   COMPRESSED   0x00000004   Data   RW         8335    .data               usb_bsp.o
    0x200000ec   COMPRESSED   0x00000048   Data   RW         8439    .data               usbh_usr.o
    0x20000134   COMPRESSED   0x00000001   Data   RW         8440    .data               usbh_usr.o
    0x20000135   COMPRESSED   0x00000003   PAD
    0x20000138   COMPRESSED   0x0000000c   Data   RW         8909    .data               usbh_core.o
    0x20000144   COMPRESSED   0x00000004   Data   RW         8910    .data               usbh_core.o
    0x20000148   COMPRESSED   0x00000002   Data   RW         8911    .data               usbh_core.o
    0x2000014a   COMPRESSED   0x00000004   Data   RW         9133    .data               usbh_stdreq.o
    0x2000014e   COMPRESSED   0x00000002   PAD
    0x20000150   COMPRESSED   0x00000014   Data   RW         9227    .data               usbh_msc_bot.o
    0x20000164   COMPRESSED   0x00000002   Data   RW         9279    .data               usbh_msc_core.o
    0x20000166   COMPRESSED   0x00000002   PAD
    0x20000168   COMPRESSED   0x00000010   Data   RW         9280    .data               usbh_msc_core.o
    0x20000178   COMPRESSED   0x00000001   Data   RW         9342    .data               usbh_msc_scsi.o
    0x20000179   COMPRESSED   0x00000003   PAD
    0x2000017c   COMPRESSED   0x00000004   Data   RW         9744    .data               mc_w.l(stdout.o)
    0x20000180   COMPRESSED   0x00000004   Data   RW         9752    .data               mc_w.l(errno.o)
    0x20000184        -       0x000000a3   Zero   RW         5297    .bss                stm32f4xx_it.o
    0x20000227   COMPRESSED   0x00000001   PAD
    0x20000228        -       0x00000208   Zero   RW         5478    .bss                pbdata.o
    0x20000430        -       0x000006b8   Zero   RW         5479    .bss                pbdata.o
    0x20000ae8        -       0x00000015   Zero   RW         5480    .bss                pbdata.o
    0x20000afd        -       0x0000002f   Zero   RW         5481    .bss                pbdata.o
    0x20000b2c        -       0x0000002a   Zero   RW         5482    .bss                pbdata.o
    0x20000b56   COMPRESSED   0x00000002   PAD
    0x20000b58        -       0x00000010   Zero   RW         5485    .bss                pbdata.o
    0x20000b68        -       0x00000010   Zero   RW         5489    .bss                pbdata.o
    0x20000b78        -       0x00000118   Zero   RW         5490    .bss                pbdata.o
    0x20000c90        -       0x00000050   Zero   RW         5491    .bss                pbdata.o
    0x20000ce0        -       0x00000030   Zero   RW         5492    .bss                pbdata.o
    0x20000d10        -       0x00000037   Zero   RW         5495    .bss                pbdata.o
    0x20000d47   COMPRESSED   0x00000001   PAD
    0x20000d48        -       0x000006ac   Zero   RW         5496    .bss                pbdata.o
    0x200013f4        -       0x000000b4   Zero   RW         5497    .bss                pbdata.o
    0x200014a8        -       0x00000014   Zero   RW         5673    .bss                user.o
    0x200014bc        -       0x00002054   Zero   RW         6239    .bss                test.o
    0x20003510        -       0x0000000c   Zero   RW         7997    .bss                ff.o
    0x2000351c        -       0x000005ac   Zero   RW         8422    .bss                usbh_usr.o
    0x20003ac8        -       0x00000084   Zero   RW         8423    .bss                usbh_usr.o
    0x20003b4c        -       0x00000200   Zero   RW         9132    .bss                usbh_stdreq.o
    0x20003d4c        -       0x00000040   Zero   RW         9226    .bss                usbh_msc_bot.o
    0x20003d8c        -       0x0000020a   Zero   RW         9278    .bss                usbh_msc_core.o
    0x20003f96   COMPRESSED   0x00000002   PAD
    0x20003f98        -       0x00000210   Zero   RW         9340    .bss                usbh_msc_scsi.o
    0x200041a8        -       0x00004000   Zero   RW            1    STACK               startup_stm32f429_439xx.o


==============================================================================

Image component sizes


      Code (inc. data)   RO Data    RW Data    ZI Data      Debug   Object Name

       212          8          0          0          0       1272   ad7706.o
       204         20          0          8          0       2359   bsp_basic_tim.o
       330         20          0          0          0       3985   bsp_debug_usart.o
       170         10          0          0          0       1094   bsp_exti.o
      2884        204       6154         28          0      25604   bsp_lcd.o
       338         32          0          0          0       2358   bsp_rtc.o
      1196         30          0          0          0       3041   bsp_sdram.o
       984        148          0          4          0       7007   bsp_spi_flash.o
       128         16          0          4          0      29125   bsp_systick.o
       132         20     175304          0          0       2487   cc936.o
       244         14          0          0          0       2169   cpld.o
       324         28          0          0          0       5288   diskio.o
      6178         60         58          2         12      40658   ff.o
        56         10          0          0          0       1279   flash_eerom.o
        20          6      17512          8          0       2362   fonts.o
      2040        306          0          0          0      18192   gpio.o
       664         56          8          6          0       7839   keyboard.o
       148         40          0          0          0      18206   main.o
       144         24          0          0          0       2349   misc.o
        32         10          0         48       4733      15411   pbdata.o
        36          8        428          0      16384        956   startup_stm32f429_439xx.o
       244         18          0          0          0       3264   stm32f4xx_dma2d.o
       148         16          0          0          0       2440   stm32f4xx_exti.o
       364         10          0          0          0       3859   stm32f4xx_fmc.o
       178          0          0          0          0       3851   stm32f4xx_gpio.o
      1358        166        512          8        163      67662   stm32f4xx_it.o
       390         24          0          0          0       4714   stm32f4xx_ltdc.o
        12          6          0          0          0        574   stm32f4xx_pwr.o
       504         86          0         16          0      10846   stm32f4xx_rcc.o
      1118        100          0          0          0      13920   stm32f4xx_rtc.o
       102          0          0          0          0       3858   stm32f4xx_spi.o
        44          6          0          0          0        708   stm32f4xx_syscfg.o
       228         28          0          0          0       5381   stm32f4xx_tim.o
       304          8          0          0          0       5823   stm32f4xx_usart.o
       304         34          0         20          0     348553   system_stm32f4xx.o
     16830       1078     391688          5       8276      42386   test.o
       398         18          0          4          0       5900   usb_bsp.o
      1970         26          0          0          0      19255   usb_core.o
       160          0          0          0          0       5231   usb_hcd.o
      3702         16          0          0          0      10751   usb_hcd_int.o
      1554         42          0         18          0       9909   usbh_core.o
       246          0          0          0          0       4640   usbh_hcs.o
       336          0          0          0          0       5774   usbh_ioreq.o
       828         64          0         20         64       7357   usbh_msc_bot.o
       688         56          0         18        522       7169   usbh_msc_core.o
       988         72          0          1        528       7632   usbh_msc_scsi.o
       810         12          0          4        512      10601   usbh_stdreq.o
       100         24          0         73       1584      10633   usbh_usr.o
     19620       2458       2130         68         20     100669   user.o

    ----------------------------------------------------------------------
     70066       5438     593828        380      32804     916401   Object Totals
         0          0         32          0          0          0   (incl. Generated)
        74          0          2         17          6          0   (incl. Padding)

    ----------------------------------------------------------------------

      Code (inc. data)   RO Data    RW Data    ZI Data      Debug   Library Member Name

       164         44          0          0          0        620   dunder.o
        24          0          0          0          0        124   fabs.o
        48          0          0          0          0        124   fpclassify.o
       248          0          0          0          0        152   poly.o
      3152        296        136          0          0        352   pow.o
         0          0          8          0          0          0   qnan.o
       110          0          0          0          0        148   sqrt.o
        86          0          0          0          0          0   __dczerorl2.o
         0          0          0          0          0          0   entry.o
         0          0          0          0          0          0   entry10a.o
         0          0          0          0          0          0   entry11a.o
         8          4          0          0          0          0   entry2.o
         4          0          0          0          0          0   entry5.o
         0          0          0          0          0          0   entry7b.o
         0          0          0          0          0          0   entry8b.o
         8          4          0          0          0          0   entry9a.o
        12          6          0          4          0         68   errno.o
        30          0          0          0          0          0   handlers.o
        36          8          0          0          0         68   init.o
         0          0          0          0          0          0   iusefp.o
        30          0          0          0          0         68   llshl.o
        36          0          0          0          0         68   llsshr.o
        32          0          0          0          0         68   llushr.o
        36          0          0          0          0         68   memcpya.o
        36          0          0          0          0        108   memseta.o
       916         20          0          0          0        504   printf6.o
         0          0          0          4          0          0   stdout.o
        24          0          0          0          0         68   strcat.o
        28          0          0          0          0         76   strcmp.o
        18          0          0          0          0         68   strcpy.o
        44          0          0          0          0         80   uidiv.o
        48          0          0          0          0         68   cdrcmple.o
        56          0          0          0          0         88   d2f.o
       334          0          0          0          0        148   dadd.o
       222          0          0          0          0        100   ddiv.o
       186          0          0          0          0        176   depilogue.o
        34          0          0          0          0         76   dflti.o
        26          0          0          0          0         76   dfltui.o
       228          0          0          0          0         96   dmul.o
        46          0          0          0          0         80   dscalb.o
       162          0          0          0          0        100   dsqrt.o
        38          0          0          0          0         68   f2d.o
       110          0          0          0          0        168   fepilogue.o

    ----------------------------------------------------------------------
      6634        382        144          8          0       4076   Library Totals
        14          0          0          0          0          0   (incl. Padding)

    ----------------------------------------------------------------------

      Code (inc. data)   RO Data    RW Data    ZI Data      Debug   Library Name

      3746        340        144          0          0       1520   m_wm.l
      1384         42          0          8          0       1312   mc_w.l
      1490          0          0          0          0       1244   mf_w.l

    ----------------------------------------------------------------------
      6634        382        144          8          0       4076   Library Totals

    ----------------------------------------------------------------------

==============================================================================


      Code (inc. data)   RO Data    RW Data    ZI Data      Debug   

     76700       5820     593972        388      32804     873109   Grand Totals
     76700       5820     593972        160      32804     873109   ELF Image Totals (compressed)
     76700       5820     593972        160          0          0   ROM Totals

==============================================================================

    Total RO  Size (Code + RO Data)               670672 ( 654.95kB)
    Total RW  Size (RW Data + ZI Data)             33192 (  32.41kB)
    Total ROM Size (Code + RO Data + RW Data)     670832 ( 655.11kB)

==============================================================================

